06-24 11:05:17.872  1036  1036 D ActivityAllAppsContainerView: rebindAdapters: Not needed.
06-24 11:05:17.873  1036  1036 D StatsLog: LAUNCHER_ALLAPPS_COUNT
06-24 11:05:17.876  1102  1102 V InlineSuggestionRenderService: handleDestroySuggestionViews called for 0:1324092242
06-24 11:05:17.880  2008  2008 I ProactiveUndoTriggerExtension: ProactiveUndoTriggerExtension.eventConsumer$lambda$0():125 kyp{intention=DECODE, keyCode=37, I, data=i}
06-24 11:05:17.891  1036  1036 D AlphabeticalAppsList: Clearing FastScrollerSections.
06-24 11:05:17.892  1036  1036 D AlphabeticalAppsList: Adding apps with sections. HasPrivateApps: false
06-24 11:05:17.892  1036  1036 D AlphabeticalAppsList: addAppsWithSections: adding sectionName: B with appInfoTitle: Basic Espresso sample
06-24 11:05:17.892  1036  1036 D AlphabeticalAppsList: addAppsWithSections: adding sectionName: C with appInfoTitle: Calendar
06-24 11:05:17.892  1036  1036 D AlphabeticalAppsList: addAppsWithSections: adding sectionName: D with appInfoTitle: Drive
06-24 11:05:17.892  1036  1036 D AlphabeticalAppsList: addAppsWithSections: adding sectionName: F with appInfoTitle: Files
06-24 11:05:17.892  1036  1036 D AlphabeticalAppsList: addAppsWithSections: adding sectionName: G with appInfoTitle: Gmail
06-24 11:05:17.892  1036  1036 D AlphabeticalAppsList: addAppsWithSections: adding sectionName: M with appInfoTitle: Maps
06-24 11:05:17.893  1036  1036 D AlphabeticalAppsList: addAppsWithSections: adding sectionName: P with appInfoTitle: Phone
06-24 11:05:17.893  1036  1036 D AlphabeticalAppsList: addAppsWithSections: adding sectionName: S with appInfoTitle: Safety
06-24 11:05:17.893  1036  1036 D AlphabeticalAppsList: addAppsWithSections: adding sectionName: T with appInfoTitle: TMoble
06-24 11:05:17.893  1036  1036 D AlphabeticalAppsList: addAppsWithSections: adding sectionName: Y with appInfoTitle: YouTube
06-24 11:05:17.893  1036  1036 D AlphabeticalAppsList: Adding FastScrollSection duplicate to scroll to the bottom.
06-24 11:05:17.895  1036  1036 D AlphabeticalAppsList: Clearing FastScrollerSections.
06-24 11:05:17.895  1036  1036 D AlphabeticalAppsList: Adding apps with sections. HasPrivateApps: false
06-24 11:05:17.895  1036  1036 D AlphabeticalAppsList: addAppsWithSections: adding sectionName: B with appInfoTitle: Basic Espresso sample
06-24 11:05:17.895  1036  1036 D AlphabeticalAppsList: addAppsWithSections: adding sectionName: C with appInfoTitle: Calendar
06-24 11:05:17.895  1036  1036 D AlphabeticalAppsList: addAppsWithSections: adding sectionName: D with appInfoTitle: Drive
06-24 11:05:17.895  1036  1036 D AlphabeticalAppsList: addAppsWithSections: adding sectionName: F with appInfoTitle: Files
06-24 11:05:17.895  1036  1036 D AlphabeticalAppsList: addAppsWithSections: adding sectionName: G with appInfoTitle: Gmail
06-24 11:05:17.895  1036  1036 D AlphabeticalAppsList: addAppsWithSections: adding sectionName: M with appInfoTitle: Maps
06-24 11:05:17.895  1036  1036 D AlphabeticalAppsList: addAppsWithSections: adding sectionName: P with appInfoTitle: Phone
06-24 11:05:17.895  1036  1036 D AlphabeticalAppsList: addAppsWithSections: adding sectionName: S with appInfoTitle: Safety
06-24 11:05:17.895  1036  1036 D AlphabeticalAppsList: addAppsWithSections: adding sectionName: T with appInfoTitle: TMoble
06-24 11:05:17.895  1036  1036 D AlphabeticalAppsList: addAppsWithSections: adding sectionName: Y with appInfoTitle: YouTube
06-24 11:05:17.895  1036  1036 D AlphabeticalAppsList: Adding FastScrollSection duplicate to scroll to the bottom.
06-24 11:05:17.918  2008  2008 I ProactiveUndoTriggerExtension: ProactiveUndoTriggerExtension.eventConsumer$lambda$0():125 kyp{intention=DECODE, keyCode=42, N, data=n}
06-24 11:05:17.973  2008  2008 I ProactiveUndoTriggerExtension: ProactiveUndoTriggerExtension.eventConsumer$lambda$0():125 kyp{intention=DECODE, keyCode=42, N, data=n}
06-24 11:05:17.982  6574  6574 I ViewInteraction: Performing 'close keyboard' action on view view.getId() is <2131230870/com.example.loginapp:id/editUsername>
06-24 11:05:17.984  6574  6574 D IdlingRegistry: Registering idling resources: [androidx.test.espresso.action.CloseKeyboardAction$CloseKeyboardIdlingResult@a3796c2]
06-24 11:05:17.986  6574  6574 I ImeTracker: com.example.loginapp:e4714c23: onRequestHide at ORIGIN_CLIENT reason HIDE_SOFT_INPUT fromUser false
06-24 11:05:17.990  6574  6574 D InsetsController: hide(ime(), fromIme=false)
06-24 11:05:17.991  6574  6574 W WindowOnBackDispatcher: sendCancelIfRunning: isInProgress=false callback=android.view.ImeBackAnimationController@821ec9d
06-24 11:05:18.014  2767  2971 D SatelliteController: iisInCarrierRoamingNbIotNtn: satellite is disabled
06-24 11:05:18.040  2008  2683 I native  : I0000 00:00:1750755918.035663    2683 input-context-store.cc:268] Ignoring stale client request for FetchSuggestions
06-24 11:05:18.055  2008  2683 I Delight5Decoder: Delight5DecoderWrapper.setKeyboardLayout():521 setKeyboardLayout()
06-24 11:05:18.062  2008  2008 W InputContextProxy: InputContextProxy.applyClientDiffInternal():957 Ignore [FetchSuggestions] diff due to stale request: 34<43, inputStateId=16, lastInputStateId=16
06-24 11:05:18.063  2008  2683 I Delight5Decoder: Delight5DecoderWrapper.setKeyboardLayout():521 setKeyboardLayout()
06-24 11:05:18.097  2864  3686 I NearbyDiscovery: FastPair: isDestroyable: Scanner is alive. [CONTEXT service_id=265 ]
06-24 11:05:18.107  2864  3686 I NearbyDiscovery: DiscoveryService: Skip stopSelf(), fast pair controller is not destroyable. [CONTEXT service_id=265 ]
06-24 11:05:18.163  4644  4644 I AiAiEcho: SearchContextManagerImpl::setSearchContext resultTypes=[139867] extras=[Bundle[{launcher.maxInlineIcons=3, dynamic_ranking_m3_enabled=true, qs_tiles_asi_enabled=true, allowlist_enabled=false, one_search_enabled=true, system_clock=true, version_code=12, gms_play_query_lower_bound=2, gms_play_query_upper_bound=20, recent_search_block_enabled=true, gms_play_feature_supported=true, launcher.gridSize=4, showhiddentargets_enabled=false, ose_info=1}]] sessionId=[com.google.android.apps.nexuslauncher:ab3487ae-23a1-43e9-9788-993ba660537a,0]
06-24 11:05:18.204  4006  4559 W WellbeingSettingsProvid: <DWB> Call failed: get_actions
06-24 11:05:18.204  4006  4559 W WellbeingSettingsProvid: java.util.concurrent.TimeoutException: Waited 5000 milliseconds (plus 17 milliseconds, 654336 nanoseconds delay) for lqt@d9f35ea[status=PENDING, info=[inputFuture=[lqs@c3370db[status=PENDING, setFuture=[lqa@2abf778[status=PENDING, info=[inputFuture=[lqt@76f1e51[status=PENDING, info=[inputFuture=[lqt@932c6b6[status=PENDING, info=[inputFuture=[lrn@9ee3fb7[status=PENDING, info=[futures=[lqt@651324[status=PENDING, info=[inputFuture=[lqt@8b64e8d[status=PENDING, info=[inputFuture=[lsm@f9c9842[status=PENDING, info=[delegate=[ltr@11d2053[status=PENDING, info=[task=[running=[NOT STARTED YET], propagating=[bxz@c723d90]]]]]]]], function=[propagating=[bxj@8c64689]]]]], function=[propagating=[dfl@cdff68e]]]]]]]], function=[propagating=[cxt@84f6eaf]]]]], function=[propagating=[buz@7e5a2bc]]]]], exceptionType=[class java.lang.Throwable], fallback=[propagating=[bxy@dc3c245]]]]]]], function=[propagating=[buz@7e8ed9a]]]]
06-24 11:05:18.204  4006  4559 W WellbeingSettingsProvid: 	at lqq.get(PG:52)
06-24 11:05:18.204  4006  4559 W WellbeingSettingsProvid: 	at lse.get(PG:2)
06-24 11:05:18.204  4006  4559 W WellbeingSettingsProvid: 	at com.google.android.apps.wellbeing.api.impl.WellbeingSettingsProvider.i(PG:9)
06-24 11:05:18.204  4006  4559 W WellbeingSettingsProvid: 	at com.google.android.apps.wellbeing.api.impl.WellbeingSettingsProvider.call(PG:154)
06-24 11:05:18.204  4006  4559 W WellbeingSettingsProvid: 	at android.content.ContentProvider.call(ContentProvider.java:2709)
06-24 11:05:18.204  4006  4559 W WellbeingSettingsProvid: 	at android.content.ContentProvider$Transport.call(ContentProvider.java:638)
06-24 11:05:18.204  4006  4559 W WellbeingSettingsProvid: 	at android.content.ContentProviderNative.onTransact(ContentProviderNative.java:307)
06-24 11:05:18.204  4006  4559 W WellbeingSettingsProvid: 	at android.os.Binder.execTransactInternal(Binder.java:1421)
06-24 11:05:18.204  4006  4559 W WellbeingSettingsProvid: 	at android.os.Binder.execTransact(Binder.java:1365)
06-24 11:05:18.223   629  2081 I ImeTracker: system_server:e39feacd: onRequestHide at ORIGIN_SERVER reason IME_REQUESTED_CHANGED_LISTENER fromUser false
06-24 11:05:18.228  6574  6579 I xample.loginapp: Background concurrent mark compact GC freed 4432KB AllocSpace bytes, 4(144KB) LOS objects, 49% free, 3461KB/6922KB, paused 32.052ms,4.413ms total 1.278s
06-24 11:05:18.233  1036  1040 W s.nexuslauncher: Suspending all threads took: 307.264ms
06-24 11:05:18.257  2008  2008 I GoogleInputMethodService: GoogleInputMethodService.onFinishInputView():1524
06-24 11:05:18.259  2008  2008 I GlobeKeyExtension: GlobeKeyExtension.onDeactivate():104
06-24 11:05:18.262   629   686 I ImeTracker: system_server:8f2d898d: onRequestShow at ORIGIN_SERVER reason CONTROLS_CHANGED fromUser false
06-24 11:05:18.266  6574  6574 I ImeTracker: system_server:8f2d898d: onCancelled at PHASE_CLIENT_ON_CONTROLS_CHANGED
06-24 11:05:18.271  2008  2008 I VoiceInputManagerWrapper: VoiceInputManagerWrapper.shutdown():122 shutdown()
06-24 11:05:18.271  2008  2008 W ExtensionWrapper: ExtensionWrapper.setAllowUpdateNavigationBarStyle():810 class iio is not activate
06-24 11:05:18.272  2008  2008 W ExtensionWrapper: ExtensionWrapper.setAllowUpdateNavigationBarStyle():810 class iio is not activate
06-24 11:05:18.273  2008  2008 W TooltipLifecycleManager: TooltipLifecycleManager.dismissTooltips():154 Tooltip with id spell_check_add_to_dictionary not found in tooltipManager.
06-24 11:05:18.286  2008  2008 I InputBundle: InputBundle.consumeEvent():949 Skip consuming an event as keyboard status is 0
06-24 11:05:18.290  2008  2008 I AndroidIME: AbstractIme.onDeactivate():203 LatinIme.onDeactivate()
06-24 11:05:18.294  6574  6574 D IdlingRegistry: Unregistering idling resources: [androidx.test.espresso.action.CloseKeyboardAction$CloseKeyboardIdlingResult@a3796c2]
06-24 11:05:18.299  6574  6574 I ViewInteraction: Performing 'type text(admin)' action on view view.getId() is <2131230869/com.example.loginapp:id/editPassword>
06-24 11:05:18.304  2008  2008 I ImeTracker: system_server:e39feacd: onHidden
06-24 11:05:18.346  6474  6624 W acut    : (REDACTED) [%s] response code: %d
06-24 11:05:18.359  1036  1067 W s.nexuslauncher: Weak pointer dereference blocked for 65 milliseconds.
06-24 11:05:18.359  1036  1067 D SearchTargetUtil: queryLength=0 size=1
06-24 11:05:18.360  1036  1067 D SearchTargetUtil: layoutType=icon_row resultType=4096 packageName=
06-24 11:05:18.365  1036  2016 W s.nexuslauncher: Weak pointer dereference blocked for 73 milliseconds.
06-24 11:05:18.365  1036  2016 I s.nexuslauncher: AssetManager2(0xb400006fba64f438) locale list changing from [] to [en-US]
06-24 11:05:18.371  1036  1036 W s.nexuslauncher: Weak pointer dereference blocked for 27 milliseconds.
06-24 11:05:18.380  6574  6574 I AutofillManager: showAutofillDialog() return false due to improve fill dialog
06-24 11:05:18.381  6574  6574 I ImeTracker: com.example.loginapp:55dde220: onRequestShow at ORIGIN_CLIENT reason SHOW_SOFT_INPUT fromUser true
06-24 11:05:18.381  6574  6574 D InsetsController: show(ime(), fromIme=false)
06-24 11:05:18.391  2008  2008 I GoogleInputMethodService: GoogleInputMethodService.onFinishInput():2043
06-24 11:05:18.404  6574  6574 W RemoteInputConnectionImpl: requestCursorUpdates on inactive InputConnection
06-24 11:05:18.406  2008  2008 I Module  : DeviceLockedStatusModuleProvider$Module.updateDeviceLockedStatus():100 repeatCheckTimes = 0, locked = false
06-24 11:05:18.406  2008  2008 I GoogleInputMethodService: GoogleInputMethodService.onStartInput():1293 onStartInput(EditorInfo{EditorInfo{packageName=com.example.loginapp, inputType=81, inputTypeString=Password[], enableLearning=false, autoCorrection=false, autoComplete=true, imeOptions=4000006, privateImeOptions=null, actionName=DONE, actionLabel=null, initialSelStart=0, initialSelEnd=0, initialCapsMode=0, label=null, fieldId=2131230869, fieldName=null, extras=Bundle[mParcelledData.dataSize=404], hintText=non-empty, hintLocales=[]}}, false)
06-24 11:05:18.420  2008  2008 I HardKeyTracker: HardKeyTracker.unregisterKeySequence():182 Unregister key sequence lsr{labelResId=0, callback=fjq@173f896, lastModifier=0, keyCodes=[57, 57], actions=[1, 0]}
06-24 11:05:18.421  2008  2008 I HardKeyTracker: HardKeyTracker.unregisterKeySequence():182 Unregister key sequence lsr{labelResId=0, callback=fjq@9cf11ed, lastModifier=0, keyCodes=[58, 58], actions=[1, 0]}
06-24 11:05:18.422  2008  2008 I Module  : DeviceLockedStatusModuleProvider$Module.updateDeviceLockedStatus():100 repeatCheckTimes = 1, locked = false
06-24 11:05:18.424  2008  2008 I StylusModule: StylusModule.onUpdateToolType():801 Update tool type = 2
06-24 11:05:18.424   629   686 I ImeTracker: system_server:a40ab0a: onRequestShow at ORIGIN_SERVER reason CONTROLS_CHANGED fromUser false
06-24 11:05:18.430  6574  6574 I ImeTracker: system_server:a40ab0a: onCancelled at PHASE_CLIENT_ON_CONTROLS_CHANGED
06-24 11:05:18.432  2008  2008 I AbstractOpenableExtension: AbstractOpenableExtension.createKeyboardGroupManagerListenableFuture():121 Create keyboard group manager listenable future in eay
06-24 11:05:18.437  2008  2008 I GoogleInputMethodService: GoogleInputMethodService.onStartInputView():1392 onStartInputView(EditorInfo{EditorInfo{packageName=com.example.loginapp, inputType=81, inputTypeString=Password[], enableLearning=false, autoCorrection=false, autoComplete=true, imeOptions=4000006, privateImeOptions=null, actionName=DONE, actionLabel=null, initialSelStart=0, initialSelEnd=0, initialCapsMode=0, label=null, fieldId=2131230869, fieldName=null, extras=Bundle[{android.support.text.emoji.emojiCompat_metadataVersion=10, androidx.core.view.inputmethod.EditorInfoCompat.STYLUS_HANDWRITING_ENABLED=false, android.support.text.emoji.emojiCompat_replaceAll=false}], hintText=non-empty, hintLocales=[]}}, false)
06-24 11:05:18.438  2008  2008 I KeyboardHeightUtil: KeyboardHeightUtil.getOemKeyboardHeightRatio():161 systemKeyboardHeightRatio:1.000000.
06-24 11:05:18.441  2008  2008 I AndroidIME: InputBundleManager.loadActiveInputBundleId():483 loadActiveInputBundleId: und-Latn-x-password, password
06-24 11:05:18.442  2008  2008 I AndroidIME: AbstractIme.onActivate():90 PasswordIme.onActivate() : EditorInfo = EditorInfo{packageName=com.example.loginapp, inputType=81, inputTypeString=Password[], enableLearning=false, autoCorrection=false, autoComplete=true, imeOptions=4000006, privateImeOptions=null, actionName=DONE, actionLabel=null, initialSelStart=0, initialSelEnd=0, initialCapsMode=0, label=null, fieldId=2131230869, fieldName=null, extras=Bundle[{android.support.text.emoji.emojiCompat_metadataVersion=10, androidx.core.view.inputmethod.EditorInfoCompat.STYLUS_HANDWRITING_ENABLED=false, android.support.text.emoji.emojiCompat_replaceAll=false}], hintText=non-empty, hintLocales=[]}, IncognitoMode = false, DeviceLocked = false
06-24 11:05:18.443  2008  2008 I KeyboardWrapper: KeyboardWrapper.activateKeyboard():562 activateKeyboard(): type=accessory, status=0, imeDef=kyj{stringId=password, language=und-Latn-x-password, languageTag=und-Latn-x-password, processedConditions={variant=qwerty, enable_access_points_in_password_number=false, enable_number_row=false, device=phone}, className=com.google.android.libraries.inputmethod.ime.password.PasswordIme, label=2132019061, keyEventInterpreter=null, inlineComposing=true, autoCapital=true, announceAutoSelectedCandidate=true, statusIcon=0, primeKeyboardType=SOFT, indicatorIcon=0, indicatorLabel=null, displayAppCompletions=false, extraValues=kyb{}, processors=lac@2e3f105, unacceptableMetaKeys=4098, languageSpecificSettings=0, asciiCapable=false, alwaysShowSuggestions=false, useAsciiPasswordKeyboard=false, secondaryIme=null, keyboardGroupDef=kzl@d5b555a, phenotypeFlagId=0, localizationLanguageTag=null, supportsInlineSuggestion=false}
06-24 11:05:18.445  2008  2008 I KeyboardManager: KeyboardManager.requestKeyboard():248 Creating keyboard accessory, imeId=password, cacheKey=theme_!gsf_!pgsans_!pgsf_!use_system_font_BORDER=true_FLAVOR_DPI=XXHDPI_KEYBOARD_WIDTH_CATEGORY=NORMAL_LIGHT_THEME=true_PHYSICAL_DIAGONAL=6.2662034_SCREEN_SHORTEST_WIDTH=411_SCREEN_SHORTEST_WIDTH_NO_SCALE=411_bottom4dp_enable_google_fonts_icons=true_enable_popup_on_keypress=true_keyboard_redesign_google_sans=true_noshadow_overlay_builtin_dynamic_color_light_base.binarypb:gm3-light-fffaf8ff-ff495d92-82b625f90d810779661adb8ce93b5ac5_silkpopup_unify_function_key_color=true
06-24 11:05:18.447  2008  2008 I KeyboardWrapper: KeyboardWrapper.onKeyboardReady():212 onKeyboardReady(): type=prime(accessory), kb=com.google.android.libraries.inputmethod.keyboard.impl.Keyboard@1055108
06-24 11:05:18.448  2008  2008 I KeyboardWrapper: KeyboardWrapper.doActivateKeyboard():589 doActivateKeyboard(): accessory
06-24 11:05:18.450  2008  2008 W Keyboard: Keyboard.getKeyboardViewHelper():597 null helper is returned: keyboardDef=kze{processedConditions={}, globalConditions={}, className=com.google.android.libraries.inputmethod.keyboard.impl.Keyboard, resourceIds=[#0x7f170045], initialStates=0, keyboardViewDefs=[], persistentStates=0, persistentStatesPrefKey=null, popupBubbleLayoutId=0, recentKeyLayoutId=0, recentKeyPopupLayoutId=0, recentKeyType=null, rememberRecentKey=NONE, sessionStates=0}, type=HEADER, helpersCreated=[null, null, null, null], context.getResources().getConfiguration(): {1.0 310mcc260mnc [en_US] ldltr sw411dp w411dp h914dp 420dpi nrml long port finger qwerty/v/v dpad/v winConfig={ mBounds=Rect(0, 0 - 1080, 2400) mAppBounds=Rect(0, 0 - 1080, 2400) mMaxBounds=Rect(0, 0 - 1080, 2400) mDisplayRotation=ROTATION_0 mWindowingMode=fullscreen mActivityType=undefined mAlwaysOnTop=undefined mRotation=ROTATION_0} s.9 fontWeightAdjustment=0}
06-24 11:05:18.453  2008  2008 W Keyboard: Keyboard.getKeyboardViewHelper():597 null helper is returned: keyboardDef=kze{processedConditions={}, globalConditions={}, className=com.google.android.libraries.inputmethod.keyboard.impl.Keyboard, resourceIds=[#0x7f170045], initialStates=0, keyboardViewDefs=[], persistentStates=0, persistentStatesPrefKey=null, popupBubbleLayoutId=0, recentKeyLayoutId=0, recentKeyPopupLayoutId=0, recentKeyType=null, rememberRecentKey=NONE, sessionStates=0}, type=BODY, helpersCreated=[null, null, null, null], context.getResources().getConfiguration(): {1.0 310mcc260mnc [en_US] ldltr sw411dp w411dp h914dp 420dpi nrml long port finger qwerty/v/v dpad/v winConfig={ mBounds=Rect(0, 0 - 1080, 2400) mAppBounds=Rect(0, 0 - 1080, 2400) mMaxBounds=Rect(0, 0 - 1080, 2400) mDisplayRotation=ROTATION_0 mWindowingMode=fullscreen mActivityType=undefined mAlwaysOnTop=undefined mRotation=ROTATION_0} s.9 fontWeightAdjustment=0}
06-24 11:05:18.453  2008  2008 I GlobeKeyExtension: GlobeKeyExtension.getKeyboardInitialStates():131
06-24 11:05:18.454  2008  2008 W Keyboard: Keyboard.getKeyboardViewHelper():597 null helper is returned: keyboardDef=kze{processedConditions={}, globalConditions={}, className=com.google.android.libraries.inputmethod.keyboard.impl.Keyboard, resourceIds=[#0x7f170045], initialStates=0, keyboardViewDefs=[], persistentStates=0, persistentStatesPrefKey=null, popupBubbleLayoutId=0, recentKeyLayoutId=0, recentKeyPopupLayoutId=0, recentKeyType=null, rememberRecentKey=NONE, sessionStates=0}, type=HEADER, helpersCreated=[null, null, null, null], context.getResources().getConfiguration(): {1.0 310mcc260mnc [en_US] ldltr sw411dp w411dp h914dp 420dpi nrml long port finger qwerty/v/v dpad/v winConfig={ mBounds=Rect(0, 0 - 1080, 2400) mAppBounds=Rect(0, 0 - 1080, 2400) mMaxBounds=Rect(0, 0 - 1080, 2400) mDisplayRotation=ROTATION_0 mWindowingMode=fullscreen mActivityType=undefined mAlwaysOnTop=undefined mRotation=ROTATION_0} s.9 fontWeightAdjustment=0}
06-24 11:05:18.454  2008  2008 W Keyboard: Keyboard.getKeyboardViewHelper():597 null helper is returned: keyboardDef=kze{processedConditions={}, globalConditions={}, className=com.google.android.libraries.inputmethod.keyboard.impl.Keyboard, resourceIds=[#0x7f170045], initialStates=0, keyboardViewDefs=[], persistentStates=0, persistentStatesPrefKey=null, popupBubbleLayoutId=0, recentKeyLayoutId=0, recentKeyPopupLayoutId=0, recentKeyType=null, rememberRecentKey=NONE, sessionStates=0}, type=BODY, helpersCreated=[null, null, null, null], context.getResources().getConfiguration(): {1.0 310mcc260mnc [en_US] ldltr sw411dp w411dp h914dp 420dpi nrml long port finger qwerty/v/v dpad/v winConfig={ mBounds=Rect(0, 0 - 1080, 2400) mAppBounds=Rect(0, 0 - 1080, 2400) mMaxBounds=Rect(0, 0 - 1080, 2400) mDisplayRotation=ROTATION_0 mWindowingMode=fullscreen mActivityType=undefined mAlwaysOnTop=undefined mRotation=ROTATION_0} s.9 fontWeightAdjustment=0}
06-24 11:05:18.454  2008  2008 W Keyboard: Keyboard.getKeyboardViewHelper():597 null helper is returned: keyboardDef=kze{processedConditions={}, globalConditions={}, className=com.google.android.libraries.inputmethod.keyboard.impl.Keyboard, resourceIds=[#0x7f170045], initialStates=0, keyboardViewDefs=[], persistentStates=0, persistentStatesPrefKey=null, popupBubbleLayoutId=0, recentKeyLayoutId=0, recentKeyPopupLayoutId=0, recentKeyType=null, rememberRecentKey=NONE, sessionStates=0}, type=FLOATING_CANDIDATES, helpersCreated=[null, null, null, null], context.getResources().getConfiguration(): {1.0 310mcc260mnc [en_US] ldltr sw411dp w411dp h914dp 420dpi nrml long port finger qwerty/v/v dpad/v winConfig={ mBounds=Rect(0, 0 - 1080, 2400) mAppBounds=Rect(0, 0 - 1080, 2400) mMaxBounds=Rect(0, 0 - 1080, 2400) mDisplayRotation=ROTATION_0 mWindowingMode=fullscreen mActivityType=undefined mAlwaysOnTop=undefined mRotation=ROTATION_0} s.9 fontWeightAdjustment=0}
06-24 11:05:18.454  2008  2008 W Keyboard: Keyboard.getKeyboardViewHelper():597 null helper is returned: keyboardDef=kze{processedConditions={}, globalConditions={}, className=com.google.android.libraries.inputmethod.keyboard.impl.Keyboard, resourceIds=[#0x7f170045], initialStates=0, keyboardViewDefs=[], persistentStates=0, persistentStatesPrefKey=null, popupBubbleLayoutId=0, recentKeyLayoutId=0, recentKeyPopupLayoutId=0, recentKeyType=null, rememberRecentKey=NONE, sessionStates=0}, type=WIDGET, helpersCreated=[null, null, null, null], context.getResources().getConfiguration(): {1.0 310mcc260mnc [en_US] ldltr sw411dp w411dp h914dp 420dpi nrml long port finger qwerty/v/v dpad/v winConfig={ mBounds=Rect(0, 0 - 1080, 2400) mAppBounds=Rect(0, 0 - 1080, 2400) mMaxBounds=Rect(0, 0 - 1080, 2400) mDisplayRotation=ROTATION_0 mWindowingMode=fullscreen mActivityType=undefined mAlwaysOnTop=undefined mRotation=ROTATION_0} s.9 fontWeightAdjustment=0}
06-24 11:05:18.455  2008  2008 I AndroidIME: InputBundleManager.startInput():361 startInput() with kzp[keyboardType=accessory, payload=null]
06-24 11:05:18.455  2008  2008 I GlobeKeyExtension: GlobeKeyExtension.onActivate():70
06-24 11:05:18.457  2008  2008 W AutoPasteSuggestionHelper: AutoPasteSuggestionHelper.setMaxWidthOfChipTextView():1004 Failed to get the width of the proactive suggestion view holder in HEADER.
06-24 11:05:18.458  2008  2008 W AutoPasteSuggestionHelper: AutoPasteSuggestionHelper.setMaxWidthOfChipTextView():1004 Failed to get the width of the proactive suggestion view holder in HEADER.
06-24 11:05:18.477  2008  2008 W AutoPasteSuggestionHelper: AutoPasteSuggestionHelper.setMaxWidthOfChipTextView():1004 Failed to get the width of the proactive suggestion view holder in WIDGET.
06-24 11:05:18.479  2008  2008 I ProactiveSuggestionsHolderManager: ProactiveSuggestionsHolderManager$2.display():216 Requesting to show proactive suggestions: CLIPBOARD PREEMPTIVE_WITH_SUPPRESSION in HEADER
06-24 11:05:18.479  2008  2008 I ProactiveSuggestionsHolderManager: ProactiveSuggestionsHolderManager$2.display():216 Requesting to show proactive suggestions: CLIPBOARD PREEMPTIVE_WITH_SUPPRESSION in FLOATING_CANDIDATES
06-24 11:05:18.479  2008  2008 I ProactiveSuggestionsHolderManager: ProactiveSuggestionsHolderManager$2.display():216 Requesting to show proactive suggestions: CLIPBOARD PREEMPTIVE_WITH_SUPPRESSION in WIDGET
06-24 11:05:18.480  2008  6709 I KeyboardGroupDefParser: KeyboardGroupDefParser.parseKeyboardGroupDef():86 parseKeyboardGroupDef() 2132214031 -> 0_resource_name_obfuscated : WaitTime = 12 ms : RunTime = 1 ms
06-24 11:05:18.538  2008  2008 I CrowdsourceExtension: CrowdsourceExtension.checkIfDefaultBrowserIsAllowed():109 Failed to get default browser. The default browser may be deactivated.
06-24 11:05:18.539  2008  2008 I NewLanguagePromptExtension: NewLanguagePromptExtension.onActivate():186 Not activated NewLanguagePromptExtension: not a normal text input box.
06-24 11:05:18.540  2008  2008 I HardKeyTracker: HardKeyTracker.unregisterKeySequence():182 Unregister key sequence lsr{labelResId=2132020165, callback=cbb@a36bc47, lastModifier=2, keyCodes=[56], actions=[0]}
06-24 11:05:18.540  2008  2008 I HardKeyTracker: HardKeyTracker.unregisterKeySequence():182 Unregister key sequence lsr{labelResId=2132020165, callback=cbb@a66a12, lastModifier=0, keyCodes=[317], actions=[0]}
06-24 11:05:18.540  2008  2008 I HardKeyTracker: HardKeyTracker.registerKeySequence():138 Register key sequence lsr{labelResId=2132020165, callback=cbb@e1578f9, lastModifier=2, keyCodes=[56], actions=[0]}
06-24 11:05:18.540  2008  2008 I HardKeyTracker: HardKeyTracker.registerKeySequence():138 Register key sequence lsr{labelResId=2132020165, callback=cbb@29e8bec, lastModifier=0, keyCodes=[317], actions=[0]}
06-24 11:05:18.540  2008  2008 I VoiceInputManagerWrapper: VoiceInputManagerWrapper.cancelShutdown():100 cancelShutdown()
06-24 11:05:18.540  2008  2008 I VoiceInputManagerWrapper: VoiceInputManagerWrapper.syncLanguagePacks():112 syncLanguagePacks()
06-24 11:05:18.550  2008  2008 I VoiceInputManager: VoiceInputManager.onKeyboardActivated():1023 onKeyboardActivated() [UD]
06-24 11:05:18.551  2008  2008 I AccessoryInputModeManager: AccessoryInputModeManager.onModeStarted():322 Accessory input mode started: null
06-24 11:05:18.552  2008  2008 I KeyboardWrapper: KeyboardWrapper.switchToKeyboard():649 switchToKeyboard(): type=prime, status=1
06-24 11:05:18.552  2008  2008 I KeyboardManager: KeyboardManager.requestKeyboard():248 Creating keyboard prime, imeId=password, cacheKey=theme_!gsf_!pgsans_!pgsf_!use_system_font_BORDER=true_FLAVOR_DPI=XXHDPI_KEYBOARD_WIDTH_CATEGORY=NORMAL_LIGHT_THEME=true_PHYSICAL_DIAGONAL=6.2662034_SCREEN_SHORTEST_WIDTH=411_SCREEN_SHORTEST_WIDTH_NO_SCALE=411_bottom4dp_enable_google_fonts_icons=true_enable_popup_on_keypress=true_keyboard_redesign_google_sans=true_noshadow_overlay_builtin_dynamic_color_light_base.binarypb:gm3-light-fffaf8ff-ff495d92-82b625f90d810779661adb8ce93b5ac5_silkpopup_unify_function_key_color=true
06-24 11:05:18.552  2008  2008 I KeyboardWrapper: KeyboardWrapper.onKeyboardReady():212 onKeyboardReady(): type=accessory(prime), kb=com.google.android.apps.inputmethod.latin.keyboard.LatinPasswordKeyboard@9278466
06-24 11:05:18.552  2008  2008 I VoiceInputManager: VoiceInputManager.onKeyboardActivated():1023 onKeyboardActivated() [UD]
06-24 11:05:18.552  2008  2008 I KeyboardWrapper: KeyboardWrapper.doActivateKeyboard():589 doActivateKeyboard(): prime
06-24 11:05:18.553  2008  2008 I GoogleInputMethodService: GoogleInputMethodService$1.onKeyboardViewShown():312 onKeyboardViewShown: keyboardType=accessory, keyboardViewType=HEADER keyboardView=null
06-24 11:05:18.567  2008  2008 I KeyboardViewHelper: KeyboardViewHelper.getView():178 Get view with height ratio:1.000000
06-24 11:05:18.587  2008  2008 I KeyboardHeightUtil: KeyboardHeightUtil.calculateMaxKeyboardBodyHeight():46 leave 281 height for app when ime window height:2274, header height:116 and isFullscreenMode:false, so the max keyboard body height is:1877
06-24 11:05:18.588  2008  2008 I SoftKeyboardView: SoftKeyboardView.setMaxHeight():1089 Set max keyboard height:1877.
06-24 11:05:18.589  2008  2008 I GoogleInputMethodService: GoogleInputMethodService$1.onKeyboardViewShown():312 onKeyboardViewShown: keyboardType=accessory, keyboardViewType=BODY keyboardView=null
06-24 11:05:18.591  2008  2008 I GlobeKeyExtension: GlobeKeyExtension.getKeyboardInitialStates():131
06-24 11:05:18.595  2008  2008 W Keyboard: Keyboard.getKeyboardViewHelper():597 null helper is returned: keyboardDef=kze{processedConditions={enable_more_candidates_view_for_multilingual=false, layout_9key_split=false, enable_secondary_symbols=false, language=en-US, deprecate_long_press_space_for_ime_picker=false, expressions=normal, enable_access_points_in_password_number=false, show_suggestions=true, enable_flick_symbols=false, variant=qwerty, device=phone, keyboard_mode=normal, show_secondary_digits=false, enable_preemptive_decode=true, rtl_layout=false}, globalConditions={global_theme_key=theme_!gsf_!pgsans_!pgsf_!use_system_font_BORDER=true_FLAVOR_DPI=XXHDPI_KEYBOARD_WIDTH_CATEGORY=NORMAL_LIGHT_THEME=true_PHYSICAL_DIAGONAL=6.2662034_SCREEN_SHORTEST_WIDTH=411_SCREEN_SHORTEST_WIDTH_NO_SCALE=411_bottom4dp_enable_google_fonts_icons=true_enable_popup_on_keypress=true_keyboard_redesign_google_sans=true_noshadow_overlay_builtin_dynamic_color_light_base.binarypb:gm3-light-fffaf8ff-ff495d92-82b625f90d810779661adb8ce93b5ac5_silkpopup_unify_function_key_color=true, global_locale=en_US, global_density_dpi=420, global_orientation=1}, className=.latin.keyboard.LatinPasswordKeyboard, resourceIds=[#0x7f17065e, #0x7f1708dc, #0x7f17071c], initialStates=0, keyboardViewDefs=[kzt{direction=null, id=#0x7f0b0166, isScalable=true, layoutId=#0x7f0e0346, type=BODY, touchable=true, defaultShow=true}, kzt{direction=null, id=#0x7f0b0166, isScalable=false, layoutId=#0x7f0e01db, type=FLOATING_CANDIDATES, touchable=false, defaultShow=false}, kzt{direction=LOCALE, id=#0x7f0b0166, isScalable=false, layoutId=#0x7f0e04d8, type=HEADER, touchable=true, defaultShow=true}], persistentStates=0, persistentStatesPrefKey=null, popupBubbleLayoutId=#0x7f0e05ce, recentKeyLayoutId=0, recentKeyPopupLayoutId=0, recentKeyType=null, rememberRecentKey=NONE, sessionStates=17592186044419}, type=WIDGET, helpersCreated=[kkl@bba034f, kkl@94faadc, kkl@f22f7e5, null], context.getResources().getConfiguration(): {1.0 310mcc260mnc [en_US] ldltr sw411dp w411dp h914dp 420dpi nrml long port finger qwerty/v/v dpad/v winConfig={ mBounds=Rect(0, 0 - 1080, 2400) mAppBounds=Rect(0, 0 - 1080, 2400) mMaxBounds=Rect(0, 0 - 1080, 2400) mDisplayRotation=ROTATION_0 mWindowingMode=fullscreen mActivityType=undefined mAlwaysOnTop=undefined mRotation=ROTATION_0} s.9 fontWeightAdjustment=0}
06-24 11:05:18.597  2008  2008 I KeyboardHeightUtil: KeyboardHeightUtil.calculateMaxKeyboardBodyHeight():46 leave 281 height for app when ime window height:2274, header height:116 and isFullscreenMode:false, so the max keyboard body height is:1877
06-24 11:05:18.598  2008  2008 I KeyboardViewController: KeyboardViewController.showSelfAndAncestors():642 current view doesn't has the priority android.widget.LinearLayout{5a07add I.E...... .......D 5,0-1075,116 #7f0b0480 app:id/key_pos_password_header_numbers} to show itself, DEFAULT
06-24 11:05:18.599  2008  2008 W NotificationCenter: NotificationCenter$NotificationQueue.notifyPendingNotificationsOnExecutor():877 Heavy notify work detected on UI thread: [ikh->iik] takes 47ms
06-24 11:05:18.602  2008  2008 I KeyboardModeUtils: KeyboardModeUtils.getKeyboardBottomOffset():437 inch: 0.000000 ydpi: 420.000000 adjustKeyboardBottomByDisplaySize: false currentDensityDpi: 420 defaultDensityDpi: 420 keyboardBottomToScreenPx: 0 keyboardBottomToNavBarPx: -63 navBarHeight: 63
06-24 11:05:18.602  2008  2008 I KeyboardHeightUtil: KeyboardHeightUtil.calculateMaxKeyboardBodyHeight():46 leave 281 height for app when ime window height:2274, header height:116 and isFullscreenMode:false, so the max keyboard body height is:1877
06-24 11:05:18.602  2008  2008 I KeyboardHeightUtil: KeyboardHeightUtil.calculateMaxKeyboardBodyHeight():46 leave 281 height for app when ime window height:2274, header height:116 and isFullscreenMode:false, so the max keyboard body height is:1877
06-24 11:05:18.602  2008  2008 I KeyboardHeightUtil: KeyboardHeightUtil.calculateMaxKeyboardBodyHeight():46 leave 281 height for app when ime window height:2274, header height:116 and isFullscreenMode:false, so the max keyboard body height is:1877
06-24 11:05:18.606  2008  2008 I KeyboardHeightUtil: KeyboardHeightUtil.calculateMaxKeyboardBodyHeight():46 leave 281 height for app when ime window height:2274, header height:116 and isFullscreenMode:false, so the max keyboard body height is:1877
06-24 11:05:18.606  2008  2008 W ExtensionWrapper: ExtensionWrapper.setExtensionViewVisibility():801 interface koa is not activate
06-24 11:05:18.610  6574  6574 I ImeTracker: com.example.loginapp:55dde220: onShown
06-24 11:05:18.618  2008  2008 I Module  : DeviceLockedStatusModuleProvider$Module.updateDeviceLockedStatus():100 repeatCheckTimes = 1, locked = false
06-24 11:05:18.619  2008  2008 I HardKeyTracker: HardKeyTracker.unregisterKeySequence():182 Unregister key sequence lsr{labelResId=2132020169, callback=cbb@1de5b64, lastModifier=2, keyCodes=[48], actions=[0]}
06-24 11:05:18.619  2008  2008 I HardKeyTracker: HardKeyTracker.registerKeySequence():138 Register key sequence lsr{labelResId=2132020169, callback=cbb@a2ee7d9, lastModifier=2, keyCodes=[48], actions=[0]}
06-24 11:05:18.621  2008  2008 I HardKeyTracker: HardKeyTracker.unregisterKeySequence():182 Unregister key sequence lsr{labelResId=2132020170, callback=cbb@f3e7dc9, lastModifier=2, keyCodes=[32], actions=[0]}
06-24 11:05:18.621  2008  2008 I HardKeyTracker: HardKeyTracker.registerKeySequence():138 Register key sequence lsr{labelResId=2132020170, callback=cbb@e85ddaa, lastModifier=2, keyCodes=[32], actions=[0]}
06-24 11:05:18.622  2008  2008 I CurrentMicStatusHolder: CurrentMicStatusHolder.onStartInputView():81 Current Mic status = {MicIconHidden-PasswordOrNumberOrDateInputType,}
06-24 11:05:18.624  2008  2008 I ShortcutsDataManager: AbstractContentDataManager.startImportContentTask():243 startImportContentTask()
06-24 11:05:18.637  2008  3052 I SpeechFactory: SpeechRecognitionFactory.maybeScheduleAutoPackDownloadForFallback():161 maybeScheduleAutoPackDownloadForFallback()
06-24 11:05:18.637  2008  3052 I FallbackOnDeviceRecognitionProvider: FallbackOnDeviceRecognitionProvider.maybeScheduleAutoPackDownload():198 maybeScheduleAutoPackDownload() for language tag en-US
06-24 11:05:18.644  1841  5270 I Icing   : Indexing done com.google.android.gms-apps
06-24 11:05:18.662  6574  6574 D UiControllerImpl: Injecting string: "admin"
06-24 11:05:18.701  1036  1036 D AlphabeticIndexCompat: computeSectionName: cs: Settings sectionName: S
06-24 11:05:18.703   629  2067 I ImeTracker: com.example.loginapp:55dde220: setFinished on previously finished token at PHASE_WM_POST_LAYOUT_NOTIFY_CONTROLS_CHANGED with STATUS_CANCEL
06-24 11:05:18.707   629  2067 I ImeTracker: com.example.loginapp:55dde220: onCancelled at PHASE_WM_POST_LAYOUT_NOTIFY_CONTROLS_CHANGED
06-24 11:05:18.716  1036  1036 D AlphabeticIndexCompat: computeSectionName: cs: Photos sectionName: P
06-24 11:05:18.719  1036  1036 D AlphabeticIndexCompat: computeSectionName: cs: Battery sectionName: B
06-24 11:05:18.719  1036  1036 D AlphabeticIndexCompat: computeSectionName: cs: Chrome sectionName: C
06-24 11:05:18.722  1841  5270 I Icing   : Indexing com.google.android.gms-apps from com.google.android.gms
06-24 11:05:18.723  1841  5270 I Icing   : Indexing done com.google.android.gms-apps
06-24 11:05:18.736  1036  1036 D AlphabeticIndexCompat: computeSectionName: cs: Gmail sectionName: G
06-24 11:05:18.738  2008  2008 I KeyboardModeUtils: KeyboardModeUtils.getKeyboardBottomOffset():437 inch: 0.000000 ydpi: 420.000000 adjustKeyboardBottomByDisplaySize: false currentDensityDpi: 420 defaultDensityDpi: 420 keyboardBottomToScreenPx: 0 keyboardBottomToNavBarPx: -63 navBarHeight: 63
06-24 11:05:18.739  2008  2008 I KeyboardHeightUtil: KeyboardHeightUtil.calculateMaxKeyboardBodyHeight():46 leave 281 height for app when ime window height:2274, header height:116 and isFullscreenMode:false, so the max keyboard body height is:1877
06-24 11:05:18.739  2008  2008 I KeyboardHeightUtil: KeyboardHeightUtil.calculateMaxKeyboardBodyHeight():46 leave 281 height for app when ime window height:2274, header height:116 and isFullscreenMode:false, so the max keyboard body height is:1877
06-24 11:05:18.745  1036  1036 D AlphabeticIndexCompat: computeSectionName: cs: Drive sectionName: D
06-24 11:05:18.746  1036  1036 D AlphabeticIndexCompat: computeSectionName: cs: Clock sectionName: C
06-24 11:05:18.748  1036  1036 D AlphabeticIndexCompat: computeSectionName: cs: Contacts sectionName: C
06-24 11:05:18.749  1036  1036 D AlphabeticIndexCompat: computeSectionName: cs: Calendar sectionName: C
06-24 11:05:18.754  1036  1036 D AlphabeticIndexCompat: computeSectionName: cs: Maps sectionName: M
06-24 11:05:18.758  2008  2008 I WindowMetricsNotification: WindowMetricsNotification.notifyWithWindow():166
06-24 11:05:18.758  2008  2008 I DeviceModeModule: DeviceModeModule.calculateAndNotify():223 Device mode 'phone' from display metrics 'DisplayMetrics{density=0.0, width=1080, height=2400, scaledDensity=0.0, xdpi=420.0, ydpi=420.0}' or smallestScreenWidthDp: 411
06-24 11:05:18.759  2008  2008 I KeyboardModeUtils: KeyboardModeUtils.getKeyboardBottomOffset():437 inch: 0.000000 ydpi: 420.000000 adjustKeyboardBottomByDisplaySize: false currentDensityDpi: 420 defaultDensityDpi: 420 keyboardBottomToScreenPx: 0 keyboardBottomToNavBarPx: -126 navBarHeight: 126
06-24 11:05:18.760  2008  2008 I KeyboardHeightUtil: KeyboardHeightUtil.calculateMaxKeyboardBodyHeight():46 leave 281 height for app when ime window height:2211, header height:116 and isFullscreenMode:false, so the max keyboard body height is:1814
06-24 11:05:18.761  2008  2008 I KeyboardHeightUtil: KeyboardHeightUtil.calculateMaxKeyboardBodyHeight():46 leave 281 height for app when ime window height:2211, header height:116 and isFullscreenMode:false, so the max keyboard body height is:1814
06-24 11:05:18.761  2008  2008 I KeyboardHeightUtil: KeyboardHeightUtil.calculateMaxKeyboardBodyHeight():46 leave 281 height for app when ime window height:2211, header height:116 and isFullscreenMode:false, so the max keyboard body height is:1814
06-24 11:05:18.761  2008  2008 I KeyboardHeightUtil: KeyboardHeightUtil.calculateMaxKeyboardBodyHeight():46 leave 281 height for app when ime window height:2211, header height:116 and isFullscreenMode:false, so the max keyboard body height is:1814
06-24 11:05:18.762  2008  2008 I GoogleInputMethodService: GoogleInputMethodService$7.onWindowMetricsChanged():769 windowMetrics: bounds() = Rect(0, 63 - 1080, 2400), insets() = Rect(0, 0 - 0, 126)
06-24 11:05:18.762  2008  2008 I KeyboardHeightUtil: KeyboardHeightUtil.calculateMaxKeyboardBodyHeight():46 leave 281 height for app when ime window height:2211, header height:116 and isFullscreenMode:false, so the max keyboard body height is:1814
06-24 11:05:18.762  2008  2008 I SoftKeyboardView: SoftKeyboardView.setMaxHeight():1089 Set max keyboard height:1814.
06-24 11:05:18.762  2008  2008 I WindowMetricsNotification: WindowMetricsNotification.notify():159 mub[bounds=Rect(0, 63 - 1080, 2400), insets=Rect(0, 0 - 0, 126), densityDpi=420, smallestScreenWidthDp=411, displayWidth=1080, displayHeight=2400, xdpi=420.0, ydpi=420.0, isTrustable=true, displayId=0]; DisplayMetrics{density=2.625, width=1080, height=2400, scaledDensity=2.625, xdpi=420.0, ydpi=420.0}
06-24 11:05:18.762  2008  2008 W View    : requestLayout() improperly called by com.google.android.libraries.inputmethod.widgets.KeyboardHolder{ca5079c V.E...... ......ID 0,0-1080,757 #7f0b04ed app:id/keyboard_holder} during layout: running second layout pass
06-24 11:05:18.762  2008  2008 W View    : requestLayout() improperly called by com.google.android.libraries.inputmethod.keyboard.impl.KeyboardViewHolder{93df5a5 V.E...... ......ID 0,0-1080,116 #7f0b04ec app:id/keyboard_header_view_holder} during layout: running second layout pass
06-24 11:05:18.762  2008  2008 W View    : requestLayout() improperly called by android.widget.FrameLayout{2d80d7a V.E...... ......ID 0,116-1080,757} during layout: running second layout pass
06-24 11:05:18.762  2008  2008 W View    : requestLayout() improperly called by com.google.android.libraries.inputmethod.keyboard.impl.KeyboardViewHolder{75192b V.E...... ......ID 0,0-1080,641 #7f0b04c2 app:id/0_resource_name_obfuscated} during layout: running second layout pass
06-24 11:05:18.762  2008  2008 W View    : requestLayout() improperly called by android.widget.FrameLayout{1c90188 V.E...... ......ID 0,1517-1080,2274 #7f0b04bf app:id/0_resource_name_obfuscated} during layout: running second layout pass
06-24 11:05:18.762  2008  2008 W View    : requestLayout() improperly called by android.widget.FrameLayout{83d4721 V.E...... ......ID 0,641-1080,641 #7f0b04c3 app:id/0_resource_name_obfuscated} during layout: running second layout pass
06-24 11:05:18.762  2008  2008 W View    : requestLayout() improperly called by com.google.android.libraries.inputmethod.inputview.InputView{fc623ae V.ED..... ......ID 0,0-1080,2337 #7f0b0303 app:id/0_resource_name_obfuscated} during layout: running second layout pass
06-24 11:05:18.770  1036  1036 D AlphabeticIndexCompat: computeSectionName: cs: YouTube Music sectionName: Y
06-24 11:05:18.770  1036  1036 D AlphabeticIndexCompat: computeSectionName: cs: YouTube sectionName: Y
06-24 11:05:18.771  1036  1036 D AlphabeticIndexCompat: computeSectionName: cs: Google sectionName: G
06-24 11:05:18.771  1036  1036 D AlphabeticIndexCompat: computeSectionName: cs: Android System Intelligence sectionName: A
06-24 11:05:18.771  1036  1036 D AlphabeticIndexCompat: computeSectionName: cs: Digital Wellbeing sectionName: D
06-24 11:05:18.771  1036  1036 D AlphabeticIndexCompat: computeSectionName: cs: Conversations sectionName: C
06-24 11:05:18.796  2008  2008 I KeyboardModeUtils: KeyboardModeUtils.getKeyboardBottomOffset():437 inch: 0.000000 ydpi: 420.000000 adjustKeyboardBottomByDisplaySize: false currentDensityDpi: 420 defaultDensityDpi: 420 keyboardBottomToScreenPx: 0 keyboardBottomToNavBarPx: -126 navBarHeight: 126
06-24 11:05:18.799  2008  2008 I KeyboardHeightUtil: KeyboardHeightUtil.calculateMaxKeyboardBodyHeight():46 leave 281 height for app when ime window height:2211, header height:116 and isFullscreenMode:false, so the max keyboard body height is:1814
06-24 11:05:18.799  2008  2008 I KeyboardHeightUtil: KeyboardHeightUtil.calculateMaxKeyboardBodyHeight():46 leave 281 height for app when ime window height:2211, header height:116 and isFullscreenMode:false, so the max keyboard body height is:1814
06-24 11:05:18.881  2008  2008 I GoogleInputMethodService: GoogleInputMethodService$1.onKeyboardViewShown():312 onKeyboardViewShown: keyboardType=prime, keyboardViewType=HEADER keyboardView=com.google.android.libraries.inputmethod.widgets.SoftKeyboardView{cba609f V.E...... ........ 0,0-1080,116}
06-24 11:05:18.889  2864  3285 I .gms.persistent: AssetManager2(0xb400006fba655b58) locale list changing from [] to [en-US]
06-24 11:05:18.895  2008  2008 I KeyboardHeightUtil: KeyboardHeightUtil.calculateMaxKeyboardBodyHeight():46 leave 281 height for app when ime window height:2211, header height:116 and isFullscreenMode:false, so the max keyboard body height is:1814
06-24 11:05:18.896  2008  2008 I GoogleInputMethodService: GoogleInputMethodService$1.onKeyboardViewShown():312 onKeyboardViewShown: keyboardType=prime, keyboardViewType=BODY keyboardView=com.google.android.libraries.inputmethod.widgets.SoftKeyboardView{7baec20 V.E...... ........ 0,0-1080,641}
06-24 11:05:18.896  2008  2008 I KeyboardHeightUtil: KeyboardHeightUtil.calculateMaxKeyboardBodyHeight():46 leave 281 height for app when ime window height:2211, header height:116 and isFullscreenMode:false, so the max keyboard body height is:1814
06-24 11:05:18.896  2008  2008 I NewLanguagePromptExtension: NewLanguagePromptExtension$1.onKeyboardViewShown():86 Not show new language banner: not prime keyboard, or the extension not activated.
06-24 11:05:18.951  1036  2016 E s.nexuslauncher: Invalid resource ID 0x00000000.
06-24 11:05:18.955  2008  2008 I KeyboardModeUtils: KeyboardModeUtils.getKeyboardBottomOffset():437 inch: 0.000000 ydpi: 420.000000 adjustKeyboardBottomByDisplaySize: false currentDensityDpi: 420 defaultDensityDpi: 420 keyboardBottomToScreenPx: 0 keyboardBottomToNavBarPx: -126 navBarHeight: 126
06-24 11:05:18.955  2008  2008 I KeyboardHeightUtil: KeyboardHeightUtil.calculateMaxKeyboardBodyHeight():46 leave 281 height for app when ime window height:2211, header height:116 and isFullscreenMode:false, so the max keyboard body height is:1814
06-24 11:05:18.955  2008  2008 I KeyboardHeightUtil: KeyboardHeightUtil.calculateMaxKeyboardBodyHeight():46 leave 281 height for app when ime window height:2211, header height:116 and isFullscreenMode:false, so the max keyboard body height is:1814
06-24 11:05:18.988  1036  1036 I s.nexuslauncher: AssetManager2(0xb400006fba6616d8) locale list changing from [] to [en-US]
06-24 11:05:19.052  2008  2791 I ShortcutsDataManager: AbstractContentDataManager$ImportContentTask.doInBackground():258 doInBackground()
06-24 11:05:19.054  2008  2791 I PersonalDictionaryDataHandler: PersonalDictionaryDataHandler.beginProcess():114 LanguageTags = [en-US]
06-24 11:05:19.080   629  1821 V GrammaticalInflectionUtils: AttributionSource: android.content.AttributionSource@fe031b06 does not have READ_SYSTEM_GRAMMATICAL_GENDER permission.
06-24 11:05:19.178   629   766 W InputDispatcher: Dispatching key to 314d895 com.example.loginapp/com.example.loginapp.MainActivity even though there are other unprocessed events
06-24 11:05:19.180  1841  5270 I Icing   : Indexing com.google.android.gms-apps from com.google.android.gms
06-24 11:05:19.181  1841  5270 I Icing   : Indexing done com.google.android.gms-apps
06-24 11:05:19.211   406   406 D Zygote  : Forked child process 6711
06-24 11:05:19.238  2008  2008 I ProactiveSuggestionsHolderManager: ProactiveSuggestionsHolderManager$2.display():216 Requesting to show proactive suggestions: CLIPBOARD PREEMPTIVE in HEADER
06-24 11:05:19.240  2008  2008 I ProactiveSuggestionsHolderManager: ProactiveSuggestionsHolderManager$2.display():216 Requesting to show proactive suggestions: CLIPBOARD PREEMPTIVE in FLOATING_CANDIDATES
06-24 11:05:19.240  2008  2008 I ProactiveSuggestionsHolderManager: ProactiveSuggestionsHolderManager$2.display():216 Requesting to show proactive suggestions: CLIPBOARD PREEMPTIVE in WIDGET
06-24 11:05:19.241  2008  2008 I StylusModule: StylusModule.onUpdateToolType():801 Update tool type = 0
06-24 11:05:19.247  1036  1036 D OverviewActionsView: updateActionButtonsVisibility() called: showSingleTaskActions = [true], showGroupActions = [false]
06-24 11:05:19.263  2864  2864 D BoundBrokerSvc: onRebind: Intent { act=com.google.android.gms.libs.gmscorelogger.service.START dat=chimera-action:/... xflg=0x4 cmp=com.google.android.gms/.chimera.PersistentDirectBootAwareApiService }
06-24 11:05:19.273  1036  1036 D KeyboardInsetsHandler: setState, toState:Normal StateManager(mLastStableState:Normal, mCurrentStableState:Normal, mState:Normal, mRestState:null, isInTransition:false)
06-24 11:05:19.278  1036  1036 D OverviewActionsView: updateActionButtonsVisibility() called: showSingleTaskActions = [true], showGroupActions = [false]
06-24 11:05:19.307  1036  1036 D b/380940677: [mStateHandlerRequest=0, mCurrentStateRequest=0, mLastActivityFlags=5, mIgnoreAutoRotateSettings=false, mHomeRotationEnabled=false, mForceAllowRotationForTesting=false, mDestroyed=false, mIsFixedLandscape=false]
06-24 11:05:19.320  1036  1067 D InputMonitorCompat: Input monitor (minus-one-disp0) created
06-24 11:05:19.330  1036  1067 D InputMonitorCompat: Input event receiver for monitor (minus-one-disp0) created
06-24 11:05:19.352  1036  1036 D ActivityAllAppsContainerView: rebindAdapters: force: false
06-24 11:05:19.352  1036  1036 D ActivityAllAppsContainerView: rebindAdapters: Not needed.
06-24 11:05:19.372  2864  3639 W GLSUser : [DeviceKeyStore] Cannot load key: Device key file not found.
06-24 11:05:19.402  1036  1036 D ViewRootImpl: Skipping stats log for color mode
06-24 11:05:19.409  1036  1036 W SplitSelectStateCtor: Missing session instanceIds
06-24 11:05:19.409  1036  1036 D StatsLog: LAUNCHER_SPLIT_SELECTION_EXIT_INTERRUPTED
06-24 11:05:19.425  1036  1036 D ViewRootImpl: Skipping stats log for color mode
06-24 11:05:19.459  1036  1036 D StateManager: goToState - fromState: Normal, toState: Normal, partial trace:
06-24 11:05:19.459  1036  1036 D StateManager: 	at com.android.launcher3.statemanager.StateManager.moveToRestState(go/retraceme ee19ec8c009da7af1d458e7d1683a6f5bf3b93b44f6674aa108e1a3e78584fe0:4)
06-24 11:05:19.459  1036  1036 D StateManager: 	at com.android.launcher3.statemanager.StateManager.moveToRestState(go/retraceme ee19ec8c009da7af1d458e7d1683a6f5bf3b93b44f6674aa108e1a3e78584fe0:1)
06-24 11:05:19.459  1036  1036 D StateManager: 	at com.android.launcher3.statemanager.StatefulActivity.onStop(go/retraceme ee19ec8c009da7af1d458e7d1683a6f5bf3b93b44f6674aa108e1a3e78584fe0:34)
06-24 11:05:19.475  1036  1036 D StatsLog: LAUNCHER_GOOGLE_SEARCH_RESTORE_LIST_SIZE_AFTER_ACTIVITY_RESTART
06-24 11:05:19.497  6711  6711 I d.process.acore: Using CollectorTypeCMC GC.
06-24 11:05:19.513  6711  6711 E d.process.acore: Not starting debugger since process cannot load the jdwp agent.
