06-24 11:05:10.275  6574  6619 I TestRunner: started: loginNavigatesToMainMenu(com.example.loginapp.LoginTest)
06-24 11:05:10.300  6574  6619 W Settings: Setting always_finish_activities has moved from android.provider.Settings.System to android.provider.Settings.Global, returning read-only value.
06-24 11:05:10.315  6574  6619 E ashmem  : Pinning is deprecated since Android Q. Please use trim or other methods.
06-24 11:05:10.383   629  1821 I system_server: AssetManager2(0xb400006fba6cc438) locale list changing from [] to [en-US]
06-24 11:05:10.395   629  1821 V GrammaticalInflectionUtils: AttributionSource: android.content.AttributionSource@ce3256cc does not have READ_SYSTEM_GRAMMATICAL_GENDER permission.
06-24 11:05:10.515  6474  6606 I amtp    : NGA disabled due to not being eligible.
06-24 11:05:10.516  6474  6606 I amtp    : (REDACTED) Nga state changed to %s
06-24 11:05:10.517  6474  6606 I amtp    : (REDACTED) isTngActive=%s
06-24 11:05:10.608  6474  6605 I apll    : send OpaEligibilityChange broadcast to CommonBroadcastReceiver
06-24 11:05:10.663  2864  2963 I .gms.persistent: AssetManager2(0xb400006fba6489f8) locale list changing from [] to [en-US]
06-24 11:05:10.761  1036  1036 W SplitSelectStateCtor: Missing session instanceIds
06-24 11:05:10.761  1036  1036 D StatsLog: LAUNCHER_SPLIT_SELECTION_EXIT_INTERRUPTED
06-24 11:05:10.767  6474  6608 W chqu    : No value provided for the places model index flag.
06-24 11:05:10.767  6474  6608 W chqu    : No value provided for the places model index flag.
06-24 11:05:10.822  6474  6608 I ailc    : getLocaleToModelSpecsMap
06-24 11:05:10.823  6474  6608 I ailc    : Fetching latest config from MDD...
06-24 11:05:10.872  6474  6611 W aefw    : Account id is not cached
06-24 11:05:10.938  6474  6608 I ailc    : (REDACTED) Found map of size: %d
06-24 11:05:11.022  6474  6608 I amqj    : (REDACTED) Initializing MicroDataManager InitializeType-%d, isForced-%b, isActivePhoneEnrollment-%b isActiveGoogleHomeEnrollment-%b
06-24 11:05:11.029  3451  3593 I ndroid.systemui: AssetManager2(0xb400006fba660d78) locale list changing from [] to [en-US]
06-24 11:05:11.031  6474  6608 I aedy    : Returning false in #takeChangeMicroDetectorMode without doing anything.
06-24 11:05:11.033  6474  6608 W adua    : Abort, client detached.
06-24 11:05:11.052  6474  6601 I avxj    : Using pair HTTP connection
06-24 11:05:11.075  6474  6606 I ailc    : getLocaleToModelSpecsMap
06-24 11:05:11.084  6474  6606 I ailc    : Fetching latest config from MDD...
06-24 11:05:11.085  6474  6606 I ailc    : (REDACTED) Found map of size: %d
06-24 11:05:11.087  6474  6606 I aina    : (REDACTED) Location for model with model type: %s and locale: %s, is : %s
06-24 11:05:11.103  6474  6606 I ainh    : (REDACTED) #getHotwordModel [locale: %s, modelType: %s]
06-24 11:05:11.165  6474  6606 D WM-PackageManagerHelper: Skipping component enablement for androidx.work.impl.background.systemalarm.RescheduleReceiver
06-24 11:05:11.225  6474  6611 I bbex    : (REDACTED) Set Assistant Enabled to %s
06-24 11:05:11.456  6574  6574 I xample.loginapp: AssetManager2(0xb400006fba63cb58) locale list changing from [] to [en-US]
06-24 11:05:11.545   477   477 I BpBinder: onLastStrongRef automatically unlinking death recipients:
06-24 11:05:11.575  1841  1849 W gle.android.gms: Suspending all threads took: 147.969ms
06-24 11:05:11.593  6574  6574 D AppCompatDelegate: Checking for metadata for AppLocalesMetadataHolderService : Service not found
06-24 11:05:11.601  6574  6574 I xample.loginapp: AssetManager2(0xb400006fba63e458) locale list changing from [] to [en-US]
06-24 11:05:11.704   477   545 I BpBinder: onLastStrongRef automatically unlinking death recipients:
06-24 11:05:11.767  6574  6574 D LifecycleMonitor: Lifecycle status change: com.example.loginapp.MainActivity@cc0569c in: PRE_ON_CREATE
06-24 11:05:11.769  6574  6574 V ActivityScenario: Activity lifecycle changed event received but ignored because the reported transition was not ON_CREATE while the last known transition was PRE_ON_CREATE
06-24 11:05:11.901  6574  6574 E xample.loginapp: Invalid resource ID 0x00000000.
06-24 11:05:11.975  6574  6625 I EGL_emulation: Opening libGLESv1_CM_emulation.so
06-24 11:05:11.986  6574  6625 I EGL_emulation: Opening libGLESv2_emulation.so
06-24 11:05:12.019  1841  1841 D BoundBrokerSvc: onUnbind: Intent { act=com.google.android.gms.potokens.service.START dat=chimera-action:/... xflg=0x4 cmp=com.google.android.gms/.chimera.GmsApiService }
06-24 11:05:12.048  6574  6574 W HWUI    : Image decoding logging dropped!
06-24 11:05:12.055  6574  6574 W HWUI    : Image decoding logging dropped!
06-24 11:05:12.055  6574  6574 W HWUI    : Image decoding logging dropped!
06-24 11:05:12.172  6574  6574 I xample.loginapp: hiddenapi: Accessing hidden method Landroid/view/View;->computeFitSystemWindows(Landroid/graphics/Rect;Landroid/graphics/Rect;)Z (runtime_flags=0, domain=platform, api=unsupported) from Landroidx/appcompat/widget/ViewUtils; (domain=app) using reflection: allowed
06-24 11:05:12.187  6474  6611 I bber    : Set Assistant eligibility status
06-24 11:05:12.191  1841  1841 D BoundBrokerSvc: onBind: Intent { act=com.google.android.gms.chimera.container.moduleinstall.ModuleInstallService.START dat=chimera-action:/... xflg=0x4 cmp=com.google.android.gms/.chimera.GmsApiService }
06-24 11:05:12.191  1841  1841 D BoundBrokerSvc: Loading bound service for intent: Intent { act=com.google.android.gms.chimera.container.moduleinstall.ModuleInstallService.START dat=chimera-action:/... xflg=0x4 cmp=com.google.android.gms/.chimera.GmsApiService }
06-24 11:05:12.277   551  2872 W IPCThreadState: Sending oneway calls to frozen process.
06-24 11:05:12.314  6574  6625 W HWUI    : Failed to choose config with EGL_SWAP_BEHAVIOR_PRESERVED, retrying without...
06-24 11:05:12.356  4006  4559 W WellbeingSettingsProvid: <DWB> Call failed: get_actions
06-24 11:05:12.356  4006  4559 W WellbeingSettingsProvid: java.util.concurrent.TimeoutException: Waited 5000 milliseconds (plus 7 milliseconds, 92211 nanoseconds delay) for lqt@aafc47e[status=PENDING, info=[inputFuture=[lqs@2293ddf[status=PENDING, setFuture=[lqa@5e37a2c[status=PENDING, info=[inputFuture=[lqt@b1c9cf5[status=PENDING, info=[inputFuture=[lqt@d7faa8a[status=PENDING, info=[inputFuture=[lrn@60dd8fb[status=PENDING, info=[futures=[lqt@9240d18[status=PENDING, info=[inputFuture=[lqt@8e71371[status=PENDING, info=[inputFuture=[lsm@cb5e556[status=PENDING, info=[delegate=[ltr@bd709d7[status=PENDING, info=[task=[running=[NOT STARTED YET], propagating=[bxz@2d8e2c4]]]]]]]], function=[propagating=[bxj@30875ad]]]]], function=[propagating=[dfl@f4300e2]]]]]]]], function=[propagating=[cxt@a986c73]]]]], function=[propagating=[buz@7e36730]]]]], exceptionType=[class java.lang.Throwable], fallback=[propagating=[bxy@463bfa9]]]]]]], function=[propagating=[buz@894492e]]]]
06-24 11:05:12.356  4006  4559 W WellbeingSettingsProvid: 	at lqq.get(PG:52)
06-24 11:05:12.356  4006  4559 W WellbeingSettingsProvid: 	at lse.get(PG:2)
06-24 11:05:12.356  4006  4559 W WellbeingSettingsProvid: 	at com.google.android.apps.wellbeing.api.impl.WellbeingSettingsProvider.i(PG:9)
06-24 11:05:12.356  4006  4559 W WellbeingSettingsProvid: 	at com.google.android.apps.wellbeing.api.impl.WellbeingSettingsProvider.call(PG:154)
06-24 11:05:12.356  4006  4559 W WellbeingSettingsProvid: 	at android.content.ContentProvider.call(ContentProvider.java:2709)
06-24 11:05:12.356  4006  4559 W WellbeingSettingsProvid: 	at android.content.ContentProvider$Transport.call(ContentProvider.java:638)
06-24 11:05:12.356  4006  4559 W WellbeingSettingsProvid: 	at android.content.ContentProviderNative.onTransact(ContentProviderNative.java:307)
06-24 11:05:12.356  4006  4559 W WellbeingSettingsProvid: 	at android.os.Binder.execTransactInternal(Binder.java:1421)
06-24 11:05:12.356  4006  4559 W WellbeingSettingsProvid: 	at android.os.Binder.execTransact(Binder.java:1365)
06-24 11:05:12.424  6574  6574 D DesktopModeFlags: Toggle override initialized to: OVERRIDE_UNSET
06-24 11:05:12.425  6574  6625 W HWUI    : Failed to initialize 101010-2 format, error = EGL_SUCCESS
06-24 11:05:12.516  6574  6574 I xample.loginapp: hiddenapi: Accessing hidden method Landroid/view/ViewGroup;->makeOptionalFitsSystemWindows()V (runtime_flags=0, domain=platform, api=unsupported) from Landroidx/appcompat/widget/ViewUtils; (domain=app) using reflection: allowed
06-24 11:05:12.517  6474  6651 I acup    : [Upload] Connected
06-24 11:05:12.579  6574  6574 D LifecycleMonitor: Lifecycle status change: com.example.loginapp.MainActivity@cc0569c in: CREATED
06-24 11:05:12.579  6574  6574 V ActivityScenario: Update currentActivityStage to CREATED, currentActivity=com.example.loginapp.MainActivity@cc0569c
06-24 11:05:12.596  6574  6574 D LifecycleMonitor: Lifecycle status change: com.example.loginapp.MainActivity@cc0569c in: STARTED
06-24 11:05:12.598  6574  6574 V ActivityScenario: Update currentActivityStage to STARTED, currentActivity=com.example.loginapp.MainActivity@cc0569c
06-24 11:05:12.605  6574  6574 D LifecycleMonitor: Lifecycle status change: com.example.loginapp.MainActivity@cc0569c in: RESUMED
06-24 11:05:12.606  6574  6574 V ActivityScenario: Update currentActivityStage to RESUMED, currentActivity=com.example.loginapp.MainActivity@cc0569c
06-24 11:05:12.619  6474  6651 I avxj    : Using pair HTTP connection
06-24 11:05:12.640  6474  6652 I acup    : [Upload] Connected
06-24 11:05:12.665  6474  6474 E rya     : onError
06-24 11:05:12.665  6474  6474 E rya     : ahif: errorCode: 65561, engine: 2
06-24 11:05:12.665  6474  6474 E rya     : 	at avxl.a(PG:23)
06-24 11:05:12.665  6474  6474 E rya     : 	at acul.hp(PG:13)
06-24 11:05:12.665  6474  6474 E rya     : 	at gifa.e(PG:9)
06-24 11:05:12.665  6474  6474 E rya     : 	at aino.d(PG:156)
06-24 11:05:12.665  6474  6474 E rya     : 	at aino.iJ(PG:26)
06-24 11:05:12.665  6474  6474 E rya     : 	at acum.c(PG:104)
06-24 11:05:12.665  6474  6474 E rya     : 	at acun.run(PG:1)
06-24 11:05:12.665  6474  6474 E rya     : 	at java.util.concurrent.Executors$RunnableAdapter.call(Executors.java:524)
06-24 11:05:12.665  6474  6474 E rya     : 	at java.util.concurrent.FutureTask.run(FutureTask.java:317)
06-24 11:05:12.665  6474  6474 E rya     : 	at ahte.run(PG:37)
06-24 11:05:12.665  6474  6474 E rya     : 	at ahuc.run(PG:3)
06-24 11:05:12.665  6474  6474 E rya     : 	at ahuc.run(PG:3)
06-24 11:05:12.665  6474  6474 E rya     : 	at java.util.concurrent.ThreadPoolExecutor.runWorker(ThreadPoolExecutor.java:1156)
06-24 11:05:12.665  6474  6474 E rya     : 	at java.util.concurrent.ThreadPoolExecutor$Worker.run(ThreadPoolExecutor.java:651)
06-24 11:05:12.665  6474  6474 E rya     : 	at java.lang.Thread.run(Thread.java:1119)
06-24 11:05:12.665  6474  6474 E rya     : 	at ahst.run(PG:44)
06-24 11:05:12.665  6474  6474 E rya     : Caused by: ahih: errorCode: 65586, engine: 2
06-24 11:05:12.665  6474  6474 E rya     : 	at acul.hp(PG:6)
06-24 11:05:12.665  6474  6474 E rya     : 	... 14 more
06-24 11:05:12.665  6474  6474 E rya     : Caused by: ahid: errorCode: 401, engine: 2
06-24 11:05:12.665  6474  6474 E rya     : 	at rxx.b(PG:30)
06-24 11:05:12.665  6474  6474 E rya     : 	at acvi.hx(PG:11)
06-24 11:05:12.665  6474  6474 E rya     : 	at aino.d(PG:131)
06-24 11:05:12.665  6474  6474 E rya     : 	... 12 more
06-24 11:05:12.680  6474  6474 W rln     : Failed to sync device settings.
06-24 11:05:12.680  6474  6474 I rln     : Retrying to sync device settings.
06-24 11:05:12.743  6574  6574 W HWUI    : Unknown dataspace 0
06-24 11:05:12.852  2864  6618 I NetworkScheduler.Stats: (REDACTED) Task %s/%s finished executing. cause:%s result: %s elapsed_millis: %s uptime_millis: %s exec_start_elapsed_seconds: %s
06-24 11:05:12.939  1036  1036 D VRI[NexusLauncherActivity]: visibilityChanged oldVisibility=true newVisibility=false
06-24 11:05:13.077  6474  6474 D CompatChangeReporter: Compat change id reported: 311402873; UID 10149; state: ENABLED
06-24 11:05:13.077  6474  6474 D CompatChangeReporter: Compat change id reported: 323349338; UID 10149; state: ENABLED
06-24 11:05:13.077  6474  6474 W JobInfo : Job 'com.google.android.googlequicksearchbox/com.google.android.apps.gsa.tasks.BackgroundTasksJobService#-353' has a deadline with functional constraints and an extremely short time window of 0 ms (delay=120000, deadline=120000). The functional constraints are not likely to be satisfied when the job runs.
06-24 11:05:13.114   629  1821 W JobInfo : Job 'com.google.android.googlequicksearchbox/com.google.android.apps.gsa.tasks.BackgroundTasksJobService#-353' has a deadline with functional constraints and an extremely short time window of 0 ms (delay=120000, deadline=120000). The functional constraints are not likely to be satisfied when the job runs.
06-24 11:05:13.121   629  1821 W JobInfo : Job 'com.google.android.googlequicksearchbox/com.google.android.apps.gsa.tasks.BackgroundTasksJobService#-353' has a deadline with functional constraints and an extremely short time window of 0 ms (delay=120000, deadline=120000). The functional constraints are not likely to be satisfied when the job runs.
06-24 11:05:13.123  6474  6481 W earchbox:search: Suspending all threads took: 16.603ms
06-24 11:05:13.148  1036  1036 D NexusLauncherModelDelegate: notifySmartspaceEvent: SmartspaceTargetEvent{mSmartspaceTarget=null, mSmartspaceActionId='null', mEventType=7}
06-24 11:05:13.307   477   564 W ServiceManagerCppClient: Permission failure: android.permission.ACCESS_SURFACE_FLINGER from uid=10217 pid=0
06-24 11:05:13.307   477   564 D PermissionCache: checking android.permission.ACCESS_SURFACE_FLINGER for uid=10217 => denied (4923 us)
06-24 11:05:13.308   477   564 W ServiceManagerCppClient: Permission failure: android.permission.ROTATE_SURFACE_FLINGER from uid=10217 pid=0
06-24 11:05:13.308   477   564 D PermissionCache: checking android.permission.ROTATE_SURFACE_FLINGER for uid=10217 => denied (646 us)
06-24 11:05:13.308   477   564 W ServiceManagerCppClient: Permission failure: android.permission.INTERNAL_SYSTEM_WINDOW from uid=10217 pid=0
06-24 11:05:13.308   477   564 D PermissionCache: checking android.permission.INTERNAL_SYSTEM_WINDOW for uid=10217 => denied (27 us)
06-24 11:05:13.308   477   500 W ServiceManagerCppClient: Permission failure: android.permission.ROTATE_SURFACE_FLINGER from uid=10217 pid=6574
06-24 11:05:13.308   477   500 D PermissionCache: checking android.permission.ROTATE_SURFACE_FLINGER for uid=10217 => denied (636 us)
06-24 11:05:13.416  6474  6659 I cn_CronetLibraryLoader: HTTP flags log line: Using live production flag values from Google
06-24 11:05:13.444  1036  1166 I HWUI    : Davey! duration=744ms; Flags=0, FrameTimelineVsyncId=44980, IntendedVsync=443279160943, Vsync=443512494267, InputEventId=0, HandleInputStart=443545346336, AnimationStart=443545349794, PerformTraversalsStart=443599856752, DrawStart=443990255628, FrameDeadline=443662494261, FrameStartTime=443524820377, FrameInterval=16666666, WorkloadTarget=16666666, SyncQueued=443990314544, SyncStart=443991696336, IssueDrawCommandsStart=444004083586, SwapBuffers=444021300961, FrameCompleted=444025532378, DequeueBufferDuration=5375, QueueBufferDuration=3533292, GpuCompleted=444025472878, SwapBuffersCompleted=444025532378, DisplayPresentTime=-1, CommandSubmissionCompleted=444021300961,
06-24 11:05:13.476  2864  6114 I SQLiteConnection: Long db operation: /data/user/0/com.google.android.gms/databases/phenotype.db
06-24 11:05:13.500   629  1821 D ConnectivityService: requestNetwork for uid/pid:10149/6474 activeRequest: null callbackRequest: 227 [NetworkRequest [ REQUEST id=228, [ Capabilities: INTERNET&NOT_RESTRICTED&TRUSTED&NOT_VCN_MANAGED&NOT_BANDWIDTH_CONSTRAINED Uid: 10149 RequestorUid: 10149 RequestorPkg: com.google.android.googlequicksearchbox UnderlyingNetworks: Null] ]] callback flags: 0 order: 2147483647 isUidTracked: false declaredMethods: AVAIL|LOST|NC|LP
06-24 11:05:13.571  6574  6574 I Choreographer: Skipped 32 frames!  The application may be doing too much work on its main thread.
06-24 11:05:13.599  6574  6626 I HWUI    : Davey! duration=766ms; Flags=1, FrameTimelineVsyncId=44997, IntendedVsync=443379160939, Vsync=443445827603, InputEventId=0, HandleInputStart=443450804752, AnimationStart=443450813794, PerformTraversalsStart=443450818669, DrawStart=443941860836, FrameDeadline=443395827605, FrameStartTime=443450352544, FrameInterval=16666666, WorkloadTarget=16666666, SyncQueued=443975020294, SyncStart=443979682294, IssueDrawCommandsStart=443980052086, SwapBuffers=444120130753, FrameCompleted=444150216586, DequeueBufferDuration=3500, QueueBufferDuration=437834, GpuCompleted=444150124378, SwapBuffersCompleted=444150216586, DisplayPresentTime=0, CommandSubmissionCompleted=444120130753,
06-24 11:05:13.608  6474  6605 D nativeloader: Load /product/priv-app/Velvet/Velvet.apk!/lib/arm64-v8a/libcronet.135.0.7012.3.so using class loader ns product-clns-10 (caller=/product/priv-app/Velvet/Velvet.apk!classes5.dex): ok
06-24 11:05:13.658  4011  4112 I bdee    : (REDACTED) getHotwordActive::active query: %s, watch: %s, devices connected: %s
06-24 11:05:13.824   629   978 W ServiceManagerCppClient: Permission failure: android.permission.ACCESS_SURFACE_FLINGER from uid=10217 pid=0
06-24 11:05:13.825   629   978 D PermissionCache: checking android.permission.ACCESS_SURFACE_FLINGER for uid=10217 => denied (82966 us)
06-24 11:05:13.825   629   978 W ServiceManagerCppClient: Permission failure: android.permission.ROTATE_SURFACE_FLINGER from uid=10217 pid=0
06-24 11:05:13.825   629   978 D PermissionCache: checking android.permission.ROTATE_SURFACE_FLINGER for uid=10217 => denied (34 us)
06-24 11:05:13.825   629   978 W ServiceManagerCppClient: Permission failure: android.permission.INTERNAL_SYSTEM_WINDOW from uid=10217 pid=0
06-24 11:05:13.825   629   978 D PermissionCache: checking android.permission.INTERNAL_SYSTEM_WINDOW for uid=10217 => denied (36 us)
06-24 11:05:13.843  6474  6605 I cn_CronetLibraryLoader: Cronet version: 135.0.7012.3, arch: aarch64
06-24 11:05:13.911  2864  3076 I FontLog : (REDACTED) Received query %s, URI %s
06-24 11:05:13.931  2864  3076 I FontLog : (REDACTED) Query [%s] resolved to %s
06-24 11:05:13.966  1036  1036 D BaseDepthController: setSurface:
06-24 11:05:13.966  1036  1036 D BaseDepthController: 	mWaitingOnSurfaceValidity: false
06-24 11:05:13.966  1036  1036 D BaseDepthController: 	mBaseSurface: null
06-24 11:05:14.030   629   802 D WifiNetworkFactory: got request NetworkRequest [ REQUEST id=228, [ Capabilities: INTERNET&NOT_RESTRICTED&TRUSTED&NOT_VCN_MANAGED&NOT_BANDWIDTH_CONSTRAINED Uid: 10149 RequestorUid: 10149 RequestorPkg: com.google.android.googlequicksearchbox UnderlyingNetworks: Null] ]
06-24 11:05:14.047  1036  1036 D BaseDepthController: mSurface is null and mCurrentBlur is: 0
06-24 11:05:14.047  1036  1036 I ActivityThread: Schedule relaunch activity: com.google.android.apps.nexuslauncher.NexusLauncherActivity
06-24 11:05:14.053  6574  6619 W FileTestStorage: Output properties is not supported.
06-24 11:05:14.060  6574  6619 I Tracing : Tracer added: class androidx.test.platform.tracing.AndroidXTracer
06-24 11:05:14.072   629   808 D ConnectivityService: NetReassign [228 : null → 101] [c 0] [a 492] [i 68]
06-24 11:05:14.072   629   808 D InetDiagMessage: Destroyed 0 sockets, proto=IPPROTO_TCP, family=AF_INET, states=14
06-24 11:05:14.073   629   808 D InetDiagMessage: Destroyed 0 sockets, proto=IPPROTO_TCP, family=AF_INET6, states=14
06-24 11:05:14.073   629   808 D InetDiagMessage: Destroyed live tcp sockets for uids={10142} in 1ms
06-24 11:05:14.073   629   808 D InetDiagMessage: Destroyed 0 sockets, proto=IPPROTO_TCP, family=AF_INET, states=14
06-24 11:05:14.073   629   808 D InetDiagMessage: Destroyed 0 sockets, proto=IPPROTO_TCP, family=AF_INET6, states=14
06-24 11:05:14.073   629   808 D InetDiagMessage: Destroyed live tcp sockets for uids={20142} in 1ms
06-24 11:05:14.078   629   802 D UntrustedWifiNetworkFactory: got request NetworkRequest [ REQUEST id=228, [ Capabilities: INTERNET&NOT_RESTRICTED&TRUSTED&NOT_VCN_MANAGED&NOT_BANDWIDTH_CONSTRAINED Uid: 10149 RequestorUid: 10149 RequestorPkg: com.google.android.googlequicksearchbox UnderlyingNetworks: Null] ]
06-24 11:05:14.078   629   802 D OemPaidWifiNetworkFactory: got request NetworkRequest [ REQUEST id=228, [ Capabilities: INTERNET&NOT_RESTRICTED&TRUSTED&NOT_VCN_MANAGED&NOT_BANDWIDTH_CONSTRAINED Uid: 10149 RequestorUid: 10149 RequestorPkg: com.google.android.googlequicksearchbox UnderlyingNetworks: Null] ]
06-24 11:05:14.079   629   802 D MultiInternetWifiNetworkFactory: got request NetworkRequest [ REQUEST id=228, [ Capabilities: INTERNET&NOT_RESTRICTED&TRUSTED&NOT_VCN_MANAGED&NOT_BANDWIDTH_CONSTRAINED Uid: 10149 RequestorUid: 10149 RequestorPkg: com.google.android.googlequicksearchbox UnderlyingNetworks: Null] ]
06-24 11:05:14.087  6574  6619 D CompatChangeReporter: Compat change id reported: 247079863; UID 10217; state: ENABLED
06-24 11:05:14.100  6574  6619 D EventInjectionStrategy: Creating injection strategy with input manager.
06-24 11:05:14.106  6574  6619 I xample.loginapp: hiddenapi: Accessing hidden method Landroid/hardware/input/InputManager;->getInstance()Landroid/hardware/input/InputManager; (runtime_flags=0, domain=platform, api=unsupported) from Landroidx/test/espresso/base/InputManagerEventInjectionStrategy; (domain=app) using reflection: allowed
06-24 11:05:14.116  6574  6619 I xample.loginapp: hiddenapi: Accessing hidden method Landroid/hardware/input/InputManager;->injectInputEvent(Landroid/view/InputEvent;I)Z (runtime_flags=0, domain=platform, api=unsupported) from Landroidx/test/espresso/base/InputManagerEventInjectionStrategy; (domain=app) using reflection: allowed
06-24 11:05:14.119  6574  6619 I xample.loginapp: hiddenapi: Accessing hidden field Landroid/hardware/input/InputManager;->INJECT_INPUT_EVENT_MODE_WAIT_FOR_FINISH:I (runtime_flags=0, domain=platform, api=unsupported) from Landroidx/test/espresso/base/InputManagerEventInjectionStrategy; (domain=app) using reflection: allowed
06-24 11:05:14.128   629   773 I ImeTracker: com.example.loginapp:5e77d474: onRequestHide at ORIGIN_SERVER reason HIDE_UNSPECIFIED_WINDOW fromUser false
06-24 11:05:14.176  6574  6574 D InsetsController: hide(ime(), fromIme=false)
06-24 11:05:14.178  6574  6574 I ImeTracker: com.example.loginapp:5e77d474: onCancelled at PHASE_CLIENT_ALREADY_HIDDEN
06-24 11:05:14.208  1036  1036 D StateManager: goToState - fromState: Normal, toState: Normal, partial trace:
06-24 11:05:14.208  1036  1036 D StateManager: 	at com.android.launcher3.statemanager.StateManager.moveToRestState(go/retraceme ee19ec8c009da7af1d458e7d1683a6f5bf3b93b44f6674aa108e1a3e78584fe0:4)
06-24 11:05:14.208  1036  1036 D StateManager: 	at com.android.launcher3.statemanager.StateManager.moveToRestState(go/retraceme ee19ec8c009da7af1d458e7d1683a6f5bf3b93b44f6674aa108e1a3e78584fe0:1)
06-24 11:05:14.208  1036  1036 D StateManager: 	at com.android.launcher3.statemanager.StatefulActivity.onStop(go/retraceme ee19ec8c009da7af1d458e7d1683a6f5bf3b93b44f6674aa108e1a3e78584fe0:34)
06-24 11:05:14.215  6474  6668 W chromium: [0624/110514.198452:WARNING:url_request_context_config.cc(715)] Unrecognized Cronet experimental option "enable_telemetry" with params "true
06-24 11:05:14.215  6474  6668 W chromium:
06-24 11:05:14.239   629   808 D ConnectivityService: NetReassign [no changes] [c 0] [a 118] [i 48]
06-24 11:05:14.245  6574  6619 I xample.loginapp: hiddenapi: Accessing hidden method Landroid/view/ViewConfiguration;->getDoubleTapMinTime()I (runtime_flags=0, domain=platform, api=unsupported) from Landroidx/test/espresso/action/Tap; (domain=app) using reflection: allowed
06-24 11:05:14.291  6574  6574 I xample.loginapp: hiddenapi: Accessing hidden method Landroid/os/MessageQueue;->next()Landroid/os/Message; (runtime_flags=0, domain=platform, api=unsupported) from Landroidx/test/espresso/base/Interrogator; (domain=app) using reflection: allowed
06-24 11:05:14.292  6574  6574 I xample.loginapp: hiddenapi: Accessing hidden field Landroid/os/MessageQueue;->mMessages:Landroid/os/Message; (runtime_flags=0, domain=platform, api=unsupported) from Landroidx/test/espresso/base/Interrogator; (domain=app) using reflection: allowed
06-24 11:05:14.292  6574  6574 I xample.loginapp: hiddenapi: Accessing hidden method Landroid/os/Message;->recycleUnchecked()V (runtime_flags=0, domain=platform, api=unsupported) from Landroidx/test/espresso/base/Interrogator; (domain=app) using reflection: allowed
06-24 11:05:14.295  6574  6574 I xample.loginapp: hiddenapi: Accessing hidden method Landroid/view/WindowManagerGlobal;->getInstance()Landroid/view/WindowManagerGlobal; (runtime_flags=0, domain=platform, api=unsupported) from Landroidx/test/espresso/base/RootsOracle; (domain=app) using reflection: allowed
06-24 11:05:14.299  6574  6574 I xample.loginapp: hiddenapi: Accessing hidden field Landroid/view/WindowManagerGlobal;->mViews:Ljava/util/ArrayList; (runtime_flags=0, domain=platform, api=unsupported) from Landroidx/test/espresso/base/RootsOracle; (domain=app) using reflection: allowed
06-24 11:05:14.299  6574  6574 I xample.loginapp: hiddenapi: Accessing hidden field Landroid/view/WindowManagerGlobal;->mParams:Ljava/util/ArrayList; (runtime_flags=0, domain=platform, api=unsupported) from Landroidx/test/espresso/base/RootsOracle; (domain=app) using reflection: allowed
06-24 11:05:14.300  6574  6574 I ViewInteraction: Performing 'type text(admin)' action on view view.getId() is <2131230870/com.example.loginapp:id/editUsername>
06-24 11:05:14.338  1036  1036 D StatsLog: LAUNCHER_ONSTOP
06-24 11:05:14.357   629   682 I ActivityTaskManager: Displayed com.example.loginapp/.MainActivity for user 0: +3s625ms
06-24 11:05:14.454  2864  3076 I FontLog : (REDACTED) Fetch %s end status %s
06-24 11:05:14.471  2864  3076 I FontLog : (REDACTED) Pulling font file for id = %d, cache size = %d
06-24 11:05:14.513  2864  3076 I FontLog : (REDACTED) Pulling font file for id = %d, cache size = %d
06-24 11:05:14.585   551  2872 W IPCThreadState: Sending oneway calls to frozen process.
06-24 11:05:14.606  3451  3593 W WindowOnBackDispatcher: sendCancelIfRunning: isInProgress=false callback=android.view.ViewRootImpl$$ExternalSyntheticLambda13@788ea01
06-24 11:05:14.631   629   808 D InetDiagMessage: Destroyed 0 sockets, proto=IPPROTO_TCP, family=AF_INET, states=14
06-24 11:05:14.606  6474  6594 I ainh    : (REDACTED) #getHotwordModelFromMobstore [mobstoreUri: %s]
06-24 11:05:14.654   629   808 D InetDiagMessage: Destroyed 0 sockets, proto=IPPROTO_TCP, family=AF_INET6, states=14
06-24 11:05:14.654   629   808 D InetDiagMessage: Destroyed live tcp sockets for uids={10105} in 24ms
06-24 11:05:14.655  1036  1036 D StatsLog: LAUNCHER_GOOGLE_SEARCH_RESTORE_LIST_SIZE_AFTER_ACTIVITY_RESTART
06-24 11:05:14.687  2864  2868 W .gms.persistent: Suspending all threads took: 132.161ms
06-24 11:05:14.734  2008  2008 I GoogleInputMethodService: GoogleInputMethodService.onFinishInput():2043
06-24 11:05:14.736   629   978 I ImeTracker: system_server:60a40dd1: onRequestHide at ORIGIN_SERVER reason IME_REQUESTED_CHANGED_LISTENER fromUser false
06-24 11:05:14.756   629   685 I ImeTracker: system_server:60a40dd1: onCancelled at PHASE_SERVER_SHOULD_HIDE
06-24 11:05:14.780  1036  1036 D CannedAnimCoordinator: Wrong controller access from H2.w@8b136b2, actual provider null
06-24 11:05:14.818  3737  3864 I BugleDataModel: ActionExecutorImpl: ACTION_EXECUTE_QUEUED_SyncTelephonyThreadsAction
06-24 11:05:14.821  3737  6676 I BugleDataModel: ExecuteActionRunnable: running action SyncTelephonyThreadsAction
06-24 11:05:14.833  2008  2008 I Module  : DeviceLockedStatusModuleProvider$Module.updateDeviceLockedStatus():100 repeatCheckTimes = 0, locked = false
06-24 11:05:14.834  2008  2008 W NotificationCenter: NotificationCenter$NotificationQueue.notifyPendingNotificationsOnExecutor():877 Heavy notify work detected on UI thread: [kig->ilu, kig->khc, kig->jvb, kig->fcb, kig->fef, kig->fro, kig->ilu, kig->ilu, kig->ijm, kig->khg, kig->gkl, kig->jnx, kig->ilu, kig->ilu, kig->ilu, kig->ilu, kig->imt, kig->ilu, kig->ilu, kig->lux, kig->ilu, kig->ilu, kig->ilu, kig->ilu, kig->ilu] takes 63ms
06-24 11:05:14.843  3737  3840 I ForwardSyncCache: reclaimMemory: Clearing caches
06-24 11:05:14.847  2008  2008 I GoogleInputMethodService: GoogleInputMethodService.onStartInput():1293 onStartInput(EditorInfo{EditorInfo{packageName=com.example.loginapp, inputType=0, inputTypeString=NULL, enableLearning=false, autoCorrection=false, autoComplete=false, imeOptions=0, privateImeOptions=null, actionName=UNSPECIFIED, actionLabel=null, initialSelStart=-1, initialSelEnd=-1, initialCapsMode=0, label=null, fieldId=0, fieldName=null, extras=null, hintText=null, hintLocales=[]}}, false)
06-24 11:05:14.859  2008  2008 I Module  : DeviceLockedStatusModuleProvider$Module.updateDeviceLockedStatus():100 repeatCheckTimes = 1, locked = false
06-24 11:05:14.895  2008  2008 W NotificationCenter: NotificationCenter$NotificationQueue.notifyPendingNotificationsOnExecutor():877 Heavy notify work detected on UI thread: [kig->ilu, kig->khc, kig->jvb, kig->fcb, kig->fef, kig->fro, kig->ilu, kig->ilu, kig->ijm, kig->khg, kig->gkl, kig->jnx, kig->ilu, kig->ilu, kig->ilu, kig->ilu, kig->imt, kig->ilu, kig->ilu, kig->lux, kig->ilu, kig->ilu, kig->ilu, kig->ilu, kig->ilu] takes 39ms
06-24 11:05:14.931  2008  2008 W NotificationCenter: NotificationCenter$NotificationQueue.notifyPendingNotificationsOnExecutor():877 Heavy notify work detected on UI thread: [kig->jjs] takes 37ms
06-24 11:05:14.985  6474  6611 I aina    : (REDACTED) MicroDataManager InitializationTask. googleHotwordData is null: true, hotwordModel is null: %b , sourceLocationOfCurrentHotwordModel %s
06-24 11:05:14.991  6474  6608 I ailc    : getLocaleToModelSpecsMap
06-24 11:05:14.994  6474  6608 I ailc    : Fetching latest config from MDD...
06-24 11:05:14.995  6474  6608 I ailc    : (REDACTED) Found map of size: %d
06-24 11:05:14.996  6474  6608 I aedy    : Returning false in #takeChangeMicroDetectorMode without doing anything.
06-24 11:05:15.106  1036  1036 D RecentsView: destroy
06-24 11:05:15.107  1036  1036 D TaskbarManager: onActivityDestroyed: displayId=0 isDefaultDisplay=true
06-24 11:05:15.107  1036  1036 D TaskbarManager: onActivityDestroyed: unregistering callbacks displayId=0 isDefaultDisplay=true
06-24 11:05:15.107  1036  1036 D TaskbarManager: onActivityDestroyed: setting taskbarUIController displayId=0 isDefaultDisplay=true
06-24 11:05:15.126  3737  3840 W BugleSpam: trimming memory: closing msg model.
06-24 11:05:15.128  1036  1036 D TaskFragmentComponent: destroy task fragment
06-24 11:05:15.128  1036  1036 D TaskFragmentComponent: java.lang.Exception
06-24 11:05:15.128  1036  1036 D TaskFragmentComponent: 	at com.google.android.apps.nexuslauncher.overlay.TaskFragmentOverlayManager.onActivityDestroyed(go/retraceme ee19ec8c009da7af1d458e7d1683a6f5bf3b93b44f6674aa108e1a3e78584fe0:60)
06-24 11:05:15.128  1036  1036 D TaskFragmentComponent: 	at com.android.launcher3.Launcher.onDestroy(go/retraceme ee19ec8c009da7af1d458e7d1683a6f5bf3b93b44f6674aa108e1a3e78584fe0:107)
06-24 11:05:15.128  1036  1036 D TaskFragmentComponent: 	at com.android.launcher3.uioverrides.QuickstepLauncher.onDestroy(go/retraceme ee19ec8c009da7af1d458e7d1683a6f5bf3b93b44f6674aa108e1a3e78584fe0:77)
06-24 11:05:15.128  1036  1036 D TaskFragmentComponent: 	at com.google.android.apps.nexuslauncher.NexusLauncherActivity.onDestroy(go/retraceme ee19ec8c009da7af1d458e7d1683a6f5bf3b93b44f6674aa108e1a3e78584fe0:35)
06-24 11:05:15.128  1036  1036 D TaskFragmentComponent: 	at android.app.Activity.performDestroy(Activity.java:9460)
06-24 11:05:15.128  1036  1036 D TaskFragmentComponent: 	at android.app.Instrumentation.callActivityOnDestroy(Instrumentation.java:1556)
06-24 11:05:15.128  1036  1036 D TaskFragmentComponent: 	at android.app.ActivityThread.performDestroyActivity(ActivityThread.java:6256)
06-24 11:05:15.128  1036  1036 D TaskFragmentComponent: 	at android.app.ActivityThread.handleDestroyActivity(ActivityThread.java:6301)
06-24 11:05:15.128  1036  1036 D TaskFragmentComponent: 	at android.app.ActivityThread.handleRelaunchActivityInner(ActivityThread.java:6586)
06-24 11:05:15.128  1036  1036 D TaskFragmentComponent: 	at android.app.ActivityThread.handleRelaunchActivity(ActivityThread.java:6501)
06-24 11:05:15.128  1036  1036 D TaskFragmentComponent: 	at android.app.servertransaction.ActivityRelaunchItem.execute(ActivityRelaunchItem.java:106)
06-24 11:05:15.128  1036  1036 D TaskFragmentComponent: 	at android.app.servertransaction.ActivityTransactionItem.execute(ActivityTransactionItem.java:63)
06-24 11:05:15.128  1036  1036 D TaskFragmentComponent: 	at android.app.servertransaction.TransactionExecutor.executeNonLifecycleItem(TransactionExecutor.java:133)
06-24 11:05:15.128  1036  1036 D TaskFragmentComponent: 	at android.app.servertransaction.TransactionExecutor.executeTransactionItems(TransactionExecutor.java:103)
06-24 11:05:15.128  1036  1036 D TaskFragmentComponent: 	at android.app.servertransaction.TransactionExecutor.execute(TransactionExecutor.java:80)
06-24 11:05:15.128  1036  1036 D TaskFragmentComponent: 	at android.app.ClientTransactionHandler.executeTransaction(ClientTransactionHandler.java:69)
06-24 11:05:15.128  1036  1036 D TaskFragmentComponent: 	at android.app.ActivityThread.handleRelaunchActivityLocally(ActivityThread.java:6567)
06-24 11:05:15.128  1036  1036 D TaskFragmentComponent: 	at android.app.ActivityThread$H.handleMessage(ActivityThread.java:2829)
06-24 11:05:15.128  1036  1036 D TaskFragmentComponent: 	at android.os.Handler.dispatchMessage(Handler.java:110)
06-24 11:05:15.128  1036  1036 D TaskFragmentComponent: 	at android.os.Looper.loopOnce(Looper.java:248)
06-24 11:05:15.128  1036  1036 D TaskFragmentComponent: 	at android.os.Looper.loop(Looper.java:338)
06-24 11:05:15.128  1036  1036 D TaskFragmentComponent: 	at android.app.ActivityThread.main(ActivityThread.java:9067)
06-24 11:05:15.128  1036  1036 D TaskFragmentComponent: 	at java.lang.reflect.Method.invoke(Native Method)
06-24 11:05:15.128  1036  1036 D TaskFragmentComponent: 	at com.android.internal.os.RuntimeInit$MethodAndArgsCaller.run(RuntimeInit.java:593)
06-24 11:05:15.128  1036  1036 D TaskFragmentComponent: 	at com.android.internal.os.ZygoteInit.main(ZygoteInit.java:932)
06-24 11:05:15.161  3737  6676 I BugleDataModel: ActionExecutorImpl: ACTION_BACKGROUND_QUEUED_SyncTelephonyThreadsAction
06-24 11:05:15.188  3737  3840 W Bugle   : TextClassifierLibManagerImpl: Reclaiming memory at level: 40
06-24 11:05:15.224  6574  6574 I AutofillManager: showAutofillDialog() return false due to improve fill dialog
06-24 11:05:15.230  6574  6574 I ImeTracker: com.example.loginapp:a248e79b: onRequestShow at ORIGIN_CLIENT reason SHOW_SOFT_INPUT fromUser true
06-24 11:05:15.238  6574  6574 D InsetsController: show(ime(), fromIme=false)
06-24 11:05:15.250  3737  6678 I BugleDataModel: SyncTelephonyThreadsAction: Not starting SyncTelephonyThreadsAction because BCM is used.
06-24 11:05:15.258  3737  6678 I BugleDataModel: ActionExecutorImpl: ACTION_RESPONSE_QUEUED_SyncTelephonyThreadsAction
06-24 11:05:15.270  6574  6574 I Choreographer: Skipped 37 frames!  The application may be doing too much work on its main thread.
06-24 11:05:15.334  6574  6574 I AssistStructure: Flattened final assist data: 1600 bytes, containing 1 windows, 7 views
06-24 11:05:15.351  3737  3840 I ForwardSyncCache: reclaimMemory: Clearing caches
06-24 11:05:15.351  3737  3840 W BugleSpam: trimming memory: closing msg model.
06-24 11:05:15.354  3737  3840 W Bugle   : TextClassifierLibManagerImpl: Reclaiming memory at level: 40
06-24 11:05:15.371  2008  2008 I GoogleInputMethodService: GoogleInputMethodService.onFinishInput():2043
06-24 11:05:15.382  2008  2008 I Module  : DeviceLockedStatusModuleProvider$Module.updateDeviceLockedStatus():100 repeatCheckTimes = 0, locked = false
06-24 11:05:15.383  2008  2008 I GoogleInputMethodService: GoogleInputMethodService.onStartInput():1293 onStartInput(EditorInfo{EditorInfo{packageName=com.example.loginapp, inputType=20001, inputTypeString=Normal[MultiLine], enableLearning=true, autoCorrection=true, autoComplete=true, imeOptions=48000005, privateImeOptions=null, actionName=NEXT, actionLabel=null, initialSelStart=0, initialSelEnd=0, initialCapsMode=0, label=null, fieldId=2131230870, fieldName=null, extras=Bundle[mParcelledData.dataSize=168], hintText=non-empty, hintLocales=[]}}, false)
06-24 11:05:15.420  2008  2008 I Module  : DeviceLockedStatusModuleProvider$Module.updateDeviceLockedStatus():100 repeatCheckTimes = 1, locked = false
06-24 11:05:15.466   629  1821 D ConnectivityService: requestNetwork for uid/pid:10149/6474 activeRequest: null callbackRequest: 230 [NetworkRequest [ REQUEST id=230, [ Transports: CELLULAR Capabilities: INTERNET&NOT_RESTRICTED&TRUSTED&NOT_VPN&NOT_VCN_MANAGED&NOT_BANDWIDTH_CONSTRAINED Uid: 10149 RequestorUid: 10149 RequestorPkg: com.google.android.googlequicksearchbox UnderlyingNetworks: Null] ]] callback flags: 0 order: 2147483647 isUidTracked: false declaredMethods: AVAIL|LOSING|LOST|NC|LP
06-24 11:05:15.474  1036  1036 D RecentsView: reset - mEnableDrawingLiveTile: false, mRecentsAnimationController: null
06-24 11:05:15.493  2008  2008 I StylusModule: StylusModule.onUpdateToolType():801 Update tool type = 2
06-24 11:05:15.497  2008  2008 I AbstractOpenableExtension: AbstractOpenableExtension.maybeDestroyExistingKeyboardGroupManager():537 Destroy existing keyboard group manager in eay
06-24 11:05:15.498  2008  2008 I ModuleManager: ModuleManager$ModuleInitListener.maybeUnloadModuleOnUnavailable():1350 module IExpressionMomentExtension is unavailable
06-24 11:05:15.526  2008  2008 W NotificationCenter: NotificationCenter$NotificationQueue.notifyPendingNotificationsOnExecutor():877 Heavy notify work detected on UI thread: [ikh->lei] takes 29ms
06-24 11:05:15.570  6574  6681 D ProfileInstaller: Installing profile for com.example.loginapp
06-24 11:05:15.587  2008  2008 I GoogleInputMethodService: GoogleInputMethodService.onStartInputView():1392 onStartInputView(EditorInfo{EditorInfo{packageName=com.example.loginapp, inputType=20001, inputTypeString=Normal[MultiLine], enableLearning=true, autoCorrection=true, autoComplete=true, imeOptions=48000005, privateImeOptions=null, actionName=NEXT, actionLabel=null, initialSelStart=0, initialSelEnd=0, initialCapsMode=0, label=null, fieldId=2131230870, fieldName=null, extras=Bundle[{androidx.core.view.inputmethod.EditorInfoCompat.STYLUS_HANDWRITING_ENABLED=true}], hintText=non-empty, hintLocales=[]}}, false)
06-24 11:05:15.594  2008  2008 I KeyboardHeightUtil: KeyboardHeightUtil.getOemKeyboardHeightRatio():161 systemKeyboardHeightRatio:1.000000.
06-24 11:05:15.598  6574  6574 D UiControllerImpl: Injecting string: "admin"
06-24 11:05:15.604  2008  2008 I AndroidIME: InputBundleManager.loadActiveInputBundleId():483 loadActiveInputBundleId: en-US, ime_english_united_states
06-24 11:05:15.615  2008  2008 I AndroidIME: AbstractIme.onActivate():90 LatinIme.onActivate() : EditorInfo = EditorInfo{packageName=com.example.loginapp, inputType=20001, inputTypeString=Normal[MultiLine], enableLearning=true, autoCorrection=true, autoComplete=true, imeOptions=48000005, privateImeOptions=null, actionName=NEXT, actionLabel=null, initialSelStart=0, initialSelEnd=0, initialCapsMode=0, label=null, fieldId=2131230870, fieldName=null, extras=Bundle[{androidx.core.view.inputmethod.EditorInfoCompat.STYLUS_HANDWRITING_ENABLED=true}], hintText=non-empty, hintLocales=[]}, IncognitoMode = false, DeviceLocked = false
06-24 11:05:15.624  2008  2008 I InputBundle: InputBundle.consumeEvent():949 Skip consuming an event as keyboard status is 0
06-24 11:05:15.630  2008  2008 I Delight5Facilitator: Delight5Facilitator.initializeForIme():729 initializeForIme() : Locale = [en_US], layout = qwerty
06-24 11:05:15.680   629   808 D ConnectivityService: NetReassign [230 : null → 102] [c 0] [a 180] [i 30]
06-24 11:05:15.680   629   808 D ConnectivityService: reportNetworkConnectivity(101, false) by 10149
06-24 11:05:15.698  2008  2008 I LatinIme: LatinIme.updateEnableInlineSuggestionsOnDecoderSideFlags():1256 inline flag updated to:false
06-24 11:05:15.702  1002  1902 D NetworkMonitor/101: Forcing reevaluation for UID 10149. Dns signal count: 0
06-24 11:05:15.724  2008  2008 I LatinIme: LatinIme.updateEnableInlineSuggestionsOnDecoderSideFlags():1256 inline flag updated to:false
06-24 11:05:15.773  1036  1036 D UnlockComponentFactory: instantiateActivity() com.google.android.apps.nexuslauncher.NexusLauncherActivity isUserLocked: false
06-24 11:05:15.789  1036  1036 W WindowOnBackDispatcher: sendCancelIfRunning: isInProgress=false callback=com.android.launcher3.uioverrides.QuickstepLauncher$3@3386413
06-24 11:05:15.796  2008  2008 I InputBundle: InputBundle.consumeEvent():949 Skip consuming an event as keyboard status is 0
06-24 11:05:15.797  2008  2008 I InputBundle: InputBundle.consumeEvent():949 Skip consuming an event as keyboard status is 0
06-24 11:05:15.816  2008  2008 I KeyboardWrapper: KeyboardWrapper.activateKeyboard():562 activateKeyboard(): type=prime, status=0, imeDef=kyj{stringId=ime_english_united_states, language=en-US, languageTag=en-US, processedConditions={enable_number_row=false, device=phone}, className=com.google.android.libraries.inputmethod.ime.experiment.ExperimentImeWrapper, label=0, keyEventInterpreter=null, inlineComposing=true, autoCapital=true, announceAutoSelectedCandidate=true, statusIcon=0, primeKeyboardType=SOFT, indicatorIcon=0, indicatorLabel=US, displayAppCompletions=true, extraValues=kyb{#0x7f0b021c=TypedValue{t=0x3/d=0x0 "writing_helper_enable_by_word_revert=false"}, #0x7f0b0222=TypedValue{t=0x3/d=0x0 "com.google.android.apps.inputmethod.libs.latin5.LatinIme"}, #0x7f0b0223=TypedValue{t=0x3/d=0x0 "com.google.android.apps.inputmethod.libs.edittracker.EditTrackingImeWrapper"}, #0x7f0b0224=TypedValue{t=0x3/d=0x0 "com.google.android.apps.inputmethod.libs.latin5.LatinIme"}}, processors=lac@2e3f105, unacceptableMetaKeys=4098, languageSpecificSettings=0, asciiCapable=true, alwaysShowSuggestions=false, useAsciiPasswordKeyboard=false, secondaryIme=null, keyboardGroupDef=kzl@de9f923, phenotypeFlagId=0, localizationLanguageTag=null, supportsInlineSuggestion=true}
06-24 11:05:15.818  2008  2008 I KeyboardManager: KeyboardManager.requestKeyboard():248 Creating keyboard prime, imeId=ime_english_united_states, cacheKey=theme_!gsf_!pgsans_!pgsf_!use_system_font_BORDER=true_FLAVOR_DPI=XXHDPI_KEYBOARD_WIDTH_CATEGORY=NORMAL_LIGHT_THEME=true_PHYSICAL_DIAGONAL=6.2662034_SCREEN_SHORTEST_WIDTH=411_SCREEN_SHORTEST_WIDTH_NO_SCALE=411_bottom4dp_enable_google_fonts_icons=true_enable_popup_on_keypress=true_keyboard_redesign_google_sans=true_noshadow_overlay_builtin_dynamic_color_light_base.binarypb:gm3-light-fffaf8ff-ff495d92-82b625f90d810779661adb8ce93b5ac5_silkpopup_unify_function_key_color=true
06-24 11:05:15.829  2008  2008 I KeyboardWrapper: KeyboardWrapper.onKeyboardReady():212 onKeyboardReady(): type=accessory(prime), kb=com.google.android.apps.inputmethod.latin.keyboard.LatinPrimeKeyboard@f5ef3ad
06-24 11:05:15.834  2008  2008 I KeyboardWrapper: KeyboardWrapper.doActivateKeyboard():589 doActivateKeyboard(): prime
06-24 11:05:15.912  2008  2008 I KeyboardViewHelper: KeyboardViewHelper.getView():178 Get view with height ratio:1.000000
06-24 11:05:15.946  1002  6687 D NetworkMonitor/101: PROBE_DNS connectivitycheck.gstatic.com 79ms OK 142.250.185.67,2a00:1450:4001:80e::2003
06-24 11:05:15.958  1002  6686 D NetworkMonitor/101: PROBE_DNS www.google.com 92ms OK 142.250.186.164,2a00:1450:4001:82b::2004
06-24 11:05:15.998  2008  2008 W HWUI    : Image decoding logging dropped!
06-24 11:05:16.003  2008  2008 I KeyboardHeightUtil: KeyboardHeightUtil.calculateMaxKeyboardBodyHeight():46 leave 281 height for app when ime window height:2211, header height:116 and isFullscreenMode:false, so the max keyboard body height is:1814
06-24 11:05:16.004  2008  2008 I GlobeKeyExtension: GlobeKeyExtension.getKeyboardInitialStates():131
06-24 11:05:16.005  2008  2008 W KeyboardDef: KeyboardDef.getKeyboardViewDef():757 KeyboardViewDef is not found: keyboardDef=kze{processedConditions={enable_more_candidates_view_for_multilingual=false, layout_9key_split=false, enable_secondary_symbols=false, language=en-US, deprecate_long_press_space_for_ime_picker=false, expressions=normal, enable_flick_symbols=false, variant=qwerty, device=phone, keyboard_mode=normal, show_secondary_digits=true, enable_preemptive_decode=true, rtl_layout=false}, globalConditions={global_theme_key=theme_!gsf_!pgsans_!pgsf_!use_system_font_BORDER=true_FLAVOR_DPI=XXHDPI_KEYBOARD_WIDTH_CATEGORY=NORMAL_LIGHT_THEME=true_PHYSICAL_DIAGONAL=6.2662034_SCREEN_SHORTEST_WIDTH=411_SCREEN_SHORTEST_WIDTH_NO_SCALE=411_bottom4dp_enable_google_fonts_icons=true_enable_popup_on_keypress=true_keyboard_redesign_google_sans=true_noshadow_overlay_builtin_dynamic_color_light_base.binarypb:gm3-light-fffaf8ff-ff495d92-82b625f90d810779661adb8ce93b5ac5_silkpopup_unify_function_key_color=true, global_locale=en_US, global_density_dpi=420, global_orientation=1}, className=.latin.keyboard.LatinPrimeKeyboard, resourceIds=[#0x7f17065e, #0x7f1708dc], initialStates=0, keyboardViewDefs=[kzt{direction=null, id=#0x7f0b0166, isScalable=true, layoutId=#0x7f0e0346, type=BODY, touchable=true, defaultShow=true}, kzt{direction=null, id=#0x7f0b0166, isScalable=false, layoutId=#0x7f0e01db, type=FLOATING_CANDIDATES, touchable=false, defaultShow=false}, kzt{direction=LOCALE, id=#0x7f0b0166, isScalable=false, layoutId=#0x7f0e04da, type=HEADER, touchable=true, defaultShow=true}], persistentStates=0, persistentStatesPrefKey=null, popupBubbleLayoutId=#0x7f0e05ce, recentKeyLayoutId=0, recentKeyPopupLayoutId=0, recentKeyType=null, rememberRecentKey=NONE, sessionStates=17592186044419}, type=WIDGET, id=2131427686
06-24 11:05:16.005  2008  2008 W Keyboard: Keyboard.getKeyboardViewHelper():597 null helper is returned: keyboardDef=kze{processedConditions={enable_more_candidates_view_for_multilingual=false, layout_9key_split=false, enable_secondary_symbols=false, language=en-US, deprecate_long_press_space_for_ime_picker=false, expressions=normal, enable_flick_symbols=false, variant=qwerty, device=phone, keyboard_mode=normal, show_secondary_digits=true, enable_preemptive_decode=true, rtl_layout=false}, globalConditions={global_theme_key=theme_!gsf_!pgsans_!pgsf_!use_system_font_BORDER=true_FLAVOR_DPI=XXHDPI_KEYBOARD_WIDTH_CATEGORY=NORMAL_LIGHT_THEME=true_PHYSICAL_DIAGONAL=6.2662034_SCREEN_SHORTEST_WIDTH=411_SCREEN_SHORTEST_WIDTH_NO_SCALE=411_bottom4dp_enable_google_fonts_icons=true_enable_popup_on_keypress=true_keyboard_redesign_google_sans=true_noshadow_overlay_builtin_dynamic_color_light_base.binarypb:gm3-light-fffaf8ff-ff495d92-82b625f90d810779661adb8ce93b5ac5_silkpopup_unify_function_key_color=true, global_locale=en_US, global_density_dpi=420, global_orientation=1}, className=.latin.keyboard.LatinPrimeKeyboard, resourceIds=[#0x7f17065e, #0x7f1708dc], initialStates=0, keyboardViewDefs=[kzt{direction=null, id=#0x7f0b0166, isScalable=true, layoutId=#0x7f0e0346, type=BODY, touchable=true, defaultShow=true}, kzt{direction=null, id=#0x7f0b0166, isScalable=false, layoutId=#0x7f0e01db, type=FLOATING_CANDIDATES, touchable=false, defaultShow=false}, kzt{direction=LOCALE, id=#0x7f0b0166, isScalable=false, layoutId=#0x7f0e04da, type=HEADER, touchable=true, defaultShow=true}], persistentStates=0, persistentStatesPrefKey=null, popupBubbleLayoutId=#0x7f0e05ce, recentKeyLayoutId=0, recentKeyPopupLayoutId=0, recentKeyType=null, rememberRecentKey=NONE, sessionStates=17592186044419}, type=WIDGET, helpersCreated=[kkl@ebed74a, kkl@a1666bb, kkl@e78e7d8, null], context.getResources().getConfiguration(): {1.0 310mcc260mnc [en_US] ldltr sw411dp w411dp h914dp 420dpi nrml long port finger qwerty/v/v dpad/v winConfig={ mBounds=Rect(0, 0 - 1080, 2400) mAppBounds=Rect(0, 0 - 1080, 2400) mMaxBounds=Rect(0, 0 - 1080, 2400) mDisplayRotation=ROTATION_0 mWindowingMode=fullscreen mActivityType=undefined mAlwaysOnTop=undefined mRotation=ROTATION_0} s.9 fontWeightAdjustment=0}
06-24 11:05:16.011  2008  2008 I KeyboardHeightUtil: KeyboardHeightUtil.calculateMaxKeyboardBodyHeight():46 leave 281 height for app when ime window height:2211, header height:116 and isFullscreenMode:false, so the max keyboard body height is:1814
06-24 11:05:16.016  2008  2008 I KeyboardManager: KeyboardManager.requestKeyboard():248 Creating keyboard accessory_candidates_consumer, imeId=ime_english_united_states, cacheKey=theme_!gsf_!pgsans_!pgsf_!use_system_font_BORDER=true_FLAVOR_DPI=XXHDPI_KEYBOARD_WIDTH_CATEGORY=NORMAL_LIGHT_THEME=true_PHYSICAL_DIAGONAL=6.2662034_SCREEN_SHORTEST_WIDTH=411_SCREEN_SHORTEST_WIDTH_NO_SCALE=411_bottom4dp_enable_google_fonts_icons=true_enable_popup_on_keypress=true_keyboard_redesign_google_sans=true_noshadow_overlay_builtin_dynamic_color_light_base.binarypb:gm3-light-fffaf8ff-ff495d92-82b625f90d810779661adb8ce93b5ac5_silkpopup_unify_function_key_color=true
06-24 11:05:16.017  2008  2008 I GlobeKeyExtension: GlobeKeyExtension.getKeyboardInitialStates():131
