06-24 11:05:16.023  2008  2008 W Keyboard: Keyboard.getKeyboardViewHelper():597 null helper is returned: keyboardDef=kze{processedConditions={}, globalConditions={global_theme_key=theme_!gsf_!pgsans_!pgsf_!use_system_font_BORDER=true_FLAVOR_DPI=XXHDPI_KEYBOARD_WIDTH_CATEGORY=NORMAL_LIGHT_THEME=true_PHYSICAL_DIAGONAL=6.2662034_SCREEN_SHORTEST_WIDTH=411_SCREEN_SHORTEST_WIDTH_NO_SCALE=411_bottom4dp_enable_google_fonts_icons=true_enable_popup_on_keypress=true_keyboard_redesign_google_sans=true_noshadow_overlay_builtin_dynamic_color_light_base.binarypb:gm3-light-fffaf8ff-ff495d92-82b625f90d810779661adb8ce93b5ac5_silkpopup_unify_function_key_color=true, global_locale=en_US, global_density_dpi=420, global_orientation=1}, className=.latin.keyboard.AccessoryKeyboard, resourceIds=[#0x7f170044], initialStates=0, keyboardViewDefs=[kzt{direction=null, id=#0x7f0b0166, isScalable=false, layoutId=#0x7f0e002d, type=FLOATING_CANDIDATES, touchable=true, defaultShow=false}], persistentStates=0, persistentStatesPrefKey=null, popupBubbleLayoutId=#0x7f0e05ce, recentKeyLayoutId=0, recentKeyPopupLayoutId=0, recentKeyType=null, rememberRecentKey=NONE, sessionStates=0}, type=HEADER, helpersCreated=[null, null, kkl@2a3e92d, null], context.getResources().getConfiguration(): {1.0 310mcc260mnc [en_US] ldltr sw411dp w411dp h914dp 420dpi nrml long port finger qwerty/v/v dpad/v winConfig={ mBounds=Rect(0, 0 - 1080, 2400) mAppBounds=Rect(0, 0 - 1080, 2400) mMaxBounds=Rect(0, 0 - 1080, 2400) mDisplayRotation=ROTATION_0 mWindowingMode=fullscreen mActivityType=undefined mAlwaysOnTop=undefined mRotation=ROTATION_0} s.9 fontWeightAdjustment=0}
06-24 11:05:16.023  2008  2008 W Keyboard: Keyboard.getKeyboardViewHelper():597 null helper is returned: keyboardDef=kze{processedConditions={}, globalConditions={global_theme_key=theme_!gsf_!pgsans_!pgsf_!use_system_font_BORDER=true_FLAVOR_DPI=XXHDPI_KEYBOARD_WIDTH_CATEGORY=NORMAL_LIGHT_THEME=true_PHYSICAL_DIAGONAL=6.2662034_SCREEN_SHORTEST_WIDTH=411_SCREEN_SHORTEST_WIDTH_NO_SCALE=411_bottom4dp_enable_google_fonts_icons=true_enable_popup_on_keypress=true_keyboard_redesign_google_sans=true_noshadow_overlay_builtin_dynamic_color_light_base.binarypb:gm3-light-fffaf8ff-ff495d92-82b625f90d810779661adb8ce93b5ac5_silkpopup_unify_function_key_color=true, global_locale=en_US, global_density_dpi=420, global_orientation=1}, className=.latin.keyboard.AccessoryKeyboard, resourceIds=[#0x7f170044], initialStates=0, keyboardViewDefs=[kzt{direction=null, id=#0x7f0b0166, isScalable=false, layoutId=#0x7f0e002d, type=FLOATING_CANDIDATES, touchable=true, defaultShow=false}], persistentStates=0, persistentStatesPrefKey=null, popupBubbleLayoutId=#0x7f0e05ce, recentKeyLayoutId=0, recentKeyPopupLayoutId=0, recentKeyType=null, rememberRecentKey=NONE, sessionStates=0}, type=BODY, helpersCreated=[null, null, kkl@2a3e92d, null], context.getResources().getConfiguration(): {1.0 310mcc260mnc [en_US] ldltr sw411dp w411dp h914dp 420dpi nrml long port finger qwerty/v/v dpad/v winConfig={ mBounds=Rect(0, 0 - 1080, 2400) mAppBounds=Rect(0, 0 - 1080, 2400) mMaxBounds=Rect(0, 0 - 1080, 2400) mDisplayRotation=ROTATION_0 mWindowingMode=fullscreen mActivityType=undefined mAlwaysOnTop=undefined mRotation=ROTATION_0} s.9 fontWeightAdjustment=0}
06-24 11:05:16.037  1002  6687 D NetworkMonitor/101: PROBE_HTTP http://connectivitycheck.gstatic.com/generate_204 time=77ms ret=204 request={Connection=[close], User-Agent=[Mozilla/5.0 (X11; Linux x86_64) AppleWebKit/537.36 (KHTML, like Gecko) Chrome/60.0.3112.32 Safari/537.36]} headers={null=[HTTP/1.1 204 No Content], Connection=[close], Content-Length=[0], Cross-Origin-Resource-Policy=[cross-origin], Date=[Tue, 24 Jun 2025 09:05:15 GMT], X-Android-Received-Millis=[1750755916036], X-Android-Response-Source=[NETWORK 204], X-Android-Selected-Protocol=[http/1.1], X-Android-Sent-Millis=[1750755916011]}
06-24 11:05:16.039  2008  2008 I AndroidIME: InputBundleManager.startInput():361 startInput() with kzp[keyboardType=prime, payload=null]
06-24 11:05:16.041  2008  2008 I GlobeKeyExtension: GlobeKeyExtension.onActivate():70
06-24 11:05:16.051  2864  2864 E SettingsProtoDataStore: Failed to get local settings. [CONTEXT service_id=177 ]
06-24 11:05:16.051  2864  2864 E SettingsProtoDataStore: java.util.concurrent.TimeoutException: Waited 100 milliseconds (plus 9 milliseconds, 428916 nanoseconds delay) for gbox@a348b8d[status=PENDING, info=[delegate=[gbox@6f29142[status=PENDING, info=[delegate=[gbox@8962553[status=PENDING, info=[delegate=[gbqn@87f5e90[status=PENDING, info=[task=[running=[RUNNING ON lowpool[58]], propagating=[fhxj@6b5389]]]]]]]]]]]]]
06-24 11:05:16.051  2864  2864 E SettingsProtoDataStore: 	at gbmk.v(:com.google.android.gms@252262035@25.22.62 (260400-771057936):371)
06-24 11:05:16.051  2864  2864 E SettingsProtoDataStore: 	at gbmb.get(:com.google.android.gms@252262035@25.22.62 (260400-771057936):2)
06-24 11:05:16.051  2864  2864 E SettingsProtoDataStore: 	at amvx.e(:com.google.android.gms@252262035@25.22.62 (260400-771057936):9)
06-24 11:05:16.051  2864  2864 E SettingsProtoDataStore: 	at amtc.y(:com.google.android.gms@252262035@25.22.62 (260400-771057936):3)
06-24 11:05:16.051  2864  2864 E SettingsProtoDataStore: 	at amql.y(:com.google.android.gms@252262035@25.22.62 (260400-771057936):3)
06-24 11:05:16.051  2864  2864 E SettingsProtoDataStore: 	at amfr.onFillRequest(:com.google.android.gms@252262035@25.22.62 (260400-771057936):751)
06-24 11:05:16.051  2864  2864 E SettingsProtoDataStore: 	at android.service.autofill.AutofillService$1$$ExternalSyntheticLambda3.accept(D8$$SyntheticClass:0)
06-24 11:05:16.051  2864  2864 E SettingsProtoDataStore: 	at com.android.internal.util.function.pooled.PooledLambdaImpl.doInvoke(PooledLambdaImpl.java:310)
06-24 11:05:16.051  2864  2864 E SettingsProtoDataStore: 	at com.android.internal.util.function.pooled.PooledLambdaImpl.invoke(PooledLambdaImpl.java:204)
06-24 11:05:16.051  2864  2864 E SettingsProtoDataStore: 	at com.android.internal.util.function.pooled.OmniFunction.run(OmniFunction.java:87)
06-24 11:05:16.051  2864  2864 E SettingsProtoDataStore: 	at android.os.Handler.handleCallback(Handler.java:995)
06-24 11:05:16.051  2864  2864 E SettingsProtoDataStore: 	at android.os.Handler.dispatchMessage(Handler.java:103)
06-24 11:05:16.051  2864  2864 E SettingsProtoDataStore: 	at android.os.Looper.loopOnce(Looper.java:248)
06-24 11:05:16.051  2864  2864 E SettingsProtoDataStore: 	at android.os.Looper.loop(Looper.java:338)
06-24 11:05:16.051  2864  2864 E SettingsProtoDataStore: 	at android.app.ActivityThread.main(ActivityThread.java:9067)
06-24 11:05:16.051  2864  2864 E SettingsProtoDataStore: 	at java.lang.reflect.Method.invoke(Native Method)
06-24 11:05:16.051  2864  2864 E SettingsProtoDataStore: 	at com.android.internal.os.RuntimeInit$MethodAndArgsCaller.run(RuntimeInit.java:593)
06-24 11:05:16.051  2864  2864 E SettingsProtoDataStore: 	at com.android.internal.os.ZygoteInit.main(ZygoteInit.java:932)
06-24 11:05:16.064  2008  2008 W HWUI    : Image decoding logging dropped!
06-24 11:05:16.066  2008  2008 W AutoPasteSuggestionHelper: AutoPasteSuggestionHelper.setMaxWidthOfChipTextView():1004 Failed to get the width of the proactive suggestion view holder in HEADER.
06-24 11:05:16.070  2008  2008 W AutoPasteSuggestionHelper: AutoPasteSuggestionHelper.setMaxWidthOfChipTextView():1004 Failed to get the width of the proactive suggestion view holder in HEADER.
06-24 11:05:16.092  2008  2008 W AutoPasteSuggestionHelper: AutoPasteSuggestionHelper.setMaxWidthOfChipTextView():1004 Failed to get the width of the proactive suggestion view holder in WIDGET.
06-24 11:05:16.094  2008  2008 I ProactiveSuggestionsHolderManager: ProactiveSuggestionsHolderManager$2.display():216 Requesting to show proactive suggestions: CLIPBOARD PREEMPTIVE_WITH_SUPPRESSION in HEADER
06-24 11:05:16.104  2008  2008 I ProactiveSuggestionsHolderManager: ProactiveSuggestionsHolderManager$2.display():216 Requesting to show proactive suggestions: CLIPBOARD PREEMPTIVE_WITH_SUPPRESSION in FLOATING_CANDIDATES
06-24 11:05:16.106  2008  2008 I ProactiveSuggestionsHolderManager: ProactiveSuggestionsHolderManager$2.display():216 Requesting to show proactive suggestions: CLIPBOARD PREEMPTIVE_WITH_SUPPRESSION in WIDGET
06-24 11:05:16.121  1036  1036 W Resources: Drawable com.google.android.apps.nexuslauncher:drawable/ic_chevron_end has unresolved theme attributes! Consider using Resources.getDrawable(int, Theme) or Context.getDrawable(int).
06-24 11:05:16.121  1036  1036 W Resources: java.lang.RuntimeException
06-24 11:05:16.121  1036  1036 W Resources: 	at android.content.res.Resources.getDrawable(Resources.java:926)
06-24 11:05:16.121  1036  1036 W Resources: 	at com.android.launcher3.pageindicators.PageIndicatorDots.<init>(go/retraceme ee19ec8c009da7af1d458e7d1683a6f5bf3b93b44f6674aa108e1a3e78584fe0:16)
06-24 11:05:16.121  1036  1036 W Resources: 	at com.android.launcher3.pageindicators.PageIndicatorDots.<init>(go/retraceme ee19ec8c009da7af1d458e7d1683a6f5bf3b93b44f6674aa108e1a3e78584fe0:2)
06-24 11:05:16.121  1036  1036 W Resources: 	at java.lang.reflect.Constructor.newInstance0(Native Method)
06-24 11:05:16.121  1036  1036 W Resources: 	at java.lang.reflect.Constructor.newInstance(Constructor.java:343)
06-24 11:05:16.121  1036  1036 W Resources: 	at android.view.LayoutInflater.createView(LayoutInflater.java:743)
06-24 11:05:16.121  1036  1036 W Resources: 	at android.view.LayoutInflater.createViewFromTag(LayoutInflater.java:895)
06-24 11:05:16.121  1036  1036 W Resources: 	at android.view.LayoutInflater.createViewFromTag(LayoutInflater.java:850)
06-24 11:05:16.121  1036  1036 W Resources: 	at android.view.LayoutInflater.rInflate(LayoutInflater.java:1012)
06-24 11:05:16.121  1036  1036 W Resources: 	at android.view.LayoutInflater.rInflateChildren(LayoutInflater.java:973)
06-24 11:05:16.121  1036  1036 W Resources: 	at android.view.LayoutInflater.rInflate(LayoutInflater.java:1015)
06-24 11:05:16.121  1036  1036 W Resources: 	at android.view.LayoutInflater.rInflateChildren(LayoutInflater.java:973)
06-24 11:05:16.121  1036  1036 W Resources: 	at android.view.LayoutInflater.inflate(LayoutInflater.java:571)
06-24 11:05:16.121  1036  1036 W Resources: 	at android.view.LayoutInflater.inflate(LayoutInflater.java:462)
06-24 11:05:16.121  1036  1036 W Resources: 	at android.view.LayoutInflater.inflate(LayoutInflater.java:413)
06-24 11:05:16.121  1036  1036 W Resources: 	at com.android.launcher3.statemanager.StatefulActivity.inflateRootView(go/retraceme ee19ec8c009da7af1d458e7d1683a6f5bf3b93b44f6674aa108e1a3e78584fe0:6)
06-24 11:05:16.121  1036  1036 W Resources: 	at com.android.launcher3.Launcher.setupViews(go/retraceme ee19ec8c009da7af1d458e7d1683a6f5bf3b93b44f6674aa108e1a3e78584fe0:10)
06-24 11:05:16.121  1036  1036 W Resources: 	at com.android.launcher3.uioverrides.QuickstepLauncher.setupViews(go/retraceme ee19ec8c009da7af1d458e7d1683a6f5bf3b93b44f6674aa108e1a3e78584fe0:13)
06-24 11:05:16.121  1036  1036 W Resources: 	at com.google.android.apps.nexuslauncher.NexusLauncherActivity.setupViews(go/retraceme ee19ec8c009da7af1d458e7d1683a6f5bf3b93b44f6674aa108e1a3e78584fe0:19)
06-24 11:05:16.121  1036  1036 W Resources: 	at com.android.launcher3.Launcher.onCreate(go/retraceme ee19ec8c009da7af1d458e7d1683a6f5bf3b93b44f6674aa108e1a3e78584fe0:181)
06-24 11:05:16.121  1036  1036 W Resources: 	at com.android.launcher3.uioverrides.QuickstepLauncher.onCreate(go/retraceme ee19ec8c009da7af1d458e7d1683a6f5bf3b93b44f6674aa108e1a3e78584fe0:1)
06-24 11:05:16.121  1036  1036 W Resources: 	at com.google.android.apps.nexuslauncher.NexusLauncherActivity.onCreate(go/retraceme ee19ec8c009da7af1d458e7d1683a6f5bf3b93b44f6674aa108e1a3e78584fe0:1)
06-24 11:05:16.121  1036  1036 W Resources: 	at android.app.Activity.performCreate(Activity.java:9155)
06-24 11:05:16.121  1036  1036 W Resources: 	at android.app.Activity.performCreate(Activity.java:9133)
06-24 11:05:16.121  1036  1036 W Resources: 	at android.app.Instrumentation.callActivityOnCreate(Instrumentation.java:1521)
06-24 11:05:16.121  1036  1036 W Resources: 	at android.app.ActivityThread.performLaunchActivity(ActivityThread.java:4262)
06-24 11:05:16.121  1036  1036 W Resources: 	at android.app.ActivityThread.handleLaunchActivity(ActivityThread.java:4467)
06-24 11:05:16.121  1036  1036 W Resources: 	at android.app.ActivityThread.handleRelaunchActivityInner(ActivityThread.java:6610)
06-24 11:05:16.121  1036  1036 W Resources: 	at android.app.ActivityThread.handleRelaunchActivity(ActivityThread.java:6501)
06-24 11:05:16.121  1036  1036 W Resources: 	at android.app.servertransaction.ActivityRelaunchItem.execute(ActivityRelaunchItem.java:106)
06-24 11:05:16.121  1036  1036 W Resources: 	at android.app.servertransaction.ActivityTransactionItem.execute(ActivityTransactionItem.java:63)
06-24 11:05:16.121  1036  1036 W Resources: 	at android.app.servertransaction.TransactionExecutor.executeNonLifecycleItem(TransactionExecutor.java:133)
06-24 11:05:16.121  1036  1036 W Resources: 	at android.app.servertransaction.TransactionExecutor.executeTransactionItems(TransactionExecutor.java:103)
06-24 11:05:16.121  1036  1036 W Resources: 	at android.app.servertransaction.TransactionExecutor.execute(TransactionExecutor.java:80)
06-24 11:05:16.121  1036  1036 W Resources: 	at android.app.ClientTransactionHandler.executeTransaction(ClientTransactionHandler.java:69)
06-24 11:05:16.121  1036  1036 W Resources: 	at android.app.ActivityThread.handleRelaunchActivityLocally(ActivityThread.java:6567)
06-24 11:05:16.121  1036  1036 W Resources: 	at android.app.ActivityThread$H.handleMessage(ActivityThread.java:2829)
06-24 11:05:16.121  1036  1036 W Resources: 	at android.os.Handler.dispatchMessage(Handler.java:110)
06-24 11:05:16.121  1036  1036 W Resources: 	at android.os.Looper.loopOnce(Looper.java:248)
06-24 11:05:16.121  1036  1036 W Resources: 	at android.os.Looper.loop(Looper.java:338)
06-24 11:05:16.121  1036  1036 W Resources: 	at android.app.ActivityThread.main(ActivityThread.java:9067)
06-24 11:05:16.121  1036  1036 W Resources: 	at java.lang.reflect.Method.invoke(Native Method)
06-24 11:05:16.121  1036  1036 W Resources: 	at com.android.internal.os.RuntimeInit$MethodAndArgsCaller.run(RuntimeInit.java:593)
06-24 11:05:16.121  1036  1036 W Resources: 	at com.android.internal.os.ZygoteInit.main(ZygoteInit.java:932)
06-24 11:05:16.121  1036  1036 W Resources: Drawable com.google.android.apps.nexuslauncher:drawable/ic_chevron_start has unresolved theme attributes! Consider using Resources.getDrawable(int, Theme) or Context.getDrawable(int).
06-24 11:05:16.121  1036  1036 W Resources: java.lang.RuntimeException
06-24 11:05:16.121  1036  1036 W Resources: 	at android.content.res.Resources.getDrawable(Resources.java:926)
06-24 11:05:16.121  1036  1036 W Resources: 	at com.android.launcher3.pageindicators.PageIndicatorDots.<init>(go/retraceme ee19ec8c009da7af1d458e7d1683a6f5bf3b93b44f6674aa108e1a3e78584fe0:17)
06-24 11:05:16.121  1036  1036 W Resources: 	at com.android.launcher3.pageindicators.PageIndicatorDots.<init>(go/retraceme ee19ec8c009da7af1d458e7d1683a6f5bf3b93b44f6674aa108e1a3e78584fe0:2)
06-24 11:05:16.121  1036  1036 W Resources: 	at java.lang.reflect.Constructor.newInstance0(Native Method)
06-24 11:05:16.121  1036  1036 W Resources: 	at java.lang.reflect.Constructor.newInstance(Constructor.java:343)
06-24 11:05:16.121  1036  1036 W Resources: 	at android.view.LayoutInflater.createView(LayoutInflater.java:743)
06-24 11:05:16.121  1036  1036 W Resources: 	at android.view.LayoutInflater.createViewFromTag(LayoutInflater.java:895)
06-24 11:05:16.121  1036  1036 W Resources: 	at android.view.LayoutInflater.createViewFromTag(LayoutInflater.java:850)
06-24 11:05:16.121  1036  1036 W Resources: 	at android.view.LayoutInflater.rInflate(LayoutInflater.java:1012)
06-24 11:05:16.121  1036  1036 W Resources: 	at android.view.LayoutInflater.rInflateChildren(LayoutInflater.java:973)
06-24 11:05:16.121  1036  1036 W Resources: 	at android.view.LayoutInflater.rInflate(LayoutInflater.java:1015)
06-24 11:05:16.121  1036  1036 W Resources: 	at android.view.LayoutInflater.rInflateChildren(LayoutInflater.java:973)
06-24 11:05:16.121  1036  1036 W Resources: 	at android.view.LayoutInflater.inflate(LayoutInflater.java:571)
06-24 11:05:16.121  1036  1036 W Resources: 	at android.view.LayoutInflater.inflate(LayoutInflater.java:462)
06-24 11:05:16.121  1036  1036 W Resources: 	at android.view.LayoutInflater.inflate(LayoutInflater.java:413)
06-24 11:05:16.121  1036  1036 W Resources: 	at com.android.launcher3.statemanager.StatefulActivity.inflateRootView(go/retraceme ee19ec8c009da7af1d458e7d1683a6f5bf3b93b44f6674aa108e1a3e78584fe0:6)
06-24 11:05:16.121  1036  1036 W Resources: 	at com.android.launcher3.Launcher.setupViews(go/retraceme ee19ec8c009da7af1d458e7d1683a6f5bf3b93b44f6674aa108e1a3e78584fe0:10)
06-24 11:05:16.121  1036  1036 W Resources: 	at com.android.launcher3.uioverrides.QuickstepLauncher.setupViews(go/retraceme ee19ec8c009da7af1d458e7d1683a6f5bf3b93b44f6674aa108e1a3e78584fe0:13)
06-24 11:05:16.121  1036  1036 W Resources: 	at com.google.android.apps.nexuslauncher.NexusLauncherActivity.setupViews(go/retraceme ee19ec8c009da7af1d458e7d1683a6f5bf3b93b44f6674aa108e1a3e78584fe0:19)
06-24 11:05:16.121  1036  1036 W Resources: 	at com.android.launcher3.Launcher.onCreate(go/retraceme ee19ec8c009da7af1d458e7d1683a6f5bf3b93b44f6674aa108e1a3e78584fe0:181)
06-24 11:05:16.121  1036  1036 W Resources: 	at com.android.launcher3.uioverrides.QuickstepLauncher.onCreate(go/retraceme ee19ec8c009da7af1d458e7d1683a6f5bf3b93b44f6674aa108e1a3e78584fe0:1)
06-24 11:05:16.121  1036  1036 W Resources: 	at com.google.android.apps.nexuslauncher.NexusLauncherActivity.onCreate(go/retraceme ee19ec8c009da7af1d458e7d1683a6f5bf3b93b44f6674aa108e1a3e78584fe0:1)
06-24 11:05:16.121  1036  1036 W Resources: 	at android.app.Activity.performCreate(Activity.java:9155)
06-24 11:05:16.121  1036  1036 W Resources: 	at android.app.Activity.performCreate(Activity.java:9133)
06-24 11:05:16.121  1036  1036 W Resources: 	at android.app.Instrumentation.callActivityOnCreate(Instrumentation.java:1521)
06-24 11:05:16.121  1036  1036 W Resources: 	at android.app.ActivityThread.performLaunchActivity(ActivityThread.java:4262)
06-24 11:05:16.121  1036  1036 W Resources: 	at android.app.ActivityThread.handleLaunchActivity(ActivityThread.java:4467)
06-24 11:05:16.121  1036  1036 W Resources: 	at android.app.ActivityThread.handleRelaunchActivityInner(ActivityThread.java:6610)
06-24 11:05:16.121  1036  1036 W Resources: 	at android.app.ActivityThread.handleRelaunchActivity(ActivityThread.java:6501)
06-24 11:05:16.121  1036  1036 W Resources: 	at android.app.servertransaction.ActivityRelaunchItem.execute(ActivityRelaunchItem.java:106)
06-24 11:05:16.121  1036  1036 W Resources: 	at android.app.servertransaction.ActivityTransactionItem.execute(ActivityTransactionItem.java:63)
06-24 11:05:16.121  1036  1036 W Resources: 	at android.app.servertransaction.TransactionExecutor.executeNonLifecycleItem(TransactionExecutor.java:133)
06-24 11:05:16.121  1036  1036 W Resources: 	at android.app.servertransaction.TransactionExecutor.executeTransactionItems(TransactionExecutor.java:103)
06-24 11:05:16.121  1036  1036 W Resources: 	at android.app.servertransaction.TransactionExecutor.execute(TransactionExecutor.java:80)
06-24 11:05:16.121  1036  1036 W Resources: 	at android.app.ClientTransactionHandler.executeTransaction(ClientTransactionHandler.java:69)
06-24 11:05:16.121  1036  1036 W Resources: 	at android.app.ActivityThread.handleRelaunchActivityLocally(ActivityThread.java:6567)
06-24 11:05:16.121  1036  1036 W Resources: 	at android.app.ActivityThread$H.handleMessage(ActivityThread.java:2829)
06-24 11:05:16.121  1036  1036 W Resources: 	at android.os.Handler.dispatchMessage(Handler.java:110)
06-24 11:05:16.121  1036  1036 W Resources: 	at android.os.Looper.loopOnce(Looper.java:248)
06-24 11:05:16.121  1036  1036 W Resources: 	at android.os.Looper.loop(Looper.java:338)
06-24 11:05:16.121  1036  1036 W Resources: 	at android.app.ActivityThread.main(ActivityThread.java:9067)
06-24 11:05:16.121  1036  1036 W Resources: 	at java.lang.reflect.Method.invoke(Native Method)
06-24 11:05:16.121  1036  1036 W Resources: 	at com.android.internal.os.RuntimeInit$MethodAndArgsCaller.run(RuntimeInit.java:593)
06-24 11:05:16.121  1036  1036 W Resources: 	at com.android.internal.os.ZygoteInit.main(ZygoteInit.java:932)
06-24 11:05:16.160   629   808 D InetDiagMessage: Destroyed 0 sockets, proto=IPPROTO_TCP, family=AF_INET, states=14
06-24 11:05:16.169   629   808 D InetDiagMessage: Destroyed 0 sockets, proto=IPPROTO_TCP, family=AF_INET6, states=14
06-24 11:05:16.169   629   808 D InetDiagMessage: Destroyed live tcp sockets for uids={10133} in 10ms
06-24 11:05:16.241  2008  2008 I CrowdsourceExtension: CrowdsourceExtension.checkIfDefaultBrowserIsAllowed():109 Failed to get default browser. The default browser may be deactivated.
06-24 11:05:16.246  1002  6686 D NetworkMonitor/101: PROBE_HTTPS https://www.google.com/generate_204 time=287ms ret=204 request={Connection=[close], User-Agent=[Mozilla/5.0 (X11; Linux x86_64) AppleWebKit/537.36 (KHTML, like Gecko) Chrome/60.0.3112.32 Safari/537.36]} headers={null=[HTTP/1.1 204 No Content], Alt-Svc=[h3=":443"; ma=2592000,h3-29=":443"; ma=2592000], Connection=[close], Content-Length=[0], Cross-Origin-Resource-Policy=[cross-origin], Date=[Tue, 24 Jun 2025 09:05:15 GMT], X-Android-Received-Millis=[1750755916220], X-Android-Response-Source=[NETWORK 204], X-Android-Selected-Protocol=[http/1.1], X-Android-Sent-Millis=[1750755916182]}
06-24 11:05:16.253  2008  2008 I HardKeyTracker: HardKeyTracker.unregisterKeySequence():182 Unregister key sequence lsr{labelResId=2132020165, callback=cbb@84bad89, lastModifier=2, keyCodes=[56], actions=[0]}
06-24 11:05:16.253  2008  2008 I HardKeyTracker: HardKeyTracker.unregisterKeySequence():182 Unregister key sequence lsr{labelResId=2132020165, callback=cbb@3db75bc, lastModifier=0, keyCodes=[317], actions=[0]}
06-24 11:05:16.254  2008  2008 I HardKeyTracker: HardKeyTracker.registerKeySequence():138 Register key sequence lsr{labelResId=2132020165, callback=cbb@a36bc47, lastModifier=2, keyCodes=[56], actions=[0]}
06-24 11:05:16.254  2008  2008 I HardKeyTracker: HardKeyTracker.registerKeySequence():138 Register key sequence lsr{labelResId=2132020165, callback=cbb@a66a12, lastModifier=0, keyCodes=[317], actions=[0]}
06-24 11:05:16.255  2008  2008 I VoiceInputManagerWrapper: VoiceInputManagerWrapper.cancelShutdown():100 cancelShutdown()
06-24 11:05:16.256  2008  2008 I VoiceInputManagerWrapper: VoiceInputManagerWrapper.syncLanguagePacks():112 syncLanguagePacks()
06-24 11:05:16.260  2008  2008 I VoiceInputManager: VoiceInputManager.onKeyboardActivated():1023 onKeyboardActivated() [UD]
06-24 11:05:16.262  2008  2008 I AccessoryInputModeManager: AccessoryInputModeManager.onModeStarted():322 Accessory input mode started: STYLUS
06-24 11:05:16.265  1002  6685 D NetworkMonitor/101: isCaptivePortal: isSuccessful()=true isPortal()=false RedirectUrl=null isPartialConnectivity()=false Time=417ms
06-24 11:05:16.282  2008  2008 W ExtensionWrapper: ExtensionWrapper.setAllowUpdateNavigationBarStyle():810 class iio is not activate
06-24 11:05:16.282  2008  2008 I WidgetViewShowingController: WidgetViewShowingController.showWidgetKeyboardInternal():524 Show companion widget
06-24 11:05:16.333  2008  2008 W ExtensionWrapper: ExtensionWrapper.setAllowUpdateNavigationBarStyle():810 class iio is not activate
06-24 11:05:16.333   629   808 D ConnectivityService: [101 WIFI] validation passed
06-24 11:05:16.342  2008  2008 I WidgetViewShowingPositionHandler: WidgetViewShowingPositionHandler.updateAvailableArea():194 update available area Rect(21, 84 - 1059, 2270)
06-24 11:05:16.362  2008  2008 I ProactiveUndoTriggerExtension: ProactiveUndoTriggerExtension.eventConsumer$lambda$0():125 kyp{intention=null, keyCode=-10004, SWITCH_KEYBOARD, data=accessory}
06-24 11:05:16.363  2008  2008 I KeyboardWrapper: KeyboardWrapper.switchToKeyboard():649 switchToKeyboard(): type=accessory, status=1
06-24 11:05:16.363  2008  2008 I KeyboardManager: KeyboardManager.requestKeyboard():248 Creating keyboard accessory, imeId=ime_english_united_states, cacheKey=theme_!gsf_!pgsans_!pgsf_!use_system_font_BORDER=true_FLAVOR_DPI=XXHDPI_KEYBOARD_WIDTH_CATEGORY=NORMAL_LIGHT_THEME=true_PHYSICAL_DIAGONAL=6.2662034_SCREEN_SHORTEST_WIDTH=411_SCREEN_SHORTEST_WIDTH_NO_SCALE=411_bottom4dp_enable_google_fonts_icons=true_enable_popup_on_keypress=true_keyboard_redesign_google_sans=true_noshadow_overlay_builtin_dynamic_color_light_base.binarypb:gm3-light-fffaf8ff-ff495d92-82b625f90d810779661adb8ce93b5ac5_silkpopup_unify_function_key_color=true
06-24 11:05:16.363  2008  2008 I KeyboardWrapper: KeyboardWrapper.onKeyboardReady():212 onKeyboardReady(): type=prime(accessory), kb=com.google.android.libraries.inputmethod.keyboard.impl.Keyboard@d9e6abb
06-24 11:05:16.364  2008  2008 I VoiceInputManager: VoiceInputManager.onKeyboardActivated():1023 onKeyboardActivated() [UD]
06-24 11:05:16.364  2008  2008 I KeyboardWrapper: KeyboardWrapper.doActivateKeyboard():589 doActivateKeyboard(): accessory
06-24 11:05:16.365  2008  2008 W Keyboard: Keyboard.getKeyboardViewHelper():597 null helper is returned: keyboardDef=kze{processedConditions={}, globalConditions={}, className=com.google.android.libraries.inputmethod.keyboard.impl.Keyboard, resourceIds=[#0x7f170045], initialStates=0, keyboardViewDefs=[], persistentStates=0, persistentStatesPrefKey=null, popupBubbleLayoutId=0, recentKeyLayoutId=0, recentKeyPopupLayoutId=0, recentKeyType=null, rememberRecentKey=NONE, sessionStates=0}, type=HEADER, helpersCreated=[null, null, null, null], context.getResources().getConfiguration(): {1.0 310mcc260mnc [en_US] ldltr sw411dp w411dp h914dp 420dpi nrml long port finger qwerty/v/v dpad/v winConfig={ mBounds=Rect(0, 0 - 1080, 2400) mAppBounds=Rect(0, 0 - 1080, 2400) mMaxBounds=Rect(0, 0 - 1080, 2400) mDisplayRotation=ROTATION_0 mWindowingMode=fullscreen mActivityType=undefined mAlwaysOnTop=undefined mRotation=ROTATION_0} s.9 fontWeightAdjustment=0}
06-24 11:05:16.371  2008  2008 W Keyboard: Keyboard.getKeyboardViewHelper():597 null helper is returned: keyboardDef=kze{processedConditions={}, globalConditions={}, className=com.google.android.libraries.inputmethod.keyboard.impl.Keyboard, resourceIds=[#0x7f170045], initialStates=0, keyboardViewDefs=[], persistentStates=0, persistentStatesPrefKey=null, popupBubbleLayoutId=0, recentKeyLayoutId=0, recentKeyPopupLayoutId=0, recentKeyType=null, rememberRecentKey=NONE, sessionStates=0}, type=BODY, helpersCreated=[null, null, null, null], context.getResources().getConfiguration(): {1.0 310mcc260mnc [en_US] ldltr sw411dp w411dp h914dp 420dpi nrml long port finger qwerty/v/v dpad/v winConfig={ mBounds=Rect(0, 0 - 1080, 2400) mAppBounds=Rect(0, 0 - 1080, 2400) mMaxBounds=Rect(0, 0 - 1080, 2400) mDisplayRotation=ROTATION_0 mWindowingMode=fullscreen mActivityType=undefined mAlwaysOnTop=undefined mRotation=ROTATION_0} s.9 fontWeightAdjustment=0}
06-24 11:05:16.371  2008  2008 W TooltipLifecycleManager: TooltipLifecycleManager.dismissTooltips():154 Tooltip with id undo_access_point_promotion_banner not found in tooltipManager.
06-24 11:05:16.374  2008  2008 I GlobeKeyExtension: GlobeKeyExtension.getKeyboardInitialStates():131
06-24 11:05:16.375  2008  2008 W Keyboard: Keyboard.getKeyboardViewHelper():597 null helper is returned: keyboardDef=kze{processedConditions={}, globalConditions={}, className=com.google.android.libraries.inputmethod.keyboard.impl.Keyboard, resourceIds=[#0x7f170045], initialStates=0, keyboardViewDefs=[], persistentStates=0, persistentStatesPrefKey=null, popupBubbleLayoutId=0, recentKeyLayoutId=0, recentKeyPopupLayoutId=0, recentKeyType=null, rememberRecentKey=NONE, sessionStates=0}, type=HEADER, helpersCreated=[null, null, null, null], context.getResources().getConfiguration(): {1.0 310mcc260mnc [en_US] ldltr sw411dp w411dp h914dp 420dpi nrml long port finger qwerty/v/v dpad/v winConfig={ mBounds=Rect(0, 0 - 1080, 2400) mAppBounds=Rect(0, 0 - 1080, 2400) mMaxBounds=Rect(0, 0 - 1080, 2400) mDisplayRotation=ROTATION_0 mWindowingMode=fullscreen mActivityType=undefined mAlwaysOnTop=undefined mRotation=ROTATION_0} s.9 fontWeightAdjustment=0}
06-24 11:05:16.375  2008  2008 W Keyboard: Keyboard.getKeyboardViewHelper():597 null helper is returned: keyboardDef=kze{processedConditions={}, globalConditions={}, className=com.google.android.libraries.inputmethod.keyboard.impl.Keyboard, resourceIds=[#0x7f170045], initialStates=0, keyboardViewDefs=[], persistentStates=0, persistentStatesPrefKey=null, popupBubbleLayoutId=0, recentKeyLayoutId=0, recentKeyPopupLayoutId=0, recentKeyType=null, rememberRecentKey=NONE, sessionStates=0}, type=BODY, helpersCreated=[null, null, null, null], context.getResources().getConfiguration(): {1.0 310mcc260mnc [en_US] ldltr sw411dp w411dp h914dp 420dpi nrml long port finger qwerty/v/v dpad/v winConfig={ mBounds=Rect(0, 0 - 1080, 2400) mAppBounds=Rect(0, 0 - 1080, 2400) mMaxBounds=Rect(0, 0 - 1080, 2400) mDisplayRotation=ROTATION_0 mWindowingMode=fullscreen mActivityType=undefined mAlwaysOnTop=undefined mRotation=ROTATION_0} s.9 fontWeightAdjustment=0}
06-24 11:05:16.375  2008  2008 W Keyboard: Keyboard.getKeyboardViewHelper():597 null helper is returned: keyboardDef=kze{processedConditions={}, globalConditions={}, className=com.google.android.libraries.inputmethod.keyboard.impl.Keyboard, resourceIds=[#0x7f170045], initialStates=0, keyboardViewDefs=[], persistentStates=0, persistentStatesPrefKey=null, popupBubbleLayoutId=0, recentKeyLayoutId=0, recentKeyPopupLayoutId=0, recentKeyType=null, rememberRecentKey=NONE, sessionStates=0}, type=FLOATING_CANDIDATES, helpersCreated=[null, null, null, null], context.getResources().getConfiguration(): {1.0 310mcc260mnc [en_US] ldltr sw411dp w411dp h914dp 420dpi nrml long port finger qwerty/v/v dpad/v winConfig={ mBounds=Rect(0, 0 - 1080, 2400) mAppBounds=Rect(0, 0 - 1080, 2400) mMaxBounds=Rect(0, 0 - 1080, 2400) mDisplayRotation=ROTATION_0 mWindowingMode=fullscreen mActivityType=undefined mAlwaysOnTop=undefined mRotation=ROTATION_0} s.9 fontWeightAdjustment=0}
06-24 11:05:16.375  2008  2008 W Keyboard: Keyboard.getKeyboardViewHelper():597 null helper is returned: keyboardDef=kze{processedConditions={}, globalConditions={}, className=com.google.android.libraries.inputmethod.keyboard.impl.Keyboard, resourceIds=[#0x7f170045], initialStates=0, keyboardViewDefs=[], persistentStates=0, persistentStatesPrefKey=null, popupBubbleLayoutId=0, recentKeyLayoutId=0, recentKeyPopupLayoutId=0, recentKeyType=null, rememberRecentKey=NONE, sessionStates=0}, type=WIDGET, helpersCreated=[null, null, null, null], context.getResources().getConfiguration(): {1.0 310mcc260mnc [en_US] ldltr sw411dp w411dp h914dp 420dpi nrml long port finger qwerty/v/v dpad/v winConfig={ mBounds=Rect(0, 0 - 1080, 2400) mAppBounds=Rect(0, 0 - 1080, 2400) mMaxBounds=Rect(0, 0 - 1080, 2400) mDisplayRotation=ROTATION_0 mWindowingMode=fullscreen mActivityType=undefined mAlwaysOnTop=undefined mRotation=ROTATION_0} s.9 fontWeightAdjustment=0}
06-24 11:05:16.379  2008  2008 I ProactiveUndoTriggerExtension: ProactiveUndoTriggerExtension.eventConsumer$lambda$0():125 kyp{intention=null, keyCode=-10121, SET_KEY_CORRECTION_CALLBACK, data=jfb@f2d0cc6}
06-24 11:05:16.379  2008  2008 I ProactiveUndoTriggerExtension: ProactiveUndoTriggerExtension.eventConsumer$lambda$0():125 kyp{intention=null, keyCode=-20001, ENABLE_GESTURE_TYPING, data=null}
06-24 11:05:16.379  2008  2008 I ProactiveUndoTriggerExtension: ProactiveUndoTriggerExtension.eventConsumer$lambda$0():125 kyp{intention=null, keyCode=-10159, ACTIVATE_SUPPLEMENTARY_KEYBOARD, data=accessory_candidates_consumer}
06-24 11:05:16.379  2008  2008 W NotificationCenter: NotificationCenter$NotificationQueue.notifyPendingNotificationsOnExecutor():877 Heavy notify work detected on UI thread: [ikh->iik] takes 117ms
06-24 11:05:16.381  2008  2008 I KeyboardModeUtils: KeyboardModeUtils.getKeyboardBottomOffset():437 inch: 0.000000 ydpi: 420.000000 adjustKeyboardBottomByDisplaySize: false currentDensityDpi: 420 defaultDensityDpi: 420 keyboardBottomToScreenPx: 0 keyboardBottomToNavBarPx: -126 navBarHeight: 126
06-24 11:05:16.388  2008  2008 I KeyboardHeightUtil: KeyboardHeightUtil.calculateMaxKeyboardBodyHeight():46 leave 281 height for app when ime window height:2211, header height:116 and isFullscreenMode:false, so the max keyboard body height is:1814
06-24 11:05:16.388  2008  2008 I KeyboardHeightUtil: KeyboardHeightUtil.calculateMaxKeyboardBodyHeight():46 leave 281 height for app when ime window height:2211, header height:116 and isFullscreenMode:false, so the max keyboard body height is:1814
06-24 11:05:16.388  2008  2008 I KeyboardHeightUtil: KeyboardHeightUtil.calculateMaxKeyboardBodyHeight():46 leave 281 height for app when ime window height:2211, header height:116 and isFullscreenMode:false, so the max keyboard body height is:1814
06-24 11:05:16.388  2008  2008 I KeyboardHeightUtil: KeyboardHeightUtil.calculateMaxKeyboardBodyHeight():46 leave 281 height for app when ime window height:2211, header height:116 and isFullscreenMode:false, so the max keyboard body height is:1814
06-24 11:05:16.388  2008  2008 W ExtensionWrapper: ExtensionWrapper.setExtensionViewVisibility():801 interface koa is not activate
06-24 11:05:16.400  1841  1841 D BoundBrokerSvc: onBind: Intent { act=com.google.android.mdd.service.START dat=chimera-action:/... xflg=0x4 cmp=com.google.android.gms/.chimera.GmsBoundBrokerService }
06-24 11:05:16.401  2008  2008 I Module  : DeviceLockedStatusModuleProvider$Module.updateDeviceLockedStatus():100 repeatCheckTimes = 1, locked = false
06-24 11:05:16.407  2008  2008 I HardKeyTracker: HardKeyTracker.unregisterKeySequence():182 Unregister key sequence lsr{labelResId=2132020169, callback=cbb@5c85e3f, lastModifier=2, keyCodes=[48], actions=[0]}
06-24 11:05:16.410  2008  2008 I HardKeyTracker: HardKeyTracker.registerKeySequence():138 Register key sequence lsr{labelResId=2132020169, callback=cbb@1de5b64, lastModifier=2, keyCodes=[48], actions=[0]}
06-24 11:05:16.415  2008  2008 W NotificationCenter: NotificationCenter$NotificationQueue.notifyPendingNotificationsOnExecutor():877 Heavy notify work detected on UI thread: [kig->ilu, kig->khc, kig->jvb, kig->fcb, kig->fef, kig->fro, kig->ilu, kig->ilu, kig->ijm, kig->khg, kig->gkl, kig->jnx, kig->ilu, kig->ilu, kig->ilu, kig->ilu, kig->imt, kig->ilu, kig->ilu, kig->lux, kig->ilu, kig->ilu, kig->ilu, kig->ilu, kig->ilu, ilp->erl, ilp->erl, ilp->erl, ilp->erl] takes 22ms
06-24 11:05:16.415  2008  2008 I HardKeyTracker: HardKeyTracker.unregisterKeySequence():182 Unregister key sequence lsr{labelResId=2132020170, callback=cbb@389c3f8, lastModifier=2, keyCodes=[32], actions=[0]}
06-24 11:05:16.415  2008  2008 I HardKeyTracker: HardKeyTracker.registerKeySequence():138 Register key sequence lsr{labelResId=2132020170, callback=cbb@f3e7dc9, lastModifier=2, keyCodes=[32], actions=[0]}
06-24 11:05:16.416  2008  2008 I VoiceImeExtension: VoiceImeExtension.shouldStartVoiceInputAutomaticallyInCurrentInputBox():469 No private IME option set to start voice input.
06-24 11:05:16.423  2008  2008 I ProactiveUndoTriggerExtension: ProactiveUndoTriggerExtension.eventConsumer$lambda$0():125 kyp{intention=DECODE, keyCode=29, A, data=a}
06-24 11:05:16.432  2008  2008 I Delight5Decoder: Delight5DecoderWrapper.setKeyboardLayout():521 setKeyboardLayout()
06-24 11:05:16.458  2008  3052 I SpeechFactory: SpeechRecognitionFactory.maybeScheduleAutoPackDownloadForFallback():161 maybeScheduleAutoPackDownloadForFallback()
06-24 11:05:16.459  2008  3052 I FallbackOnDeviceRecognitionProvider: FallbackOnDeviceRecognitionProvider.maybeScheduleAutoPackDownload():198 maybeScheduleAutoPackDownload() for language tag en-US
06-24 11:05:16.471  1841  1841 D BoundBrokerSvc: Loading bound service for intent: Intent { act=com.google.android.mdd.service.START dat=chimera-action:/... xflg=0x4 cmp=com.google.android.gms/.chimera.GmsBoundBrokerService }
06-24 11:05:16.667  1841  1841 D BoundBrokerSvc: onBind: Intent { act=com.google.firebase.dynamiclinks.service.START xflg=0x4 pkg=com.google.android.gms }
06-24 11:05:16.667  1841  1841 D BoundBrokerSvc: Loading bound service for intent: Intent { act=com.google.firebase.dynamiclinks.service.START xflg=0x4 pkg=com.google.android.gms }
06-24 11:05:16.701  2008  2008 I ProactiveUndoTriggerExtension: ProactiveUndoTriggerExtension.eventConsumer$lambda$0():125 kyp{intention=null, keyCode=-10188, SET_KEYBOARD_LAYOUT, data=# qsn@d7525947}
06-24 11:05:16.765  2008  2008 W NotificationCenter: NotificationCenter$NotificationQueue.notifyPendingNotificationsOnExecutor():877 Heavy notify work detected on UI thread: [ikh->fmd, ikh->kov, kih->lhf, kdh->gjw, kdh->lio, kro->dhr, kdh->mii, kig->ljw, kig->fmc, kig->ghi, kdh->miy, kdh->gjw, kdh->lio, kdh->mii] takes 25ms
06-24 11:05:16.765  2008  2008 I AbstractOpenableExtension: AbstractOpenableExtension$3.onSuccess():555 KeyboardGroupManager destroyed in eay.
06-24 11:05:16.765  2008  2008 I Choreographer: Skipped 71 frames!  The application may be doing too much work on its main thread.
06-24 11:05:16.856  1036  6701 D ViewPool: initPool complete
06-24 11:05:16.867  4006  4015 W .apps.wellbeing: Suspending all threads took: 186.169ms
06-24 11:05:16.906  1036  6700 D ViewPool: initPool complete
06-24 11:05:16.908  2008  2008 I WindowMetricsNotification: WindowMetricsNotification.notifyWithWindow():166
06-24 11:05:16.916  2008  2008 I WidgetViewShowingPositionHandler: WidgetViewShowingPositionHandler.updateAvailableArea():194 update available area Rect(21, 84 - 1059, 2333)
06-24 11:05:16.954   629   690 I system_server: AssetManager2(0xb400006fba6ce378) locale list changing from [] to [en-US]
06-24 11:05:17.004  2008  2008 W NotificationCenter: NotificationCenter$NotificationQueue.notifyPendingNotificationsOnExecutor():877 Heavy notify work detected on UI thread: [mub->iwp] takes 88ms
06-24 11:05:17.005  2008  2008 I DeviceModeModule: DeviceModeModule.calculateAndNotify():223 Device mode 'phone' from display metrics 'DisplayMetrics{density=0.0, width=1080, height=2400, scaledDensity=0.0, xdpi=420.0, ydpi=420.0}' or smallestScreenWidthDp: 411
06-24 11:05:17.007  2008  2008 I KeyboardModeUtils: KeyboardModeUtils.getKeyboardBottomOffset():437 inch: 0.000000 ydpi: 420.000000 adjustKeyboardBottomByDisplaySize: false currentDensityDpi: 420 defaultDensityDpi: 420 keyboardBottomToScreenPx: 0 keyboardBottomToNavBarPx: -63 navBarHeight: 63
06-24 11:05:17.009  2008  2008 I KeyboardHeightUtil: KeyboardHeightUtil.calculateMaxKeyboardBodyHeight():46 leave 281 height for app when ime window height:2274, header height:116 and isFullscreenMode:false, so the max keyboard body height is:1877
06-24 11:05:17.009  2008  2008 I KeyboardHeightUtil: KeyboardHeightUtil.calculateMaxKeyboardBodyHeight():46 leave 281 height for app when ime window height:2274, header height:116 and isFullscreenMode:false, so the max keyboard body height is:1877
06-24 11:05:17.009  2008  2008 I KeyboardHeightUtil: KeyboardHeightUtil.calculateMaxKeyboardBodyHeight():46 leave 281 height for app when ime window height:2274, header height:116 and isFullscreenMode:false, so the max keyboard body height is:1877
06-24 11:05:17.009  2008  2008 I KeyboardHeightUtil: KeyboardHeightUtil.calculateMaxKeyboardBodyHeight():46 leave 281 height for app when ime window height:2274, header height:116 and isFullscreenMode:false, so the max keyboard body height is:1877
06-24 11:05:17.010  2008  2008 I GoogleInputMethodService: GoogleInputMethodService$7.onWindowMetricsChanged():769 windowMetrics: bounds() = Rect(0, 63 - 1080, 2400), insets() = Rect(0, 0 - 0, 63)
06-24 11:05:17.011  2008  2008 I WindowMetricsNotification: WindowMetricsNotification.notify():159 mub[bounds=Rect(0, 63 - 1080, 2400), insets=Rect(0, 0 - 0, 63), densityDpi=420, smallestScreenWidthDp=411, displayWidth=1080, displayHeight=2400, xdpi=420.0, ydpi=420.0, isTrustable=true, displayId=0]; DisplayMetrics{density=2.625, width=1080, height=2400, scaledDensity=2.625, xdpi=420.0, ydpi=420.0}
06-24 11:05:17.096  2008  2008 I ProactiveUndoTriggerExtension: ProactiveUndoTriggerExtension.eventConsumer$lambda$0():125 kyp{intention=DECODE, keyCode=29, A, data=a}
06-24 11:05:17.133  1036  1036 E RecyclerView: Cannot scroll to position a LayoutManager set. Call setLayoutManager with a non-null argument.
06-24 11:05:17.151  1841  1841 D BoundBrokerSvc: onBind: Intent { act=com.google.android.gms.auth.service.START xflg=0x4 pkg=com.google.android.gms }
06-24 11:05:17.158  1841  1841 D BoundBrokerSvc: Loading bound service for intent: Intent { act=com.google.android.gms.auth.service.START xflg=0x4 pkg=com.google.android.gms }
06-24 11:05:17.183  2008  2008 I ProactiveUndoTriggerExtension: ProactiveUndoTriggerExtension.eventConsumer$lambda$0():125 kyp{intention=DECODE, keyCode=32, D, data=d}
06-24 11:05:17.184  1036  1036 D ActivityAllAppsContainerView: rebindAdapters: force: true
06-24 11:05:17.184  1036  1036 D ActivityAllAppsContainerView: replaceAppsRVContainer: showTabs: false
06-24 11:05:17.184  1036  1036 D AlphabeticalAppsList: Clearing FastScrollerSections.
06-24 11:05:17.184  1036  1036 D AlphabeticalAppsList: Adding apps with sections. HasPrivateApps: true
06-24 11:05:17.184  1036  1036 E RecyclerView: Cannot scroll to position a LayoutManager set. Call setLayoutManager with a non-null argument.
06-24 11:05:17.185  1036  1036 D DeviceSearchAlg: search timeout = %d200
06-24 11:05:17.203  2864  6590 I NetworkScheduler.Stats: (REDACTED) Task %s/%s started execution. cause:%s exec_start_elapsed_seconds: %s
06-24 11:05:17.221  1036  1036 W PageIndicator: Total number of pages invalid: 0. Assuming 1 page.
06-24 11:05:17.222  2008  2008 I ProactiveUndoTriggerExtension: ProactiveUndoTriggerExtension.eventConsumer$lambda$0():125 kyp{intention=null, keyCode=-400000, SPELL_CHECK_SUGGESTIONS, data=null}
06-24 11:05:17.223  2008  2008 W TooltipLifecycleManager: TooltipLifecycleManager.dismissTooltips():154 Tooltip with id spell_check_add_to_dictionary not found in tooltipManager.
06-24 11:05:17.224  2008  2008 I ProactiveUndoTriggerExtension: ProactiveUndoTriggerExtension.eventConsumer$lambda$0():125 kyp{intention=DECODE, keyCode=32, D, data=d}
06-24 11:05:17.225  2008  2008 I ProactiveUndoTriggerExtension: ProactiveUndoTriggerExtension.eventConsumer$lambda$0():125 kyp{intention=null, keyCode=-10044, UPDATE_KEYBOARD_LAYOUT, data=# qsn@a5a3f389}
06-24 11:05:17.227  2008  2008 I ProactiveUndoTriggerExtension: ProactiveUndoTriggerExtension.eventConsumer$lambda$0():125 kyp{intention=null, keyCode=-10188, SET_KEYBOARD_LAYOUT, data=# qsn@6a67072e}
06-24 11:05:17.231  1036  1036 W BcSmartspaceView: Current card is not present in the Adapter; cannot log.
06-24 11:05:17.232  1036  1036 D CellLayout: Adding view to ShortcutsAndWidgetsContainer: com.google.android.apps.nexuslauncher.qsb.SmartspaceViewContainer{84b97ff V.E...... ......I. 0,0-0,0 #7f0a032d app:id/search_container_workspace}
06-24 11:05:17.234  1036  1036 D OverviewActionsView: updateActionButtonsVisibility() called: showSingleTaskActions = [true], showGroupActions = [false]
06-24 11:05:17.241  2008  2008 I ProactiveUndoTriggerExtension: ProactiveUndoTriggerExtension.eventConsumer$lambda$0():125 kyp{intention=null, keyCode=-10188, SET_KEYBOARD_LAYOUT, data=# qsn@e6cdb659}
06-24 11:05:17.243  2008  2008 I GoogleInputMethodService: GoogleInputMethodService$1.onKeyboardViewShown():312 onKeyboardViewShown: keyboardType=accessory, keyboardViewType=HEADER keyboardView=null
06-24 11:05:17.248  2008  2008 I GoogleInputMethodService: GoogleInputMethodService$1.onKeyboardViewShown():312 onKeyboardViewShown: keyboardType=accessory, keyboardViewType=BODY keyboardView=null
06-24 11:05:17.290  2008  2008 I ProactiveUndoTriggerExtension: ProactiveUndoTriggerExtension.eventConsumer$lambda$0():125 kyp{intention=DECODE, keyCode=41, M, data=m}
06-24 11:05:17.291  2008  2008 I ProactiveSuggestionsHolderManager: ProactiveSuggestionsHolderManager$2.display():216 Requesting to show proactive suggestions: CLIPBOARD PREEMPTIVE in HEADER
06-24 11:05:17.291  2008  2008 I ProactiveSuggestionsHolderManager: ProactiveSuggestionsHolderManager$2.display():216 Requesting to show proactive suggestions: CLIPBOARD PREEMPTIVE in FLOATING_CANDIDATES
06-24 11:05:17.291  2008  2008 I ProactiveUndoTriggerExtension: ProactiveUndoTriggerExtension.eventConsumer$lambda$0():125 kyp{intention=null, keyCode=-10127, SHOW_KEYBOARD_VIEW, data=FLOATING_CANDIDATES}
06-24 11:05:17.291  2008  2008 I ProactiveSuggestionsHolderManager: ProactiveSuggestionsHolderManager$2.display():216 Requesting to show proactive suggestions: CLIPBOARD PREEMPTIVE in WIDGET
06-24 11:05:17.337  2008  2008 W AndroidSpellCheckerService: AndroidSpellCheckerService.initialize():73 initialize...
06-24 11:05:17.337  2008  2008 I ShortcutsDataManager: ShortcutsDataManager.onContentChanged():72 onContentChanged()
06-24 11:05:17.338  2008  2008 I ContactsDataManager: ContactsDataManager.onContentChanged():153 onContentChanged()
06-24 11:05:17.340  2008  2008 W AndroidSpellCheckerService: AndroidSpellCheckerService.initialize():83 initialize...done
06-24 11:05:17.341  2008  2008 I ProactiveUndoTriggerExtension: ProactiveUndoTriggerExtension.eventConsumer$lambda$0():125 kyp{intention=DECODE, keyCode=41, M, data=m}
06-24 11:05:17.350  2008  2059 I AndroidSpellCheckerService: AndroidSpellCheckerService.createSession():139 com.google.android.keyboard.client.delight5.LanguageIdentifier@19a94a9 is created
06-24 11:05:17.358  6574  6703 W InteractionJankMonitor: Initializing without READ_DEVICE_CONFIG permission. enabled=false, interval=1, missedFrameThreshold=3, frameTimeThreshold=64, package=com.example.loginapp
06-24 11:05:17.629  1036  1036 D KeyboardInsetsHandler: setState, toState:Normal StateManager(mLastStableState:Normal, mCurrentStableState:Normal, mState:Normal, mRestState:null, isInTransition:false)
06-24 11:05:17.646  1036  1036 D CellLayout: Adding view to ShortcutsAndWidgetsContainer: com.google.android.apps.nexuslauncher.qsb.SmartspaceViewContainer{84b97ff V.E...... ......I. 0,0-0,0 #7f0a032d app:id/search_container_workspace}
06-24 11:05:17.659  1036  1036 D ModelCallbacks: startBinding: hotseat layout was vertical: false and is setting to false
06-24 11:05:17.698  2008  2838 I HWUI    : Davey! duration=910ms; Flags=0, FrameTimelineVsyncId=45895, IntendedVsync=447362494113, Vsync=447829160761, InputEventId=0, HandleInputStart=447844638504, AnimationStart=447844638754, PerformTraversalsStart=447852495171, DrawStart=447858546004, FrameDeadline=447379160779, FrameStartTime=447843957963, FrameInterval=16666666, WorkloadTarget=16666666, SyncQueued=447870513629, SyncStart=447871487879, IssueDrawCommandsStart=447871619713, SwapBuffers=448266134463, FrameCompleted=448273671630, DequeueBufferDuration=3916, QueueBufferDuration=331709, GpuCompleted=448273624213, SwapBuffersCompleted=448273671630, DisplayPresentTime=0, CommandSubmissionCompleted=448266134463,
06-24 11:05:17.702  2008  2008 I ProactiveUndoTriggerExtension: ProactiveUndoTriggerExtension.eventConsumer$lambda$0():125 kyp{intention=DECODE, keyCode=37, I, data=i}
06-24 11:05:17.705  1036  1036 D Launcher.Workspace: addInScreenFromBind: hotseat inflation with x = 0 and y = 0
06-24 11:05:17.742  1036  1036 D CellLayout: Adding view to ShortcutsAndWidgetsContainer: com.android.launcher3.views.DoubleShadowBubbleTextView{421cc01 VFED..C.. ......ID 0,0-0,0 #1}
06-24 11:05:17.742  1036  1036 D Launcher.Workspace: addInScreenFromBind: hotseat inflation with x = 1 and y = 0
06-24 11:05:17.743  1036  1036 D CellLayout: Adding view to ShortcutsAndWidgetsContainer: com.android.launcher3.views.DoubleShadowBubbleTextView{8525aa6 VFED..C.. ......ID 0,0-0,0 #2}
06-24 11:05:17.743  1036  1036 D Launcher.Workspace: addInScreenFromBind: hotseat inflation with x = 2 and y = 0
06-24 11:05:17.743  1036  1036 D CellLayout: Adding view to ShortcutsAndWidgetsContainer: com.android.launcher3.views.DoubleShadowBubbleTextView{5135ce7 VFED..C.. ......ID 0,0-0,0 #3}
06-24 11:05:17.743  1036  1036 D CellLayout: Adding view to ShortcutsAndWidgetsContainer: com.android.launcher3.views.DoubleShadowBubbleTextView{1372094 VFED..C.. ......ID 0,0-0,0 #4}
06-24 11:05:17.743  1036  1036 D CellLayout: Adding view to ShortcutsAndWidgetsContainer: com.android.launcher3.views.DoubleShadowBubbleTextView{6de273d VFED..C.. ......ID 0,0-0,0 #5}
06-24 11:05:17.743  1036  1036 D CellLayout: Adding view to ShortcutsAndWidgetsContainer: com.android.launcher3.views.DoubleShadowBubbleTextView{2b97b32 VFED..C.. ......ID 0,0-0,0 #6}
06-24 11:05:17.743  1036  1036 D CellLayout: Adding view to ShortcutsAndWidgetsContainer: com.android.launcher3.views.DoubleShadowBubbleTextView{72ee083 VFED..C.. ......ID 0,0-0,0 #7}
06-24 11:05:17.780  1036  1036 D b/387844520: getOutlineOffsetX: measured width = 0, mNormalizedIconSize = 159, last updated width = 0
06-24 11:05:17.783  1036  1036 D Launcher.Workspace: addInScreenFromBind: hotseat inflation with x = 3 and y = 0
06-24 11:05:17.786  1036  1036 D CellLayout: Adding view to ShortcutsAndWidgetsContainer: com.android.launcher3.uioverrides.PredictedAppIcon{800187e VFED..C.. ......ID 0,0-0,0}
06-24 11:05:17.789  1036  1036 D LauncherBinder: Starting async inflation
06-24 11:05:17.843  6574  6574 I ImeTracker: com.example.loginapp:a248e79b: onShown
06-24 11:05:17.871  1036  1036 D AllAppsStore: setApps: apps.length=20
06-24 11:05:17.872  1036  1036 D AllAppsStore: notifyUpdate: notifying listeners
06-24 11:05:17.872  1036  1036 D ActivityAllAppsContainerView: onAppsUpdated; number of apps: 20
06-24 11:05:17.872  1036  1036 D ActivityAllAppsContainerView: rebindAdapters: force: false
