06-24 11:05:19.538  6711  6711 D nativeloader: Load libframework-connectivity-tiramisu-jni.so using APEX ns com_android_tethering for caller /apex/com.android.tethering/javalib/framework-connectivity-t.jar: ok
06-24 11:05:19.562  1036  1036 I Choreographer: Skipped 310 frames!  The application may be doing too much work on its main thread.
06-24 11:05:19.570  2008  2008 I StylusModule: StylusModule.onUpdateToolType():801 Update tool type = 0
06-24 11:05:19.595  1036  1098 I HWUI    : Davey! duration=5197ms; Flags=0, FrameTimelineVsyncId=45450, IntendedVsync=444979160875, Vsync=450145827335, InputEventId=0, HandleInputStart=450148986339, AnimationStart=450148987214, PerformTraversalsStart=450157667089, DrawStart=450158423797, FrameDeadline=444995827541, FrameStartTime=450148179172, FrameInterval=16666666, WorkloadTarget=16666666, SyncQueued=450158451047, SyncStart=450160079089, IssueDrawCommandsStart=450161705422, SwapBuffers=450170810047, FrameCompleted=450178523880, DequeueBufferDuration=9084, QueueBufferDuration=6975416, GpuCompleted=450178470255, SwapBuffersCompleted=450178523880, DisplayPresentTime=-1, CommandSubmissionCompleted=450170810047,
06-24 11:05:19.635  1036  1036 I SsCardPagerAdapter: [rmv] Rendering flag - enabled: true rmv: null
06-24 11:05:19.644  1036  1036 I SsCardPagerAdapter: Use UI template for the feature: 1
06-24 11:05:19.755  6711  6711 I ActivityThread: Relaunch all activities: onCoreSettingsChange
06-24 11:05:19.763  1036  1036 D SsBaseTemplateCard: No text view can be set up
06-24 11:05:19.766   629   672 I system_server: Background concurrent mark compact GC freed 42MB AllocSpace bytes, 239(5240KB) LOS objects, 37% free, 39MB/63MB, paused 2.253ms,238.081ms total 18.659s
06-24 11:05:19.784  1036  1036 D SsBaseTemplateCard: Passed-in item info is null
06-24 11:05:19.784  1036  1036 D SsBaseTemplateCard: Passed-in item info is null
06-24 11:05:19.784  1036  1036 D SsBaseTemplateCard: Passed-in item info is null
06-24 11:05:19.784  1036  1036 I SsBaseTemplateCard: Secondary card pane is null
06-24 11:05:19.787  2008  2008 I StylusModule: StylusModule.onUpdateToolType():801 Update tool type = 0
06-24 11:05:19.846  2008  2683 I native  : I0000 00:00:1750755919.846209    2683 input-context-store.cc:268] Ignoring stale client request for FetchSuggestions
06-24 11:05:19.863  1036  1036 D b/387844520: calling updateRingPath from onSizeChanged
06-24 11:05:19.865  2008  2125 I putmethod.latin: Waiting for a blocking GC ProfileSaver
06-24 11:05:19.875  1036  1036 D b/387844520: getOutlineOffsetX: measured width = 173, mNormalizedIconSize = 159, last updated width = 173
06-24 11:05:19.895  2008  2683 I native  : I0000 00:00:1750755919.892397    2683 input-context-store.cc:191] Ignoring stale client request for OverrideDecodedCandidates
06-24 11:05:19.901  2008  2044 W putmethod.latin: Suspending all threads took: 33.076ms
06-24 11:05:19.915  2008  2008 I StylusModule: StylusModule.onUpdateToolType():801 Update tool type = 0
06-24 11:05:19.921  2008  2008 W InputContextProxy: InputContextProxy.applyClientDiffInternal():957 Ignore [FetchSuggestions] diff due to stale request: 44<45, inputStateId=0, lastInputStateId=17
06-24 11:05:19.948   629   677 W IPCThreadState: Sending oneway calls to frozen process.
06-24 11:05:19.952   629   677 W IPCThreadState: Sending oneway calls to frozen process.
06-24 11:05:19.953  1036  1036 D InputMonitorCompat: Input event receiver for monitor (minus-one-disp0) disposed
06-24 11:05:19.959  1036  1036 D InputMonitorCompat: Input monitor (minus-one-disp0) disposed
06-24 11:05:19.967  1036  1042 W System  : A resource failed to call release.
06-24 11:05:19.976  1036  1042 W System  : A resource failed to call release.
06-24 11:05:19.976  1036  1042 W System  : A resource failed to call release.
06-24 11:05:19.992  1036  1036 D TISBindHelper: TIS service connected
06-24 11:05:19.995  1036  1036 D TaskbarManager: setActivity: mActivity=null displayId=0 isDefaultDisplay=true
06-24 11:05:19.996  1036  1036 D TaskbarManager: setActivity: registering activity lifecycle callbacks. displayId=0 isDefaultDisplay=true
06-24 11:05:19.996  1036  1036 D TaskbarManager: getUnfoldTransitionProgressProviderForActivity displayId=0 isDefaultDisplay=true
06-24 11:05:19.996  1036  1036 D TaskbarManager: setRecentsViewContainer displayId=0 isDefaultDisplay=true
06-24 11:05:19.996  1036  1036 D TaskbarManager: createTaskbarUIControllerForRecentsViewContainer displayId=0 isDefaultDisplay=true
06-24 11:05:20.017  1036  1036 D LauncherBinder: Calling onCompleteSignal
06-24 11:05:20.024  1036  1036 D ViewOnDrawExecutor: markCompleted: executing tasks
06-24 11:05:20.037  1036  1036 D ActivityAllAppsContainerView: rebindAdapters: force: false
06-24 11:05:20.041  1036  1036 D ActivityAllAppsContainerView: rebindAdapters: Not needed.
06-24 11:05:20.069  1036  1036 D TaskFragmentComponent: release and clear taskSurface
06-24 11:05:20.075  6711  6711 D nativeloader: Configuring clns-shared-9 for other apk /system/priv-app/UserDictionaryProvider/UserDictionaryProvider.apk. target_sdk_version=36, uses_libraries=, library_path=/system/priv-app/UserDictionaryProvider/lib/arm64:/system/lib64:/system_ext/lib64, permitted_path=/data:/mnt/expand:/data/user/0/com.android.providers.userdictionary:/system/priv-app/UserDictionaryProvider:/system/lib64:/system_ext/lib64
06-24 11:05:20.116  2008  2808 I putmethod.latin: IncrementDisableThreadFlip blocked for 26.603ms
06-24 11:05:20.123  6711  6711 I d.process.acore: AssetManager2(0xb400006fba635df8) locale list changing from [] to [en-US]
06-24 11:05:20.183  1841  5270 I Icing   : Indexing com.google.android.gms-apps from com.google.android.gms
06-24 11:05:20.220  6711  6711 V GraphicsEnvironment: Currently set values for:
06-24 11:05:20.221  6711  6711 V GraphicsEnvironment:   angle_gl_driver_selection_pkgs=[]
06-24 11:05:20.221  6711  6711 V GraphicsEnvironment:   angle_gl_driver_selection_values=[]
06-24 11:05:20.221  6711  6711 V GraphicsEnvironment: com.android.providers.userdictionary is not listed in per-application setting
06-24 11:05:20.221  6711  6711 V GraphicsEnvironment: ANGLE allowlist from config:
06-24 11:05:20.222  6711  6711 V GraphicsEnvironment: com.android.providers.userdictionary is not listed in ANGLE allowlist or settings, returning default
06-24 11:05:20.234  6711  6711 V GraphicsEnvironment: Neither updatable production driver nor prerelease driver is supported.
06-24 11:05:20.275  6711  6711 I d.process.acore: AssetManager2(0xb400006fba632298) locale list changing from [] to [en-US]
06-24 11:05:20.322  2008  2125 I putmethod.latin: WaitForGcToComplete blocked ProfileSaver on Background for 457.253ms
06-24 11:05:20.331   629   677 W IPCThreadState: Sending oneway calls to frozen process.
06-24 11:05:20.332   629   677 W IPCThreadState: Sending oneway calls to frozen process.
06-24 11:05:20.333   629   677 W IPCThreadState: Sending oneway calls to frozen process.
06-24 11:05:20.333   629   677 W IPCThreadState: Sending oneway calls to frozen process.
06-24 11:05:20.333   629   677 W IPCThreadState: Sending oneway calls to frozen process.
06-24 11:05:20.333   629   677 W IPCThreadState: Sending oneway calls to frozen process.
06-24 11:05:20.333   629   677 W IPCThreadState: Sending oneway calls to frozen process.
06-24 11:05:20.334   629   677 W IPCThreadState: Sending oneway calls to frozen process.
06-24 11:05:20.334   629   677 W IPCThreadState: Sending oneway calls to frozen process.
06-24 11:05:20.336   629   677 W IPCThreadState: Sending oneway calls to frozen process.
06-24 11:05:20.336   629   677 W IPCThreadState: Sending oneway calls to frozen process.
06-24 11:05:20.336   629   677 W IPCThreadState: Sending oneway calls to frozen process.
06-24 11:05:20.336   629   677 W IPCThreadState: Sending oneway calls to frozen process.
06-24 11:05:20.336   629   677 W IPCThreadState: Sending oneway calls to frozen process.
06-24 11:05:20.336   629   677 W IPCThreadState: Sending oneway calls to frozen process.
06-24 11:05:20.336   629   677 W IPCThreadState: Sending oneway calls to frozen process.
06-24 11:05:20.337   629   677 W IPCThreadState: Sending oneway calls to frozen process.
06-24 11:05:20.337   629   677 W IPCThreadState: Sending oneway calls to frozen process.
06-24 11:05:20.359   477   564 I BpBinder: onLastStrongRef automatically unlinking death recipients:
06-24 11:05:20.373  1036  1036 D TaskFragmentComponent: Setting valid task fragment surface control in TYPE_TASK_FRAGMENT_APPEARED
06-24 11:05:20.384  2008  2008 I StylusModule: StylusModule.onUpdateToolType():801 Update tool type = 0
06-24 11:05:20.393   477   477 I BpBinder: onLastStrongRef automatically unlinking death recipients:
06-24 11:05:20.410   477   477 I BpBinder: onLastStrongRef automatically unlinking death recipients:
06-24 11:05:20.433   477   564 I BpBinder: onLastStrongRef automatically unlinking death recipients:
06-24 11:05:20.440  6711  6711 D nativeloader: Configuring clns-shared-10 for other apk /system/priv-app/BlockedNumberProvider/BlockedNumberProvider.apk. target_sdk_version=36, uses_libraries=, library_path=/system/priv-app/BlockedNumberProvider/lib/arm64:/system/lib64:/system_ext/lib64, permitted_path=/data:/mnt/expand:/data/user_de/0/com.android.providers.blockednumber:/system/priv-app/BlockedNumberProvider:/system/lib64:/system_ext/lib64
06-24 11:05:20.442   629   808 D InetDiagMessage: Destroyed 0 sockets, proto=IPPROTO_TCP, family=AF_INET, states=14
06-24 11:05:20.443   629   808 D InetDiagMessage: Destroyed 0 sockets, proto=IPPROTO_TCP, family=AF_INET6, states=14
06-24 11:05:20.443   629   808 D InetDiagMessage: Destroyed live tcp sockets for uids={10144} in 38ms
06-24 11:05:20.444   629   808 D InetDiagMessage: Destroyed 0 sockets, proto=IPPROTO_TCP, family=AF_INET, states=14
06-24 11:05:20.445   629   808 D InetDiagMessage: Destroyed 0 sockets, proto=IPPROTO_TCP, family=AF_INET6, states=14
06-24 11:05:20.445   629   808 D InetDiagMessage: Destroyed live tcp sockets for uids={20144} in 0ms
06-24 11:05:20.455  1841  5270 I Icing   : Indexing done com.google.android.gms-apps
06-24 11:05:20.464  6574  6574 I ViewInteraction: Performing 'close keyboard' action on view view.getId() is <2131230869/com.example.loginapp:id/editPassword>
06-24 11:05:20.467  1044  1283 W ScanManager: Moving filtered scan client to downgraded scan (scannerId 1)
06-24 11:05:20.469  6574  6574 D IdlingRegistry: Registering idling resources: [androidx.test.espresso.action.CloseKeyboardAction$CloseKeyboardIdlingResult@ef4261f]
06-24 11:05:20.472  6574  6574 I ImeTracker: com.example.loginapp:5428f734: onRequestHide at ORIGIN_CLIENT reason HIDE_SOFT_INPUT fromUser false
06-24 11:05:20.473  6574  6574 D InsetsController: hide(ime(), fromIme=false)
06-24 11:05:20.474  6574  6574 W WindowOnBackDispatcher: sendCancelIfRunning: isInProgress=false callback=android.view.ImeBackAnimationController@821ec9d
06-24 11:05:20.492  6711  6711 I d.process.acore: AssetManager2(0xb400006fba63edb8) locale list changing from [] to [en-US]
06-24 11:05:20.520  6711  6711 D nativeloader: Configuring clns-shared-11 for other apk /system/priv-app/ContactsProvider/ContactsProvider.apk. target_sdk_version=36, uses_libraries=, library_path=/system/priv-app/ContactsProvider/lib/arm64:/system/lib64:/system_ext/lib64, permitted_path=/data:/mnt/expand:/data/user/0/com.android.providers.contacts:/system/priv-app/ContactsProvider:/system/lib64:/system_ext/lib64
06-24 11:05:20.575  6711  6711 I ContactsPerf: VoicemailContentProvider.onCreate start
06-24 11:05:20.612  1044  1283 I bt_shim_scanner: system/main/shim/le_scanning_manager.cc:147 Scan: in shim layer stopped
06-24 11:05:20.623  6474  6607 V ClearcutMetricXmitter: Transmission is done.
06-24 11:05:20.630  1044  1260 I bluetooth: system/gd/hci/le_address_manager.cc:278 unregister_client: Client unregistered
06-24 11:05:20.630  1044  1260 I bluetooth: system/gd/hci/le_address_manager.cc:293 unregister_client: Cancelled address rotation alarm
06-24 11:05:20.632   629   674 W System  : A resource failed to call close.
06-24 11:05:20.662  6711  6725 E ashmem  : Pinning is deprecated since Android Q. Please use trim or other methods.
06-24 11:05:20.688  6711  6711 I ContactsPerf: VoicemailContentProvider.onCreate finish
06-24 11:05:20.693   629   979 D FileUtils: Rounded bytes from 2070859776 to 4000000000
06-24 11:05:20.698  1044  1283 I bt_shim_scanner: system/main/shim/le_scanning_manager.cc:311 SetScanParameters: in shim layer, scannerId1m=1, scannerIdCoded=0
06-24 11:05:20.698  1044  1283 I bt_shim_scanner: system/main/shim/le_scanning_manager.cc:147 Scan: in shim layer started
06-24 11:05:20.702  1044  1260 I bluetooth: system/gd/hci/le_scanning_manager.cc:601 stop_scan: Scanning already stopped, return!
06-24 11:05:20.717  1044  1260 I bluetooth: system/gd/hci/le_address_manager.cc:576 GetNextPrivateAddressIntervalRange: client=LeAddressManager, nonwake=7m12s, wake=14m46s
06-24 11:05:20.717  1044  1260 I bluetooth: system/gd/hci/le_address_manager.cc:259 register_client: Scheduled address rotation for first client registered
06-24 11:05:20.717  1044  1260 I bluetooth: system/gd/hci/le_address_manager.cc:263 register_client: Client registered
06-24 11:05:20.722  6711  6711 I d.process.acore: AssetManager2(0xb400006fba63cb58) locale list changing from [] to [en-US]
06-24 11:05:20.732   629  2067 I ImeTracker: system_server:f32452dc: onRequestHide at ORIGIN_SERVER reason IME_REQUESTED_CHANGED_LISTENER fromUser false
06-24 11:05:20.765  2008  2008 I GoogleInputMethodService: GoogleInputMethodService.onFinishInputView():1524
06-24 11:05:20.766  2008  2008 I GlobeKeyExtension: GlobeKeyExtension.onDeactivate():104
06-24 11:05:20.769  2008  2008 I VoiceInputManagerWrapper: VoiceInputManagerWrapper.shutdown():122 shutdown()
06-24 11:05:20.771  2008  2008 W TooltipLifecycleManager: TooltipLifecycleManager.dismissTooltips():154 Tooltip with id spell_check_add_to_dictionary not found in tooltipManager.
06-24 11:05:20.773  2008  2008 I AndroidIME: AbstractIme.onDeactivate():203 PasswordIme.onDeactivate()
06-24 11:05:20.774  2008  2008 W TooltipLifecycleManager: TooltipLifecycleManager.dismissTooltips():154 Tooltip with id undo_access_point_promotion_banner not found in tooltipManager.
06-24 11:05:20.783  2008  2008 I ImeTracker: system_server:f32452dc: onHidden
06-24 11:05:20.784   629   686 I ImeTracker: system_server:d169b756: onRequestShow at ORIGIN_SERVER reason CONTROLS_CHANGED fromUser false
06-24 11:05:20.787  2008  2008 I KeyboardModeUtils: KeyboardModeUtils.getKeyboardBottomOffset():437 inch: 0.000000 ydpi: 420.000000 adjustKeyboardBottomByDisplaySize: false currentDensityDpi: 420 defaultDensityDpi: 420 keyboardBottomToScreenPx: 0 keyboardBottomToNavBarPx: -126 navBarHeight: 126
06-24 11:05:20.788  6574  6574 D IdlingRegistry: Unregistering idling resources: [androidx.test.espresso.action.CloseKeyboardAction$CloseKeyboardIdlingResult@ef4261f]
06-24 11:05:20.793  6711  6711 D nativeloader: Configuring clns-shared-12 for other apk /system/priv-app/E2eeContactKeysProvider/E2eeContactKeysProvider.apk. target_sdk_version=36, uses_libraries=, library_path=/system/priv-app/E2eeContactKeysProvider/lib/arm64:/system/lib64:/system_ext/lib64, permitted_path=/data:/mnt/expand:/data/user/0/com.android.providers.contactkeys:/system/priv-app/E2eeContactKeysProvider:/system/lib64:/system_ext/lib64
06-24 11:05:20.793   629   674 W System  : A resource failed to call close.
06-24 11:05:20.795  2008  2008 I KeyboardHeightUtil: KeyboardHeightUtil.calculateMaxKeyboardBodyHeight():46 leave 281 height for app when ime window height:2211, header height:116 and isFullscreenMode:false, so the max keyboard body height is:1814
06-24 11:05:20.796  2008  2008 I KeyboardHeightUtil: KeyboardHeightUtil.calculateMaxKeyboardBodyHeight():46 leave 281 height for app when ime window height:2211, header height:116 and isFullscreenMode:false, so the max keyboard body height is:1814
06-24 11:05:20.803  6574  6574 I ViewInteraction: Performing 'single click' action on view view.getId() is <2131230808/com.example.loginapp:id/buttonLogin>
06-24 11:05:20.830  6574  6574 I ImeTracker: system_server:d169b756: onCancelled at PHASE_CLIENT_ON_CONTROLS_CHANGED
06-24 11:05:20.839  6474  6607 V ClearcutMetricXmitter: Transmission is done.
06-24 11:05:20.857  6711  6727 I PhoneAccountHandleMigrationUtils_CallLogDatabaseHelper: updatePhoneAccountHandleMigrationPendingStatus false
06-24 11:05:20.900  6711  6730 I PhoneAccountHandleMigrationUtils_CallLogDatabaseHelper: updatePhoneAccountHandleMigrationPendingStatus false
06-24 11:05:20.904  6711  6729 I PhoneAccountHandleMigrationUtils_CallLogDatabaseHelper: updatePhoneAccountHandleMigrationPendingStatus false
06-24 11:05:20.921   629   690 I system_server: AssetManager2(0xb400006fba6cc118) locale list changing from [] to [en-US]
06-24 11:05:20.945  1841  6537 I Icing   : Indexing com.google.android.gms-apps from com.google.android.gms
06-24 11:05:20.948  6711  6727 I CallLogProvider: syncEntriesFrom: fromUserId=0, srcIsShadow=true, forAllUsers=false; previousTimeStamp=0, newTimeStamp=0, entries=0
06-24 11:05:20.998   629   677 V GrammaticalInflectionUtils: AttributionSource: android.content.AttributionSource@ce3256cc does not have READ_SYSTEM_GRAMMATICAL_GENDER permission.
06-24 11:05:21.006  6711  6711 I ContactsDatabaseHelper: updateUseStrictPhoneNumberComparison: US
06-24 11:05:21.007  6711  6727 I CallLogProvider: delete uid/pid=10095/6711, uri=content://call_log_shadow/calls, numChanged=0
06-24 11:05:21.029   477   545 I BpBinder: onLastStrongRef automatically unlinking death recipients:
06-24 11:05:21.043   477   477 I BpBinder: onLastStrongRef automatically unlinking death recipients:
06-24 11:05:21.058  6574  6574 D LifecycleMonitor: Lifecycle status change: com.example.loginapp.MainActivity@cc0569c in: PAUSED
06-24 11:05:21.060  6574  6574 V ActivityScenario: Update currentActivityStage to PAUSED, currentActivity=com.example.loginapp.MainActivity@cc0569c
06-24 11:05:21.078  6711  6727 I CallLogProvider: Syncing call composer pics -- source user=0, isShadow=true, forAllUser=false
06-24 11:05:21.084  6711  6727 I CallLogProvider: Fetching list of Uris to sync
06-24 11:05:21.098  6711  6727 I CallLogProvider: Will sync following Uris:[]
06-24 11:05:21.098  6711  6727 I CallLogProvider: Syncing call composer pics -- got []
06-24 11:05:21.103  6574  6574 I xample.loginapp: AssetManager2(0xb400006fba646478) locale list changing from [] to [en-US]
06-24 11:05:21.106  6574  6574 D LifecycleMonitor: Lifecycle status change: com.example.loginapp.MainMenuActivity@d672359 in: PRE_ON_CREATE
06-24 11:05:21.107  6574  6574 V ActivityScenario: Activity lifecycle changed event received but ignored because the intent does not match. startActivityIntent=Intent { act=android.intent.action.MAIN cat=[android.intent.category.LAUNCHER] flg=0x10008000 cmp=com.example.loginapp/.MainActivity }, activity.getIntent()=Intent { xflg=0x4 cmp=com.example.loginapp/.MainMenuActivity }, activity=com.example.loginapp.MainMenuActivity@d672359
06-24 11:05:21.174   629  2067 W AS.PlaybackActivityMon: No piid assigned for invalid/internal port id 15
06-24 11:05:21.189  6574  6574 D LifecycleMonitor: Lifecycle status change: com.example.loginapp.MainMenuActivity@d672359 in: CREATED
06-24 11:05:21.189  6574  6574 V ActivityScenario: Activity lifecycle changed event received but ignored because the intent does not match. startActivityIntent=Intent { act=android.intent.action.MAIN cat=[android.intent.category.LAUNCHER] flg=0x10008000 cmp=com.example.loginapp/.MainActivity }, activity.getIntent()=Intent { xflg=0x4 cmp=com.example.loginapp/.MainMenuActivity }, activity=com.example.loginapp.MainMenuActivity@d672359
06-24 11:05:21.192  6574  6574 D LifecycleMonitor: Lifecycle status change: com.example.loginapp.MainMenuActivity@d672359 in: STARTED
06-24 11:05:21.193  6574  6574 V ActivityScenario: Activity lifecycle changed event received but ignored because the intent does not match. startActivityIntent=Intent { act=android.intent.action.MAIN cat=[android.intent.category.LAUNCHER] flg=0x10008000 cmp=com.example.loginapp/.MainActivity }, activity.getIntent()=Intent { xflg=0x4 cmp=com.example.loginapp/.MainMenuActivity }, activity=com.example.loginapp.MainMenuActivity@d672359
06-24 11:05:21.204  6574  6574 D LifecycleMonitor: Lifecycle status change: com.example.loginapp.MainMenuActivity@d672359 in: RESUMED
06-24 11:05:21.204  6574  6574 V ActivityScenario: Activity lifecycle changed event received but ignored because the intent does not match. startActivityIntent=Intent { act=android.intent.action.MAIN cat=[android.intent.category.LAUNCHER] flg=0x10008000 cmp=com.example.loginapp/.MainActivity }, activity.getIntent()=Intent { xflg=0x4 cmp=com.example.loginapp/.MainMenuActivity }, activity=com.example.loginapp.MainMenuActivity@d672359
06-24 11:05:21.290  1841  6537 I Icing   : Indexing done com.google.android.gms-apps
06-24 11:05:21.309  2008  2008 W TooltipLifecycleManager: TooltipLifecycleManager.dismissTooltips():154 Tooltip with id undo_access_point_promotion_banner not found in tooltipManager.
06-24 11:05:21.314  6711  6711 I ContactsDatabaseHelper: updateUseStrictPhoneNumberComparison: US
06-24 11:05:21.374   629   686 I ImeTracker: system_server:bd373914: onRequestShow at ORIGIN_SERVER reason CONTROLS_CHANGED fromUser false
06-24 11:05:21.390   629   677 I ImeTracker: system_server:be18b61b: onRequestHide at ORIGIN_SERVER reason IME_REQUESTED_CHANGED_LISTENER fromUser false
06-24 11:05:21.395   629   685 I ImeTracker: system_server:be18b61b: onCancelled at PHASE_SERVER_SHOULD_HIDE
06-24 11:05:21.473  6711  6732 D ContactsDatabaseHelper: WAL enabled for contacts2.db: true
06-24 11:05:21.481  6574  6574 I ImeTracker: system_server:bd373914: onCancelled at PHASE_CLIENT_ON_CONTROLS_CHANGED
06-24 11:05:21.538   629   682 I ActivityTaskManager: Displayed com.example.loginapp/.MainMenuActivity for user 0: +482ms
06-24 11:05:21.628   429   461 I RanchuHwc: logCompositionFallbackIfChanged: layer 11 CompositionType fallback from 2 to 1
06-24 11:05:21.628   429   461 I RanchuHwc: logCompositionFallbackIfChanged: layer 20 CompositionType fallback from 2 to 1
06-24 11:05:21.749  6711  6732 I PhoneAccountHandleMigrationUtils_ContactsDatabaseHelper: updatePhoneAccountHandleMigrationPendingStatus false
06-24 11:05:21.752  3391  3391 W binder:3391_1: type=1400 audit(0.0:632): avc:  denied  { read } for  name="u:object_r:system_adbd_prop:s0" dev="tmpfs" ino=325 scontext=u:r:gmscore_app:s0:c512,c768 tcontext=u:object_r:system_adbd_prop:s0 tclass=file permissive=0 app=com.google.android.gms
06-24 11:05:21.769  3391  3413 W libc    : Access denied finding property "persist.adb.tls_server.enable"
06-24 11:05:21.793   629   773 I ImeTracker: com.example.loginapp:8311aa3: onRequestHide at ORIGIN_SERVER reason HIDE_UNSPECIFIED_WINDOW fromUser false
06-24 11:05:21.807  6574  6574 D InsetsController: hide(ime(), fromIme=false)
06-24 11:05:21.808  6574  6574 I ImeTracker: com.example.loginapp:8311aa3: onCancelled at PHASE_CLIENT_ALREADY_HIDDEN
06-24 11:05:21.820  6574  6574 I ViewInteraction: Checking 'MatchesViewAssertion{viewMatcher=an instance of android.widget.TextView and view.getText() with or without transformation to match: is "Hauptmenü"}' assertion on view view.getId() is <2131230937/com.example.loginapp:id/mainMenuTitle>
06-24 11:05:21.835   629  1821 I system_server: AssetManager2(0xb400006fba6cd0b8) locale list changing from [] to [en-US]
06-24 11:05:21.837   629  1821 V GrammaticalInflectionUtils: AttributionSource: android.content.AttributionSource@cfe72f6b does not have READ_SYSTEM_GRAMMATICAL_GENDER permission.
06-24 11:05:21.879   477   564 I BpBinder: onLastStrongRef automatically unlinking death recipients:
06-24 11:05:21.884  3451  3593 I ndroid.systemui: AssetManager2(0xb400006fba663c58) locale list changing from [] to [en-US]
06-24 11:05:21.919   629   685 V GrammaticalInflectionUtils: AttributionSource: android.content.AttributionSource@cfe72f6b does not have READ_SYSTEM_GRAMMATICAL_GENDER permission.
06-24 11:05:22.006   406   406 D Zygote  : Forked child process 6737
06-24 11:05:22.008  6574  6574 D LifecycleMonitor: Lifecycle status change: com.example.loginapp.MainMenuActivity@d672359 in: PAUSED
06-24 11:05:22.009  6574  6574 V ActivityScenario: Activity lifecycle changed event received but ignored because the intent does not match. startActivityIntent=Intent { act=android.intent.action.MAIN cat=[android.intent.category.LAUNCHER] flg=0x10008000 cmp=com.example.loginapp/.MainActivity }, activity.getIntent()=Intent { xflg=0x4 cmp=com.example.loginapp/.MainMenuActivity }, activity=com.example.loginapp.MainMenuActivity@d672359
06-24 11:05:22.017  1002  1195 D ApfFilter: (wlan0): Adding RA fe80::2 -> ff02::1 1800s fec0::/64 86400s/14400s DNS 1200000s fec0::3
06-24 11:05:22.042  2008  2008 I GoogleInputMethodService: GoogleInputMethodService.onFinishInput():2043
06-24 11:05:22.108   629  1780 I ImeTracker: system_server:fade03cb: onRequestHide at ORIGIN_SERVER reason IME_REQUESTED_CHANGED_LISTENER fromUser false
06-24 11:05:22.113  6574  6574 W RemoteInputConnectionImpl: requestCursorUpdates on inactive InputConnection
06-24 11:05:22.119  2008  2008 I Module  : DeviceLockedStatusModuleProvider$Module.updateDeviceLockedStatus():100 repeatCheckTimes = 0, locked = false
06-24 11:05:22.121  2008  2008 I GoogleInputMethodService: GoogleInputMethodService.onStartInput():1293 onStartInput(EditorInfo{EditorInfo{packageName=com.example.loginapp, inputType=0, inputTypeString=NULL, enableLearning=false, autoCorrection=false, autoComplete=false, imeOptions=0, privateImeOptions=null, actionName=UNSPECIFIED, actionLabel=null, initialSelStart=-1, initialSelEnd=-1, initialCapsMode=0, label=null, fieldId=0, fieldName=null, extras=null, hintText=null, hintLocales=[]}}, false)
06-24 11:05:22.124  2008  2008 I HardKeyTracker: HardKeyTracker.registerKeySequence():138 Register key sequence lsr{labelResId=0, callback=fjq@14e9575, lastModifier=0, keyCodes=[57, 57], actions=[1, 0]}
06-24 11:05:22.124  2008  2008 I HardKeyTracker: HardKeyTracker.registerKeySequence():138 Register key sequence lsr{labelResId=0, callback=fjq@376bf98, lastModifier=0, keyCodes=[58, 58], actions=[1, 0]}
06-24 11:05:22.126  2008  2008 I Module  : DeviceLockedStatusModuleProvider$Module.updateDeviceLockedStatus():100 repeatCheckTimes = 1, locked = false
06-24 11:05:22.141   629   685 I ImeTracker: system_server:fade03cb: onCancelled at PHASE_SERVER_SHOULD_HIDE
06-24 11:05:22.148  6574  6574 D VRI[MainActivity]: visibilityChanged oldVisibility=true newVisibility=false
06-24 11:05:22.156   551   551 W IPCThreadState: Sending oneway calls to frozen process.
06-24 11:05:22.190   629   774 I system_server: AssetManager2(0xb400006fba6c7c58) locale list changing from [] to [en-US]
06-24 11:05:22.240  6737  6737 I e.loginapp.test: Late-enabling -Xcheck:jni
06-24 11:05:22.265  6711  6732 I ContactLocale: AddressBook Labels [[en_US]]: […, A, B, C, D, E, F, G, H, I, J, K, L, M, N, O, P, Q, R, S, T, U, V, W, X, Y, Z, Α, Β, Γ, Δ, Ε, Ζ, Η, Θ, Ι, Κ, Λ, Μ, Ν, Ξ, Ο, Π, Ρ, Σ, Τ, Υ, Φ, Χ, Ψ, Ω, …, А, Б, В, Г, Д, Ђ, Е, Є, Ж, З, И, І, Й, Ј, К, Л, Љ, М, Н, Њ, О, П, Р, С, Т, Ћ, У, Ф, Х, Ц, Ч, Џ, Ш, Щ, Ю, Я, …, א, ב, ג, ד, ה, ו, ז, ח, ט, י, כ, ל, מ, נ, ס, ע, פ, צ, ק, ר, ש, ת, …, ا, ب, ت, ث, ج, ح, خ, د, ذ, ر, ز, س, ش, ص, ض, ط, ظ, ع, غ, ف, ق, ك, ل, م, ن, ه, و, ي, …, ก, ข, ฃ, ค, ฅ, ฆ, ง, จ, ฉ, ช, ซ, ฌ, ญ, ฎ, ฏ, ฐ, ฑ, ฒ, ณ, ด, ต, ถ, ท, ธ, น, บ, ป, ผ, ฝ, พ, ฟ, ภ, ม, ย, ร, ฤ, ล, ฦ, ว, ศ, ษ, ส, ห, ฬ, อ, ฮ, …, ㄱ, ㄴ, ㄷ, ㄹ, ㅁ, ㅂ, ㅅ, ㅇ, ㅈ, ㅊ, ㅋ, ㅌ, ㅍ, ㅎ, …, あ, か, さ, た, な, は, ま, や, ら, わ, #, …]
06-24 11:05:22.306   629   774 I system_server: AssetManager2(0xb400006fba6c9878) locale list changing from [] to [en-US]
06-24 11:05:22.355  6737  6737 I e.loginapp.test: Using CollectorTypeCMC GC.
06-24 11:05:22.373   479   497 I adbd    : jdwp connection from 6737
06-24 11:05:22.384   479   479 W adbd    : type=1400 audit(0.0:633): avc:  denied  { getattr } for  path="/sys/fs/cgroup/apps/uid_10218/pid_6737/cgroup.freeze" dev="cgroup2" ino=10499 scontext=u:r:adbd:s0 tcontext=u:object_r:cgroup_v2:s0 tclass=file permissive=0
06-24 11:05:22.412  6737  6737 D nativeloader: Load libframework-connectivity-tiramisu-jni.so using APEX ns com_android_tethering for caller /apex/com.android.tethering/javalib/framework-connectivity-t.jar: ok
06-24 11:05:22.441  6711  6732 D ContactsDatabaseHelper: WAL enabled for profile.db: false
06-24 11:05:22.491  6737  6737 I ActivityThread: Relaunch all activities: onCoreSettingsChange
06-24 11:05:22.495  6737  6737 D CompatChangeReporter: Compat change id reported: 242716250; UID 10218; state: ENABLED
06-24 11:05:22.514  2864  2868 W .gms.persistent: Suspending all threads took: 46.891ms
06-24 11:05:22.533  6737  6737 D ApplicationLoaders: Returning zygote-cached class loader: /system/framework/android.test.base.jar
06-24 11:05:22.542  6737  6737 D nativeloader: Configuring clns-9 for other apk /system/framework/android.test.mock.jar. target_sdk_version=34, uses_libraries=ALL, library_path=/data/app/~~hw7c_9zF9ZcUxrlVqwkhLg==/com.example.loginapp.test-8Nhvof7iLu3A1YqDP50kzQ==/lib/arm64, permitted_path=/data:/mnt/expand:/data/user/0/com.example.loginapp.test
06-24 11:05:22.545  6737  6737 D ApplicationLoaders: Returning zygote-cached class loader: /system/framework/android.test.base.jar
06-24 11:05:22.549  6737  6737 D nativeloader: Configuring clns-10 for other apk /system/framework/android.test.runner.jar. target_sdk_version=34, uses_libraries=ALL, library_path=/data/app/~~hw7c_9zF9ZcUxrlVqwkhLg==/com.example.loginapp.test-8Nhvof7iLu3A1YqDP50kzQ==/lib/arm64, permitted_path=/data:/mnt/expand:/data/user/0/com.example.loginapp.test
06-24 11:05:22.594  2864  3260 W .gms.persistent: Weak pointer dereference blocked for 29 milliseconds.
06-24 11:05:22.602  6737  6737 D nativeloader: Configuring clns-11 for other apk /data/app/~~hw7c_9zF9ZcUxrlVqwkhLg==/com.example.loginapp.test-8Nhvof7iLu3A1YqDP50kzQ==/base.apk. target_sdk_version=34, uses_libraries=, library_path=/data/app/~~hw7c_9zF9ZcUxrlVqwkhLg==/com.example.loginapp.test-8Nhvof7iLu3A1YqDP50kzQ==/lib/arm64, permitted_path=/data:/mnt/expand:/data/user/0/com.example.loginapp.test
06-24 11:05:22.609  6737  6737 I e.loginapp.test: AssetManager2(0xb400006fba635df8) locale list changing from [] to [en-US]
06-24 11:05:22.621  6737  6737 V GraphicsEnvironment: Currently set values for:
06-24 11:05:22.622  6737  6737 V GraphicsEnvironment:   angle_gl_driver_selection_pkgs=[]
06-24 11:05:22.622  6737  6737 V GraphicsEnvironment:   angle_gl_driver_selection_values=[]
06-24 11:05:22.622  6737  6737 V GraphicsEnvironment: com.example.loginapp.test is not listed in per-application setting
06-24 11:05:22.623  6737  6737 V GraphicsEnvironment: ANGLE allowlist from config:
06-24 11:05:22.623  6737  6737 V GraphicsEnvironment: com.example.loginapp.test is not listed in ANGLE allowlist or settings, returning default
06-24 11:05:22.624  6737  6737 V GraphicsEnvironment: Neither updatable production driver nor prerelease driver is supported.
06-24 11:05:22.739  1841  1841 D BoundBrokerSvc: onUnbind: Intent { act=com.google.android.gms.safetynet.service.START xflg=0x4 pkg=com.google.android.gms }
06-24 11:05:22.789  6737  6737 I e.loginapp.test: AssetManager2(0xb400006fba63edb8) locale list changing from [] to [en-US]
06-24 11:05:22.793  2537  2537 I Finsky:background: [2] Memory trim requested to level 40
06-24 11:05:22.794  3451  3524 I ndroid.systemui: AssetManager2(0xb400006fba661d18) locale list changing from [] to [en-US]
06-24 11:05:22.814  6737  6737 E ashmem  : Pinning is deprecated since Android Q. Please use trim or other methods.
06-24 11:05:22.827  3451  3524 I ndroid.systemui: AssetManager2(0xb400006fba6616d8) locale list changing from [] to [en-US]
06-24 11:05:22.834  6311  6311 I Finsky  : [2] Memory trim requested to level 40
06-24 11:05:22.860  6737  6737 E e.loginapp.test: Invalid resource ID 0x00000000.
06-24 11:05:22.874  6737  6737 D DesktopModeFlags: Toggle override initialized to: OVERRIDE_UNSET
06-24 11:05:22.908  1002  1006 W rkstack.process: Suspending all threads took: 58.380ms
06-24 11:05:22.932  6711  6732 V ContactsProvider: 0 Dangling Contacts have been cleaned up.
06-24 11:05:22.955  6737  6737 W HWUI    : Unknown dataspace 0
06-24 11:05:22.987  6737  6752 I EGL_emulation: Opening libGLESv1_CM_emulation.so
06-24 11:05:22.988  6737  6752 I EGL_emulation: Opening libGLESv2_emulation.so
06-24 11:05:22.998  6311  6311 I Finsky  : [2] Flushing in-memory image cache
06-24 11:05:23.036  6737  6752 W HWUI    : Failed to choose config with EGL_SWAP_BEHAVIOR_PRESERVED, retrying without...
06-24 11:05:23.041  6737  6752 W HWUI    : Failed to initialize 101010-2 format, error = EGL_SUCCESS
06-24 11:05:23.098  2864  2874 I IPCThreadState: oneway function results for code 1 on binder at 0xb400006f8a694170 will be dropped but finished with status UNKNOWN_TRANSACTION and reply parcel size 80
06-24 11:05:23.148   477   545 I BpBinder: onLastStrongRef automatically unlinking death recipients:
06-24 11:05:23.152   477   545 W ServiceManagerCppClient: Permission failure: android.permission.ACCESS_SURFACE_FLINGER from uid=10218 pid=0
06-24 11:05:23.152   477   545 D PermissionCache: checking android.permission.ACCESS_SURFACE_FLINGER for uid=10218 => denied (357 us)
06-24 11:05:23.152   477   545 W ServiceManagerCppClient: Permission failure: android.permission.ROTATE_SURFACE_FLINGER from uid=10218 pid=0
06-24 11:05:23.152   477   545 D PermissionCache: checking android.permission.ROTATE_SURFACE_FLINGER for uid=10218 => denied (272 us)
06-24 11:05:23.152   477   545 W ServiceManagerCppClient: Permission failure: android.permission.INTERNAL_SYSTEM_WINDOW from uid=10218 pid=0
06-24 11:05:23.152   477   545 D PermissionCache: checking android.permission.INTERNAL_SYSTEM_WINDOW for uid=10218 => denied (250 us)
06-24 11:05:23.183  1841  1841 D BoundBrokerSvc: onUnbind: Intent { act=com.google.android.gms.feedback.internal.IFeedbackService dat=chimera-action:/... xflg=0x4 cmp=com.google.android.gms/.chimera.GmsBoundBrokerService }
06-24 11:05:23.215   629  1146 W ServiceManagerCppClient: Permission failure: android.permission.ACCESS_SURFACE_FLINGER from uid=10218 pid=0
06-24 11:05:23.215   629  1146 D PermissionCache: checking android.permission.ACCESS_SURFACE_FLINGER for uid=10218 => denied (530 us)
06-24 11:05:23.215   629  1146 W ServiceManagerCppClient: Permission failure: android.permission.ROTATE_SURFACE_FLINGER from uid=10218 pid=0
06-24 11:05:23.216   629  1146 D PermissionCache: checking android.permission.ROTATE_SURFACE_FLINGER for uid=10218 => denied (106 us)
06-24 11:05:23.216   629  1146 W ServiceManagerCppClient: Permission failure: android.permission.INTERNAL_SYSTEM_WINDOW from uid=10218 pid=0
06-24 11:05:23.216   629  1146 D PermissionCache: checking android.permission.INTERNAL_SYSTEM_WINDOW for uid=10218 => denied (84 us)
06-24 11:05:23.246  6574  6574 D LifecycleMonitor: Lifecycle status change: com.example.loginapp.MainMenuActivity@d672359 in: RESUMED
06-24 11:05:23.255  6574  6574 V ActivityScenario: Activity lifecycle changed event received but ignored because the intent does not match. startActivityIntent=Intent { act=android.intent.action.MAIN cat=[android.intent.category.LAUNCHER] flg=0x10008000 cmp=com.example.loginapp/.MainActivity }, activity.getIntent()=Intent { xflg=0x4 cmp=com.example.loginapp/.MainMenuActivity }, activity=com.example.loginapp.MainMenuActivity@d672359
06-24 11:05:23.267   629   773 I ImeTracker: com.example.loginapp:952e8d60: onRequestHide at ORIGIN_SERVER reason HIDE_SAME_WINDOW_FOCUSED_WITHOUT_EDITOR fromUser false
06-24 11:05:23.274  6574  6574 D InsetsController: hide(ime(), fromIme=false)
06-24 11:05:23.274  6574  6574 I ImeTracker: com.example.loginapp:952e8d60: onCancelled at PHASE_CLIENT_ALREADY_HIDDEN
06-24 11:05:23.280  2008  2791 I ShortcutsDataManager: AbstractContentDataManager.importRecords():349 importRecords() : Success : Count = 0
06-24 11:05:23.289  6311  6311 I Finsky  : [2] SCH: job service start with id 9125.
06-24 11:05:23.300  2008  2008 I GoogleInputMethodService: GoogleInputMethodService.onFinishInput():2043
06-24 11:05:23.313  2008  2008 I Module  : DeviceLockedStatusModuleProvider$Module.updateDeviceLockedStatus():100 repeatCheckTimes = 0, locked = false
06-24 11:05:23.315  2008  2008 I GoogleInputMethodService: GoogleInputMethodService.onStartInput():1293 onStartInput(EditorInfo{EditorInfo{packageName=com.example.loginapp, inputType=0, inputTypeString=NULL, enableLearning=false, autoCorrection=false, autoComplete=false, imeOptions=0, privateImeOptions=null, actionName=UNSPECIFIED, actionLabel=null, initialSelStart=-1, initialSelEnd=-1, initialCapsMode=0, label=null, fieldId=0, fieldName=null, extras=null, hintText=null, hintLocales=[]}}, false)
06-24 11:05:23.318   629   773 I ImeTracker: com.example.loginapp:6c67048: onRequestHide at ORIGIN_SERVER reason HIDE_SAME_WINDOW_FOCUSED_WITHOUT_EDITOR fromUser false
06-24 11:05:23.319  2008  2008 I Module  : DeviceLockedStatusModuleProvider$Module.updateDeviceLockedStatus():100 repeatCheckTimes = 1, locked = false
06-24 11:05:23.325  4006  4015 W .apps.wellbeing: Suspending all threads took: 23.484ms
06-24 11:05:23.325  2008  2008 I GoogleInputMethodService: GoogleInputMethodService.onFinishInput():2043
06-24 11:05:23.326  2008  2008 I Module  : DeviceLockedStatusModuleProvider$Module.updateDeviceLockedStatus():100 repeatCheckTimes = 0, locked = false
06-24 11:05:23.329  2008  2008 I GoogleInputMethodService: GoogleInputMethodService.onStartInput():1293 onStartInput(EditorInfo{EditorInfo{packageName=com.example.loginapp, inputType=0, inputTypeString=NULL, enableLearning=false, autoCorrection=false, autoComplete=false, imeOptions=0, privateImeOptions=null, actionName=UNSPECIFIED, actionLabel=null, initialSelStart=-1, initialSelEnd=-1, initialCapsMode=0, label=null, fieldId=0, fieldName=null, extras=null, hintText=null, hintLocales=[]}}, false)
06-24 11:05:23.330  2008  2008 I Module  : DeviceLockedStatusModuleProvider$Module.updateDeviceLockedStatus():100 repeatCheckTimes = 1, locked = false
06-24 11:05:23.331  6574  6574 D InsetsController: hide(ime(), fromIme=false)
06-24 11:05:23.332  6574  6574 I ImeTracker: com.example.loginapp:6c67048: onCancelled at PHASE_CLIENT_ALREADY_HIDDEN
06-24 11:05:23.426  6574  6579 W xample.loginapp: Suspending all threads took: 9.411ms
06-24 11:05:23.456  4006  4559 W WellbeingSettingsProvid: <DWB> Call failed: get_actions
06-24 11:05:23.456  4006  4559 W WellbeingSettingsProvid: java.util.concurrent.TimeoutException: Waited 5000 milliseconds (plus 5 milliseconds, 24753 nanoseconds delay) for lqt@4ed1381[status=PENDING, info=[inputFuture=[lqs@ba8cc26[status=PENDING, setFuture=[lqa@76b067[status=PENDING, info=[inputFuture=[lqt@2f2ae14[status=PENDING, info=[inputFuture=[lqt@9d666bd[status=PENDING, info=[inputFuture=[lrn@6c584b2[status=PENDING, info=[futures=[lqt@433ec03[status=PENDING, info=[inputFuture=[lqt@9569780[status=PENDING, info=[inputFuture=[lsm@907b1b9[status=PENDING, info=[delegate=[ltr@e8339fe[status=PENDING, info=[task=[running=[NOT STARTED YET], propagating=[bxz@1ff455f]]]]]]]], function=[propagating=[bxj@74dabac]]]]], function=[propagating=[dfl@968b075]]]]]]]], function=[propagating=[cxt@6d4f80a]]]]], function=[propagating=[buz@dfcd87b]]]]], exceptionType=[class java.lang.Throwable], fallback=[propagating=[bxy@8bfd698]]]]]]], function=[propagating=[buz@ea0def1]]]]
06-24 11:05:23.456  4006  4559 W WellbeingSettingsProvid: 	at lqq.get(PG:52)
06-24 11:05:23.456  4006  4559 W WellbeingSettingsProvid: 	at lse.get(PG:2)
06-24 11:05:23.456  4006  4559 W WellbeingSettingsProvid: 	at com.google.android.apps.wellbeing.api.impl.WellbeingSettingsProvider.i(PG:9)
06-24 11:05:23.456  4006  4559 W WellbeingSettingsProvid: 	at com.google.android.apps.wellbeing.api.impl.WellbeingSettingsProvider.call(PG:154)
06-24 11:05:23.456  4006  4559 W WellbeingSettingsProvid: 	at android.content.ContentProvider.call(ContentProvider.java:2709)
06-24 11:05:23.456  4006  4559 W WellbeingSettingsProvid: 	at android.content.ContentProvider$Transport.call(ContentProvider.java:638)
06-24 11:05:23.456  4006  4559 W WellbeingSettingsProvid: 	at android.content.ContentProviderNative.onTransact(ContentProviderNative.java:307)
06-24 11:05:23.456  4006  4559 W WellbeingSettingsProvid: 	at android.os.Binder.execTransactInternal(Binder.java:1421)
06-24 11:05:23.456  4006  4559 W WellbeingSettingsProvid: 	at android.os.Binder.execTransact(Binder.java:1365)
06-24 11:05:23.468  2008  2791 I ShortcutsDataManager: AbstractContentDataManager.importContentData():298 importContentData() : Ending import process
06-24 11:05:23.524  2008  2683 I Delight5Decoder: Delight5DecoderWrapper.unloadLanguageModel():957 unloadLanguageModel() : 4, version [n/a]
06-24 11:05:23.604   629   808 D InetDiagMessage: Destroyed 0 sockets, proto=IPPROTO_TCP, family=AF_INET, states=14
06-24 11:05:23.612   629   808 D InetDiagMessage: Destroyed 0 sockets, proto=IPPROTO_TCP, family=AF_INET6, states=14
06-24 11:05:23.621  6311  6505 I Finsky  : [152] SCH: Satisfied jobs for 9125 are: 12-1
06-24 11:05:23.622  6574  6579 I xample.loginapp: CollectorTransition concurrent mark compact GC freed 1313KB AllocSpace bytes, 0(0B) LOS objects, 49% free, 3581KB/7163KB, paused 18.189ms,12.727ms total 650.316ms
06-24 11:05:23.653  3451  3593 W WindowOnBackDispatcher: sendCancelIfRunning: isInProgress=false callback=android.view.ViewRootImpl$$ExternalSyntheticLambda13@eb8ffc1
06-24 11:05:23.653   629   808 D InetDiagMessage: Destroyed live tcp sockets for uids={10142} in 50ms
06-24 11:05:23.655   551  2872 W IPCThreadState: Sending oneway calls to frozen process.
06-24 11:05:23.692  6311  6760 I Finsky  : [161] SCH: Job 12-1 starting
06-24 11:05:23.697  6311  6311 I Finsky  : [2] [ContentSync] job started
06-24 11:05:23.801  2008  2791 I PersonalLanguageModelUpdater: PersonalLanguageModelUpdater$UpdateOperation.performInternal():165 run() : Added 0 words and 0 shortcuts
06-24 11:05:23.801  2008  2791 I DynamicLanguageModelOperation: DynamicLanguageModelOperation.perform():43 perform() : 4 : dqh : Completed
06-24 11:05:23.801  2008  2683 I Delight5Decoder: Delight5DecoderWrapper.loadLanguageModel():740 loadLanguageModel() : 4, version [n/a]
06-24 11:05:23.804  2008  2683 I Delight5Decoder: Delight5DecoderWrapper.loadLanguageModel():785 Loaded dynamic LM 4.en
06-24 11:05:23.817  2008  2008 I ShortcutsDataManager: AbstractContentDataManager$ImportContentTask.onPostExecute():269 onPostExecute() : Result = [2,0]
06-24 11:05:23.818  2008  2008 I ShortcutsDataManager: ShortcutsDataManager.onImportFinished():82 onImportFinished() : Result = 2 : Count = 0
06-24 11:05:23.829  6737  6737 D VRI[InstrumentationActivityInvoker$EmptyActivity]: visibilityChanged oldVisibility=true newVisibility=false
06-24 11:05:23.858  6574  6574 I AutofillManager: onInvisibleForAutofill(): expiringResponse
06-24 11:05:23.860  6574  6574 D LifecycleMonitor: Lifecycle status change: com.example.loginapp.MainActivity@cc0569c in: STOPPED
06-24 11:05:23.861  6574  6574 V ActivityScenario: Update currentActivityStage to STOPPED, currentActivity=com.example.loginapp.MainActivity@cc0569c
06-24 11:05:23.864  6574  6574 D LifecycleMonitor: Lifecycle status change: com.example.loginapp.MainActivity@cc0569c in: DESTROYED
06-24 11:05:23.864  6574  6574 V ActivityScenario: Update currentActivityStage to DESTROYED, currentActivity=null
06-24 11:05:23.864  6574  6574 W WindowOnBackDispatcher: sendCancelIfRunning: isInProgress=false callback=android.view.ViewRootImpl$$ExternalSyntheticLambda13@d5d8d23
06-24 11:05:23.867  6737  6737 W WindowOnBackDispatcher: sendCancelIfRunning: isInProgress=false callback=android.view.ViewRootImpl$$ExternalSyntheticLambda13@1253abe
06-24 11:05:23.869  6574  6619 I TestRunner: finished: loginNavigatesToMainMenu(com.example.loginapp.LoginTest)
